<html>
<body>
<pre>
<h1>µVision Build Log</h1>
<h2>Tool Versions:</h2>
IDE-Version: µVision V5.36.0.0
Copyright (C) 2021 ARM Ltd and ARM Germany GmbH. All rights reserved.
License Information: Antonio Velarte UNIZAR Flex license: MDK Professional 5.36 (Flex) (mdk_pro) Operation stops: 25 Nov 2023
 
Tool Versions:
Toolchain:       MDK Professional 5.36 (Flex)  Version: 5.36.0.0
Toolchain Path:  D:\Programas\Keil_v5\ARM\ARMCC\Bin
C Compiler:      Armcc.exe V5.06 update 7 (build 960)
Assembler:       Armasm.exe V5.06 update 7 (build 960)
Linker/Locator:  ArmLink.exe V5.06 update 7 (build 960)
Library Manager: ArmAr.exe V5.06 update 7 (build 960)
Hex Converter:   FromElf.exe V5.06 update 7 (build 960)
CPU DLL:         SARMCM3.DLL V5.36.0.0
Dialog DLL:      DCM.DLL V1.17.3.0
Target DLL:      Segger\JL2CM3.dll V2.99.40.0
Dialog DLL:      TCM.DLL V1.53.0.0
 
<h2>Project:</h2>
V:\software\m3_for_arty_a7\Build_Keil\m3_for_arty_a7.uvprojx
Project File Date:  03/31/2022

<h2>Output:</h2>
*** Using Compiler 'V5.06 update 7 (build 960)', folder: 'D:\Programas\Keil_v5\ARM\ARMCC\Bin'
Rebuild target 'm3_for_arty_a7'
assembling startup_ARTY_CM3.s...
compiling print.c...
compiling xgpio.c...
..\sdk_workspace\standalone_bsp_0\Cortex_M3_0\include\xil_assert.h(195): warning:  #1-D: last line of file ends without a newline
  */
..\sdk_workspace\standalone_bsp_0\Cortex_M3_0\libsrc\gpio_v4_3\src\xgpio.c: 1 warning, 0 errors
compiling outbyte.c...
..\sdk_workspace\standalone_bsp_0\Cortex_M3_0\include\xil_assert.h(195): warning:  #1-D: last line of file ends without a newline
  */
..\sdk_workspace\standalone_bsp_0\Cortex_M3_0\libsrc\standalone_v6_7\src\outbyte.c: 1 warning, 0 errors
compiling xil_assert.c...
..\sdk_workspace\standalone_bsp_0\Cortex_M3_0\libsrc\standalone_v6_7\src\xil_assert.h(195): warning:  #1-D: last line of file ends without a newline
  */
..\sdk_workspace\standalone_bsp_0\Cortex_M3_0\libsrc\standalone_v6_7\src\xil_assert.c: 1 warning, 0 errors
compiling tmr.c...
..\sdk_workspace\standalone_bsp_0\Cortex_M3_0\include\xil_assert.h(195): warning:  #1-D: last line of file ends without a newline
  */
V:\software\m3_for_arty_a7\timer\tmr.c: 1 warning, 0 errors
compiling xgpio_selftest.c...
..\sdk_workspace\standalone_bsp_0\Cortex_M3_0\include\xil_assert.h(195): warning:  #1-D: last line of file ends without a newline
  */
..\sdk_workspace\standalone_bsp_0\Cortex_M3_0\libsrc\gpio_v4_3\src\xgpio_selftest.c: 1 warning, 0 errors
compiling xgpio_sinit.c...
..\sdk_workspace\standalone_bsp_0\Cortex_M3_0\include\xil_assert.h(195): warning:  #1-D: last line of file ends without a newline
  */
..\sdk_workspace\standalone_bsp_0\Cortex_M3_0\libsrc\gpio_v4_3\src\xgpio_sinit.c: 1 warning, 0 errors
compiling spi.c...
..\sdk_workspace\standalone_bsp_0\Cortex_M3_0\include\xil_assert.h(195): warning:  #1-D: last line of file ends without a newline
  */
..\spi\spi.c(50): warning:  #177-D: variable "SPI_LVDS_rx_buf"  was declared but never referenced
  static u8 SPI_LVDS_rx_buf[XPAR_AXI_SINGLE_SPI_1_FIFO_DEPTH];
..\spi\spi.c: 2 warnings, 0 errors
compiling system_ARTY_CM3.c...
compiling uart.c...
..\sdk_workspace\standalone_bsp_0\Cortex_M3_0\include\xil_assert.h(195): warning:  #1-D: last line of file ends without a newline
  */
..\uart\uart.c: 1 warning, 0 errors
compiling gpio.c...
..\sdk_workspace\standalone_bsp_0\Cortex_M3_0\include\xil_assert.h(195): warning:  #1-D: last line of file ends without a newline
  */
..\gpio\gpio.c: 1 warning, 0 errors
compiling main.c...
..\sdk_workspace\standalone_bsp_0\Cortex_M3_0\include\xil_assert.h(195): warning:  #1-D: last line of file ends without a newline
  */
..\main\main.c: 1 warning, 0 errors
compiling xgpio_g.c...
..\sdk_workspace\standalone_bsp_0\Cortex_M3_0\include\xil_assert.h(195): warning:  #1-D: last line of file ends without a newline
  */
..\sdk_workspace\standalone_bsp_0\Cortex_M3_0\libsrc\gpio_v4_3\src\xgpio_g.c: 1 warning, 0 errors
compiling xgpio_extra.c...
..\sdk_workspace\standalone_bsp_0\Cortex_M3_0\include\xil_assert.h(195): warning:  #1-D: last line of file ends without a newline
  */
..\sdk_workspace\standalone_bsp_0\Cortex_M3_0\libsrc\gpio_v4_3\src\xgpio_extra.c: 1 warning, 0 errors
compiling xgpio_intr.c...
..\sdk_workspace\standalone_bsp_0\Cortex_M3_0\include\xil_assert.h(195): warning:  #1-D: last line of file ends without a newline
  */
..\sdk_workspace\standalone_bsp_0\Cortex_M3_0\libsrc\gpio_v4_3\src\xgpio_intr.c: 1 warning, 0 errors
compiling xspi_g.c...
..\sdk_workspace\standalone_bsp_0\Cortex_M3_0\include\xil_assert.h(195): warning:  #1-D: last line of file ends without a newline
  */
..\sdk_workspace\standalone_bsp_0\Cortex_M3_0\libsrc\spi_v4_4\src\xspi_g.c: 1 warning, 0 errors
compiling xspi_options.c...
..\sdk_workspace\standalone_bsp_0\Cortex_M3_0\include\xil_assert.h(195): warning:  #1-D: last line of file ends without a newline
  */
..\sdk_workspace\standalone_bsp_0\Cortex_M3_0\libsrc\spi_v4_4\src\xspi_options.c: 1 warning, 0 errors
compiling xspi.c...
..\sdk_workspace\standalone_bsp_0\Cortex_M3_0\include\xil_assert.h(195): warning:  #1-D: last line of file ends without a newline
  */
..\sdk_workspace\standalone_bsp_0\Cortex_M3_0\libsrc\spi_v4_4\src\xspi.c: 1 warning, 0 errors
compiling xspi_sinit.c...
..\sdk_workspace\standalone_bsp_0\Cortex_M3_0\include\xil_assert.h(195): warning:  #1-D: last line of file ends without a newline
  */
..\sdk_workspace\standalone_bsp_0\Cortex_M3_0\libsrc\spi_v4_4\src\xspi_sinit.c: 1 warning, 0 errors
compiling xuartlite_g.c...
..\sdk_workspace\standalone_bsp_0\Cortex_M3_0\include\xil_assert.h(195): warning:  #1-D: last line of file ends without a newline
  */
..\sdk_workspace\standalone_bsp_0\Cortex_M3_0\libsrc\uartlite_v3_2\src\xuartlite_g.c: 1 warning, 0 errors
compiling xspi_stats.c...
..\sdk_workspace\standalone_bsp_0\Cortex_M3_0\include\xil_assert.h(195): warning:  #1-D: last line of file ends without a newline
  */
..\sdk_workspace\standalone_bsp_0\Cortex_M3_0\libsrc\spi_v4_4\src\xspi_stats.c: 1 warning, 0 errors
compiling xspi_selftest.c...
..\sdk_workspace\standalone_bsp_0\Cortex_M3_0\include\xil_assert.h(195): warning:  #1-D: last line of file ends without a newline
  */
..\sdk_workspace\standalone_bsp_0\Cortex_M3_0\libsrc\spi_v4_4\src\xspi_selftest.c: 1 warning, 0 errors
compiling xuartlite_sinit.c...
..\sdk_workspace\standalone_bsp_0\Cortex_M3_0\include\xil_assert.h(195): warning:  #1-D: last line of file ends without a newline
  */
..\sdk_workspace\standalone_bsp_0\Cortex_M3_0\libsrc\uartlite_v3_2\src\xuartlite_sinit.c: 1 warning, 0 errors
compiling xuartlite_l.c...
..\sdk_workspace\standalone_bsp_0\Cortex_M3_0\include\xil_assert.h(195): warning:  #1-D: last line of file ends without a newline
  */
..\sdk_workspace\standalone_bsp_0\Cortex_M3_0\libsrc\uartlite_v3_2\src\xuartlite_l.c: 1 warning, 0 errors
compiling xuartlite.c...
..\sdk_workspace\standalone_bsp_0\Cortex_M3_0\include\xil_assert.h(195): warning:  #1-D: last line of file ends without a newline
  */
..\sdk_workspace\standalone_bsp_0\Cortex_M3_0\libsrc\uartlite_v3_2\src\xuartlite.c: 1 warning, 0 errors
compiling xuartlite_intr.c...
..\sdk_workspace\standalone_bsp_0\Cortex_M3_0\include\xil_assert.h(195): warning:  #1-D: last line of file ends without a newline
  */
..\sdk_workspace\standalone_bsp_0\Cortex_M3_0\libsrc\uartlite_v3_2\src\xuartlite_intr.c: 1 warning, 0 errors
compiling xuartlite_selftest.c...
..\sdk_workspace\standalone_bsp_0\Cortex_M3_0\include\xil_assert.h(195): warning:  #1-D: last line of file ends without a newline
  */
..\sdk_workspace\standalone_bsp_0\Cortex_M3_0\libsrc\uartlite_v3_2\src\xuartlite_selftest.c: 1 warning, 0 errors
compiling xuartlite_stats.c...
..\sdk_workspace\standalone_bsp_0\Cortex_M3_0\include\xil_assert.h(195): warning:  #1-D: last line of file ends without a newline
  */
..\sdk_workspace\standalone_bsp_0\Cortex_M3_0\libsrc\uartlite_v3_2\src\xuartlite_stats.c: 1 warning, 0 errors
compiling xtmrctr_g.c...
..\sdk_workspace\standalone_bsp_0\Cortex_M3_0\include\xil_assert.h(195): warning:  #1-D: last line of file ends without a newline
  */
..\sdk_workspace\standalone_bsp_0\Cortex_M3_0\libsrc\tmrctr_v4_4\src\xtmrctr_g.c: 1 warning, 0 errors
compiling xtmrctr.c...
..\sdk_workspace\standalone_bsp_0\Cortex_M3_0\include\xil_assert.h(195): warning:  #1-D: last line of file ends without a newline
  */
..\sdk_workspace\standalone_bsp_0\Cortex_M3_0\libsrc\tmrctr_v4_4\src\xtmrctr.c: 1 warning, 0 errors
compiling xtmrctr_intr.c...
..\sdk_workspace\standalone_bsp_0\Cortex_M3_0\include\xil_assert.h(195): warning:  #1-D: last line of file ends without a newline
  */
..\sdk_workspace\standalone_bsp_0\Cortex_M3_0\libsrc\tmrctr_v4_4\src\xtmrctr_intr.c: 1 warning, 0 errors
compiling xtmrctr_l.c...
compiling xtmrctr_options.c...
..\sdk_workspace\standalone_bsp_0\Cortex_M3_0\include\xil_assert.h(195): warning:  #1-D: last line of file ends without a newline
  */
..\sdk_workspace\standalone_bsp_0\Cortex_M3_0\libsrc\tmrctr_v4_4\src\xtmrctr_options.c: 1 warning, 0 errors
compiling xtmrctr_selftest.c...
..\sdk_workspace\standalone_bsp_0\Cortex_M3_0\include\xil_assert.h(195): warning:  #1-D: last line of file ends without a newline
  */
..\sdk_workspace\standalone_bsp_0\Cortex_M3_0\libsrc\tmrctr_v4_4\src\xtmrctr_selftest.c: 1 warning, 0 errors
compiling xtmrctr_sinit.c...
..\sdk_workspace\standalone_bsp_0\Cortex_M3_0\include\xil_assert.h(195): warning:  #1-D: last line of file ends without a newline
  */
..\sdk_workspace\standalone_bsp_0\Cortex_M3_0\libsrc\tmrctr_v4_4\src\xtmrctr_sinit.c: 1 warning, 0 errors
compiling xtmrctr_stats.c...
..\sdk_workspace\standalone_bsp_0\Cortex_M3_0\include\xil_assert.h(195): warning:  #1-D: last line of file ends without a newline
  */
..\sdk_workspace\standalone_bsp_0\Cortex_M3_0\libsrc\tmrctr_v4_4\src\xtmrctr_stats.c: 1 warning, 0 errors
linking...
Program Size: Code=18532 RO-data=1648 RW-data=328 ZI-data=6096  
FromELF: creating hex file...
After Build - User command #1: make_hex_a7.bat
V:\software\m3_for_arty_a7\Build_Keil>call fromelf --vhx --32x1 --output bram_a7.hex objects\m3_for_arty_a7.axf 
V:\software\m3_for_arty_a7\Build_Keil>call fromelf --elf        --output bram_a7.elf objects\m3_for_arty_a7.axf 
V:\software\m3_for_arty_a7\Build_Keil>call fromelf --vhx --8x1  --output qspi_a7.hex objects\m3_for_arty_a7.axf 
V:\software\m3_for_arty_a7\Build_Keil>call fromelf --bin        --output qspi_a7.bin objects\m3_for_arty_a7.axf 
V:\software\m3_for_arty_a7\Build_Keil>copy bram_a7.* ..\..\..\hardware\m3_for_arty_a7\m3_for_arty_a7 
bram_a7.elf
bram_a7.hex
        2 archivo(s) copiado(s).
V:\software\m3_for_arty_a7\Build_Keil>copy qspi_a7.hex ..\..\..\hardware\m3_for_arty_a7\testbench 
        1 archivo(s) copiado(s).
".\objects\m3_for_arty_a7.axf" - 0 Error(s), 34 Warning(s).

<h2>Software Packages used:</h2>

Package Vendor: ARM
                http://www.keil.com/pack/ARM.CMSIS.5.8.0.pack
                ARM.CMSIS.5.8.0
                CMSIS (Common Microcontroller Software Interface Standard)
   * Component: CORE Version: 5.5.0

<h2>Collection of Component include folders:</h2>
  .\RTE\_m3_for_arty_a7
  C:\Users\user\AppData\Local\Arm\Packs\ARM\CMSIS\5.8.0\CMSIS\Core\Include
  C:\Users\user\AppData\Local\Arm\Packs\ARM\CMSIS\5.8.0\Device\ARM\ARMCM3\Include

<h2>Collection of Component Files used:</h2>

   * Component: ARM::CMSIS:CORE:5.5.0
Build Time Elapsed:  00:00:02
</pre>
</body>
</html>
