<html>
<body>
<pre>
<h1>µVision Build Log</h1>
<h2>Tool Versions:</h2>
IDE-Version: µVision V5.36.0.0
Copyright (C) 2021 ARM Ltd and ARM Germany GmbH. All rights reserved.
License Information: Antonio Velarte UNIZAR Flex license: MDK Professional 5.36 (Flex) (mdk_pro) Operation stops: 25 Nov 2023
 
Tool Versions:
Toolchain:       MDK Professional 5.36 (Flex)  Version: 5.36.0.0
Toolchain Path:  D:\Programas\Keil_v5\ARM\ARMCC\Bin
C Compiler:      Armcc.exe V5.06 update 7 (build 960)
Assembler:       Armasm.exe V5.06 update 7 (build 960)
Linker/Locator:  ArmLink.exe V5.06 update 7 (build 960)
Library Manager: ArmAr.exe V5.06 update 7 (build 960)
Hex Converter:   FromElf.exe V5.06 update 7 (build 960)
CPU DLL:         SARMCM3.DLL V5.36.0.0
Dialog DLL:      DCM.DLL V1.17.3.0
Target DLL:      UL2CM3.DLL V1.164.0.0
Dialog DLL:      TCM.DLL V1.53.0.0
 
<h2>Project:</h2>
V:\software\m3_for_arty_a7\Build_Keil\m3_for_arty_a7.uvprojx
Project File Date:  03/09/2022

<h2>Output:</h2>
*** Using Compiler 'V5.06 update 7 (build 960)', folder: 'D:\Programas\Keil_v5\ARM\ARMCC\Bin'
Rebuild target 'm3_for_arty_a7'
assembling startup_ARTY_CM3.s...
compiling outbyte.c...
compiling xgpio.c...
compiling xil_assert.c...
compiling print.c...
compiling xgpio_extra.c...
compiling xgpio_intr.c...
compiling system_ARTY_CM3.c...
compiling uart.c...
compiling main.c...
compiling gpio.c...
compiling xgpio_g.c...
compiling spi.c...
compiling xgpio_selftest.c...
compiling xgpio_sinit.c...
compiling xspi_g.c...
compiling xspi.c...
compiling xspi_options.c...
compiling xspi_sinit.c...
compiling xspi_selftest.c...
compiling xspi_stats.c...
compiling xuartlite_g.c...
compiling xuartlite_l.c...
compiling xuartlite.c...
compiling xuartlite_intr.c...
compiling xuartlite_selftest.c...
compiling xuartlite_sinit.c...
compiling xuartlite_stats.c...
linking...
Program Size: Code=10324 RO-data=1048 RW-data=228 ZI-data=5452  
FromELF: creating hex file...
After Build - User command #1: make_hex_a7.bat
V:\software\m3_for_arty_a7\Build_Keil>call fromelf --vhx --32x1 --output bram_a7.hex objects\m3_for_arty_a7.axf 
V:\software\m3_for_arty_a7\Build_Keil>call fromelf --elf        --output bram_a7.elf objects\m3_for_arty_a7.axf 
V:\software\m3_for_arty_a7\Build_Keil>call fromelf --vhx --8x1  --output qspi_a7.hex objects\m3_for_arty_a7.axf 
V:\software\m3_for_arty_a7\Build_Keil>call fromelf --bin        --output qspi_a7.bin objects\m3_for_arty_a7.axf 
V:\software\m3_for_arty_a7\Build_Keil>copy bram_a7.* ..\..\..\hardware\m3_for_arty_a7\m3_for_arty_a7 
bram_a7.elf
bram_a7.hex
        2 archivo(s) copiado(s).
V:\software\m3_for_arty_a7\Build_Keil>copy qspi_a7.hex ..\..\..\hardware\m3_for_arty_a7\testbench 
        1 archivo(s) copiado(s).
".\objects\m3_for_arty_a7.axf" - 0 Error(s), 0 Warning(s).

<h2>Software Packages used:</h2>

Package Vendor: ARM
                http://www.keil.com/pack/ARM.CMSIS.5.8.0.pack
                ARM.CMSIS.5.8.0
                CMSIS (Common Microcontroller Software Interface Standard)
   * Component: CORE Version: 5.5.0

<h2>Collection of Component include folders:</h2>
  .\RTE\_m3_for_arty_a7
  C:\Users\user\AppData\Local\Arm\Packs\ARM\CMSIS\5.8.0\CMSIS\Core\Include
  C:\Users\user\AppData\Local\Arm\Packs\ARM\CMSIS\5.8.0\Device\ARM\ARMCM3\Include

<h2>Collection of Component Files used:</h2>

   * Component: ARM::CMSIS:CORE:5.5.0
Build Time Elapsed:  00:00:02
</pre>
</body>
</html>
