Component: ARM Compiler 5.06 update 7 (build 960) Tool: armlink [4d3601]

==============================================================================

Section Cross References

    system_arty_cm3.o(.text) refers to system_arty_cm3.o(.data) for SystemCoreClock
    startup_arty_cm3.o(STACK) refers (Special) to heapauxi.o(.text) for __use_two_region_memory
    startup_arty_cm3.o(HEAP) refers (Special) to heapauxi.o(.text) for __use_two_region_memory
    startup_arty_cm3.o(RESET) refers (Special) to heapauxi.o(.text) for __use_two_region_memory
    startup_arty_cm3.o(RESET) refers to startup_arty_cm3.o(STACK) for __initial_sp
    startup_arty_cm3.o(RESET) refers to startup_arty_cm3.o(.text) for Reset_Handler
    startup_arty_cm3.o(RESET) refers to uart.o(.text) for UART0_Handler
    startup_arty_cm3.o(RESET) refers to gpio.o(.text) for GPIO0_Handler
    startup_arty_cm3.o(RESET) refers to spi.o(.text) for QSPI0_Handler
    startup_arty_cm3.o(RESET) refers to main.o(.text) for DAPLinkFittedn
    startup_arty_cm3.o(RESET) refers to tmr.o(.text) for TimerHandler
    startup_arty_cm3.o(.text) refers (Special) to heapauxi.o(.text) for __use_two_region_memory
    startup_arty_cm3.o(.text) refers to system_arty_cm3.o(.text) for SystemInit
    startup_arty_cm3.o(.text) refers to __main.o(!!!main) for __main
    startup_arty_cm3.o(.text) refers to startup_arty_cm3.o(HEAP) for Heap_Mem
    startup_arty_cm3.o(.text) refers to startup_arty_cm3.o(STACK) for Stack_Mem
    outbyte.o(.text) refers to xuartlite_l.o(.text) for XUartLite_SendByte
    print.o(.text) refers to outbyte.o(.text) for outbyte
    xil_assert.o(.text) refers to xil_assert.o(.data) for Xil_AssertCallbackRoutine
    main.o(.text) refers to _printf_percent.o(.ARM.Collect$$_printf_percent$$00000000) for _printf_percent
    main.o(.text) refers to _printf_x.o(.ARM.Collect$$_printf_percent$$0000000C) for _printf_x
    main.o(.text) refers to _printf_hex_int.o(.text) for _printf_longlong_hex
    main.o(.text) refers to _printf_i.o(.ARM.Collect$$_printf_percent$$00000008) for _printf_i
    main.o(.text) refers to _printf_s.o(.ARM.Collect$$_printf_percent$$00000014) for _printf_s
    main.o(.text) refers to _printf_dec.o(.text) for _printf_int_dec
    main.o(.text) refers to _printf_str.o(.text) for _printf_str
    main.o(.text) refers to rt_memcpy_w.o(.text) for __aeabi_memcpy4
    main.o(.text) refers to uart.o(.text) for InitialiseUART
    main.o(.text) refers to gpio.o(.text) for InitialiseGPIO
    main.o(.text) refers to print.o(.text) for print
    main.o(.text) refers to spi.o(.text) for InitialiseSPI
    main.o(.text) refers to strcpy.o(.text) for strcpy
    main.o(.text) refers to noretval__2sprintf.o(.text) for __2sprintf
    main.o(.text) refers to tmr.o(.text) for InitialiseTIMER0
    main.o(.text) refers to main.o(.constdata) for .constdata
    gpio.o(.text) refers to _printf_percent.o(.ARM.Collect$$_printf_percent$$00000000) for _printf_percent
    gpio.o(.text) refers to _printf_d.o(.ARM.Collect$$_printf_percent$$00000009) for _printf_d
    gpio.o(.text) refers to _printf_dec.o(.text) for _printf_int_dec
    gpio.o(.text) refers to xgpio_sinit.o(.text) for XGpio_Initialize
    gpio.o(.text) refers to xgpio.o(.text) for XGpio_SetDataDirection
    gpio.o(.text) refers to xgpio_intr.o(.text) for XGpio_InterruptEnable
    gpio.o(.text) refers to tmr.o(.text) for startTimer0
    gpio.o(.text) refers to noretval__2sprintf.o(.text) for __2sprintf
    gpio.o(.text) refers to print.o(.text) for print
    gpio.o(.text) refers to gpio.o(.bss) for Gpio_Led_DIPSw
    gpio.o(.text) refers to gpio.o(.data) for valor
    gpio.o(.text) refers to main.o(.data) for faseExc
    spi.o(.text) refers to _printf_percent.o(.ARM.Collect$$_printf_percent$$00000000) for _printf_percent
    spi.o(.text) refers to _printf_i.o(.ARM.Collect$$_printf_percent$$00000008) for _printf_i
    spi.o(.text) refers to _printf_dec.o(.text) for _printf_int_dec
    spi.o(.text) refers to xspi_sinit.o(.text) for XSpi_Initialize
    spi.o(.text) refers to xspi.o(.text) for XSpi_Reset
    spi.o(.text) refers to noretval__2sprintf.o(.text) for __2sprintf
    spi.o(.text) refers to print.o(.text) for print
    spi.o(.text) refers to spi.o(.bss) for QSPI_base
    uart.o(.text) refers to xuartlite_sinit.o(.text) for XUartLite_Initialize
    uart.o(.text) refers to xuartlite_intr.o(.text) for XUartLite_SetSendHandler
    uart.o(.text) refers to xuartlite.o(.text) for XUartLite_Recv
    uart.o(.text) refers to uart.o(.data) for TotalReceivedCount
    uart.o(.text) refers to uart.o(.bss) for UART0_instance
    tmr.o(.text) refers to xtmrctr.o(.text) for XTmrCtr_SetResetValue
    tmr.o(.text) refers to xtmrctr_intr.o(.text) for XTmrCtr_InterruptHandler
    tmr.o(.text) refers to gpio.o(.text) for openSwitch
    tmr.o(.text) refers to xtmrctr_options.o(.text) for XTmrCtr_SetOptions
    tmr.o(.text) refers to xtmrctr_selftest.o(.text) for XTmrCtr_SelfTest
[...]
    __rtentry.o(.ARM.Collect$$rtentry$$00000000) refers (Special) to __rtentry2.o(.ARM.Collect$$rtentry$$0000000C) for __rt_entry_postli_1
    __rtentry.o(.ARM.Collect$$rtentry$$00000000) refers (Special) to __rtentry2.o(.ARM.Collect$$rtentry$$00000009) for __rt_entry_postsh_1
    __rtentry.o(.ARM.Collect$$rtentry$$00000000) refers (Special) to __rtentry2.o(.ARM.Collect$$rtentry$$00000002) for __rt_entry_presh_1
    __rtentry.o(.ARM.Collect$$rtentry$$00000000) refers (Special) to __rtentry4.o(.ARM.Collect$$rtentry$$00000004) for __rt_entry_sh
    _printf_char_common.o(.text) refers to __printf.o(.text) for __printf
    _printf_char.o(.text) refers (Weak) to _printf_str.o(.text) for _printf_str
    __rtentry2.o(.ARM.Collect$$rtentry$$00000008) refers to boardinit2.o(.text) for _platform_post_stackheap_init
    __rtentry2.o(.ARM.Collect$$rtentry$$0000000A) refers to libinit.o(.ARM.Collect$$libinit$$00000000) for __rt_lib_init
    __rtentry2.o(.ARM.Collect$$rtentry$$0000000B) refers to boardinit3.o(.text) for _platform_post_lib_init
    __rtentry2.o(.ARM.Collect$$rtentry$$0000000D) refers to main.o(.text) for main
    __rtentry2.o(.ARM.Collect$$rtentry$$0000000D) refers to exit.o(.text) for exit
    __rtentry2.o(.ARM.exidx) refers to __rtentry2.o(.ARM.Collect$$rtentry$$00000001) for .ARM.Collect$$rtentry$$00000001
    __rtentry2.o(.ARM.exidx) refers to __rtentry2.o(.ARM.Collect$$rtentry$$00000008) for .ARM.Collect$$rtentry$$00000008
    __rtentry2.o(.ARM.exidx) refers to __rtentry2.o(.ARM.Collect$$rtentry$$0000000A) for .ARM.Collect$$rtentry$$0000000A
    __rtentry2.o(.ARM.exidx) refers to __rtentry2.o(.ARM.Collect$$rtentry$$0000000B) for .ARM.Collect$$rtentry$$0000000B
    __rtentry2.o(.ARM.exidx) refers to __rtentry2.o(.ARM.Collect$$rtentry$$0000000D) for .ARM.Collect$$rtentry$$0000000D
    __rtentry4.o(.ARM.Collect$$rtentry$$00000004) refers to sys_stackheap_outer.o(.text) for __user_setup_stackheap
    __rtentry4.o(.ARM.exidx) refers to __rtentry4.o(.ARM.Collect$$rtentry$$00000004) for .ARM.Collect$$rtentry$$00000004
    sys_stackheap_outer.o(.text) refers to libspace.o(.text) for __user_perproc_libspace
    sys_stackheap_outer.o(.text) refers to startup_arty_cm3.o(.text) for __user_initial_stackheap
    exit.o(.text) refers to rtexit.o(.ARM.Collect$$rtexit$$00000000) for __rt_exit
    libinit.o(.ARM.Collect$$libinit$$00000000) refers (Special) to libinit2.o(.ARM.Collect$$libinit$$0000002E) for __rt_lib_init_alloca_1
    libinit.o(.ARM.Collect$$libinit$$00000000) refers (Special) to libinit2.o(.ARM.Collect$$libinit$$0000002C) for __rt_lib_init_argv_1
    libinit.o(.ARM.Collect$$libinit$$00000000) refers (Special) to libinit2.o(.ARM.Collect$$libinit$$0000001B) for __rt_lib_init_atexit_1
    libinit.o(.ARM.Collect$$libinit$$00000000) refers (Special) to libinit2.o(.ARM.Collect$$libinit$$00000021) for __rt_lib_init_clock_1
    libinit.o(.ARM.Collect$$libinit$$00000000) refers (Special) to libinit2.o(.ARM.Collect$$libinit$$00000032) for __rt_lib_init_cpp_1
    libinit.o(.ARM.Collect$$libinit$$00000000) refers (Special) to libinit2.o(.ARM.Collect$$libinit$$00000030) for __rt_lib_init_exceptions_1
    libinit.o(.ARM.Collect$$libinit$$00000000) refers (Special) to libinit2.o(.ARM.Collect$$libinit$$00000002) for __rt_lib_init_fp_1
    libinit.o(.ARM.Collect$$libinit$$00000000) refers (Special) to libinit2.o(.ARM.Collect$$libinit$$0000001F) for __rt_lib_init_fp_trap_1
    libinit.o(.ARM.Collect$$libinit$$00000000) refers (Special) to libinit2.o(.ARM.Collect$$libinit$$00000023) for __rt_lib_init_getenv_1
    libinit.o(.ARM.Collect$$libinit$$00000000) refers (Special) to libinit2.o(.ARM.Collect$$libinit$$0000000A) for __rt_lib_init_heap_1
    libinit.o(.ARM.Collect$$libinit$$00000000) refers (Special) to libinit2.o(.ARM.Collect$$libinit$$00000011) for __rt_lib_init_lc_collate_1
    libinit.o(.ARM.Collect$$libinit$$00000000) refers (Special) to libinit2.o(.ARM.Collect$$libinit$$00000013) for __rt_lib_init_lc_ctype_1
    libinit.o(.ARM.Collect$$libinit$$00000000) refers (Special) to libinit2.o(.ARM.Collect$$libinit$$00000015) for __rt_lib_init_lc_monetary_1
    libinit.o(.ARM.Collect$$libinit$$00000000) refers (Special) to libinit2.o(.ARM.Collect$$libinit$$00000017) for __rt_lib_init_lc_numeric_1
    libinit.o(.ARM.Collect$$libinit$$00000000) refers (Special) to libinit2.o(.ARM.Collect$$libinit$$00000019) for __rt_lib_init_lc_time_1
    libinit.o(.ARM.Collect$$libinit$$00000000) refers (Special) to libinit2.o(.ARM.Collect$$libinit$$00000004) for __rt_lib_init_preinit_1
    libinit.o(.ARM.Collect$$libinit$$00000000) refers (Special) to libinit2.o(.ARM.Collect$$libinit$$0000000E) for __rt_lib_init_rand_1
    libinit.o(.ARM.Collect$$libinit$$00000000) refers (Special) to libinit2.o(.ARM.Collect$$libinit$$00000033) for __rt_lib_init_return
    libinit.o(.ARM.Collect$$libinit$$00000000) refers (Special) to libinit2.o(.ARM.Collect$$libinit$$0000001D) for __rt_lib_init_signal_1
    libinit.o(.ARM.Collect$$libinit$$00000000) refers (Special) to libinit2.o(.ARM.Collect$$libinit$$00000025) for __rt_lib_init_stdio_1
    libinit.o(.ARM.Collect$$libinit$$00000000) refers (Special) to libinit2.o(.ARM.Collect$$libinit$$0000000C) for __rt_lib_init_user_alloc_1
    libspace.o(.text) refers to libspace.o(.bss) for __libspace_start
    rtexit.o(.ARM.Collect$$rtexit$$00000000) refers (Special) to rtexit2.o(.ARM.Collect$$rtexit$$00000004) for __rt_exit_exit
    rtexit.o(.ARM.Collect$$rtexit$$00000000) refers (Special) to rtexit2.o(.ARM.Collect$$rtexit$$00000003) for __rt_exit_ls
    rtexit.o(.ARM.Collect$$rtexit$$00000000) refers (Special) to rtexit2.o(.ARM.Collect$$rtexit$$00000002) for __rt_exit_prels_1
    rtexit.o(.ARM.exidx) refers (Special) to rtexit2.o(.ARM.Collect$$rtexit$$00000004) for __rt_exit_exit
    rtexit.o(.ARM.exidx) refers (Special) to rtexit2.o(.ARM.Collect$$rtexit$$00000003) for __rt_exit_ls
    rtexit.o(.ARM.exidx) refers (Special) to rtexit2.o(.ARM.Collect$$rtexit$$00000002) for __rt_exit_prels_1
    rtexit.o(.ARM.exidx) refers to rtexit.o(.ARM.Collect$$rtexit$$00000000) for .ARM.Collect$$rtexit$$00000000
    libinit2.o(.ARM.Collect$$libinit$$00000010) refers to libinit2.o(.ARM.Collect$$libinit$$0000000F) for .ARM.Collect$$libinit$$0000000F
    libinit2.o(.ARM.Collect$$libinit$$00000012) refers to libinit2.o(.ARM.Collect$$libinit$$0000000F) for .ARM.Collect$$libinit$$0000000F
    libinit2.o(.ARM.Collect$$libinit$$00000014) refers to libinit2.o(.ARM.Collect$$libinit$$0000000F) for .ARM.Collect$$libinit$$0000000F
    libinit2.o(.ARM.Collect$$libinit$$00000016) refers to libinit2.o(.ARM.Collect$$libinit$$0000000F) for .ARM.Collect$$libinit$$0000000F
    libinit2.o(.ARM.Collect$$libinit$$00000018) refers to libinit2.o(.ARM.Collect$$libinit$$0000000F) for .ARM.Collect$$libinit$$0000000F
    libinit2.o(.ARM.Collect$$libinit$$00000026) refers to argv_veneer.o(.emb_text) for __ARM_argv_veneer
    libinit2.o(.ARM.Collect$$libinit$$00000027) refers to argv_veneer.o(.emb_text) for __ARM_argv_veneer
    rtexit2.o(.ARM.Collect$$rtexit$$00000003) refers to libshutdown.o(.ARM.Collect$$libshutdown$$00000000) for __rt_lib_shutdown
    rtexit2.o(.ARM.Collect$$rtexit$$00000004) refers to sys_exit.o(.text) for _sys_exit
    rtexit2.o(.ARM.exidx) refers to rtexit2.o(.ARM.Collect$$rtexit$$00000001) for .ARM.Collect$$rtexit$$00000001
    rtexit2.o(.ARM.exidx) refers to rtexit2.o(.ARM.Collect$$rtexit$$00000003) for .ARM.Collect$$rtexit$$00000003
    rtexit2.o(.ARM.exidx) refers to rtexit2.o(.ARM.Collect$$rtexit$$00000004) for .ARM.Collect$$rtexit$$00000004
    argv_veneer.o(.emb_text) refers to no_argv.o(.text) for __ARM_get_argv
    sys_exit.o(.text) refers (Special) to use_no_semi.o(.text) for __I$use$semihosting
    sys_exit.o(.text) refers (Special) to indicate_semi.o(.text) for __semihosting_library_function
    _get_argv_nomalloc.o(.text) refers (Special) to hrguard.o(.text) for __heap_region$guard
    _get_argv_nomalloc.o(.text) refers to defsig_rtmem_outer.o(.text) for __rt_SIGRTMEM
    _get_argv_nomalloc.o(.text) refers to sys_command.o(.text) for _sys_command_string
    libshutdown.o(.ARM.Collect$$libshutdown$$00000000) refers (Special) to libshutdown2.o(.ARM.Collect$$libshutdown$$00000004) for __rt_lib_shutdown_cpp_1
    libshutdown.o(.ARM.Collect$$libshutdown$$00000000) refers (Special) to libshutdown2.o(.ARM.Collect$$libshutdown$$00000002) for __rt_lib_shutdown_fini_1
    libshutdown.o(.ARM.Collect$$libshutdown$$00000000) refers (Special) to libshutdown2.o(.ARM.Collect$$libshutdown$$00000009) for __rt_lib_shutdown_fp_trap_1
    libshutdown.o(.ARM.Collect$$libshutdown$$00000000) refers (Special) to libshutdown2.o(.ARM.Collect$$libshutdown$$00000011) for __rt_lib_shutdown_heap_1
    libshutdown.o(.ARM.Collect$$libshutdown$$00000000) refers (Special) to libshutdown2.o(.ARM.Collect$$libshutdown$$00000012) for __rt_lib_shutdown_return
    libshutdown.o(.ARM.Collect$$libshutdown$$00000000) refers (Special) to libshutdown2.o(.ARM.Collect$$libshutdown$$0000000C) for __rt_lib_shutdown_signal_1
    libshutdown.o(.ARM.Collect$$libshutdown$$00000000) refers (Special) to libshutdown2.o(.ARM.Collect$$libshutdown$$00000006) for __rt_lib_shutdown_stdio_1
    libshutdown.o(.ARM.Collect$$libshutdown$$00000000) refers (Special) to libshutdown2.o(.ARM.Collect$$libshutdown$$0000000E) for __rt_lib_shutdown_user_alloc_1
    sys_command.o(.text) refers (Special) to use_no_semi.o(.text) for __I$use$semihosting
    sys_command.o(.text) refers (Special) to indicate_semi.o(.text) for __semihosting_library_function
    defsig_rtmem_outer.o(.text) refers to defsig_rtmem_inner.o(.text) for __rt_SIGRTMEM_inner
    defsig_rtmem_outer.o(.text) refers to defsig_exit.o(.text) for __sig_exit
    defsig_rtmem_formal.o(.text) refers to rt_raise.o(.text) for __rt_raise
    rt_raise.o(.text) refers to __raise.o(.text) for __raise
    rt_raise.o(.text) refers to sys_exit.o(.text) for _sys_exit
    defsig_exit.o(.text) refers to sys_exit.o(.text) for _sys_exit
    defsig_rtmem_inner.o(.text) refers to defsig_general.o(.text) for __default_signal_display
    __raise.o(.text) refers to defsig.o(CL$$defsig) for __default_signal_handler
    defsig_general.o(.text) refers to sys_wrch.o(.text) for _ttywrch
    sys_wrch.o(.text) refers (Special) to use_no_semi.o(.text) for __I$use$semihosting
    sys_wrch.o(.text) refers (Special) to indicate_semi.o(.text) for __semihosting_library_function
    defsig.o(CL$$defsig) refers to defsig_rtmem_inner.o(.text) for __rt_SIGRTMEM_inner
    defsig_abrt_inner.o(.text) refers to defsig_general.o(.text) for __default_signal_display
    defsig_fpe_inner.o(.text) refers to defsig_general.o(.text) for __default_signal_display
    defsig_rtred_inner.o(.text) refers to defsig_general.o(.text) for __default_signal_display
    defsig_stak_inner.o(.text) refers to defsig_general.o(.text) for __default_signal_display
    defsig_pvfn_inner.o(.text) refers to defsig_general.o(.text) for __default_signal_display
    defsig_cppl_inner.o(.text) refers to defsig_general.o(.text) for __default_signal_display
    defsig_segv_inner.o(.text) refers to defsig_general.o(.text) for __default_signal_display
    defsig_other.o(.text) refers to defsig_general.o(.text) for __default_signal_display


==============================================================================

Removing Unused input sections from the image.

    Removing system_arty_cm3.o(.rev16_text), (4 bytes).
    Removing system_arty_cm3.o(.revsh_text), (4 bytes).
    Removing main.o(.rev16_text), (4 bytes).
    Removing main.o(.revsh_text), (4 bytes).
    Removing gpio.o(.rev16_text), (4 bytes).
    Removing gpio.o(.revsh_text), (4 bytes).
    Removing spi.o(.rev16_text), (4 bytes).
    Removing spi.o(.revsh_text), (4 bytes).
    Removing uart.o(.rev16_text), (4 bytes).
    Removing uart.o(.revsh_text), (4 bytes).
    Removing tmr.o(.rev16_text), (4 bytes).
    Removing tmr.o(.revsh_text), (4 bytes).
    Removing xgpio_extra.o(.text), (300 bytes).
    Removing xgpio_extra.o(.conststring), (81 bytes).
    Removing xgpio_selftest.o(.text), (88 bytes).
    Removing xgpio_selftest.o(.conststring), (84 bytes).
    Removing xspi_options.o(.text), (292 bytes).
    Removing xspi_options.o(.conststring), (81 bytes).
    Removing xspi_options.o(.data), (40 bytes).
    Removing xspi_selftest.o(.text), (676 bytes).
    Removing xspi_selftest.o(.conststring), (82 bytes).
    Removing xspi_stats.o(.text), (208 bytes).
    Removing xspi_stats.o(.conststring), (79 bytes).
    Removing xuartlite_selftest.o(.text), (104 bytes).
    Removing xuartlite_selftest.o(.conststring), (92 bytes).
    Removing xtmrctr_stats.o(.text), (176 bytes).
    Removing xtmrctr_stats.o(.conststring), (85 bytes).

27 unused section(s) (total 2516 bytes) removed from the image.

==============================================================================

Image Symbol Table

    Local Symbols

    Symbol Name                              Value     Ov Type        Size  Object(Section)

    RESET                                    0x00000000   Section      192  startup_arty_cm3.o(RESET)
    ../clib/angel/boardlib.s                 0x00000000   Number         0  boardinit1.o ABSOLUTE
    ../clib/angel/boardlib.s                 0x00000000   Number         0  boardinit2.o ABSOLUTE
    ../clib/angel/boardlib.s                 0x00000000   Number         0  boardinit3.o ABSOLUTE
    ../clib/angel/boardlib.s                 0x00000000   Number         0  boardshut.o ABSOLUTE
    ../clib/angel/dczerorl2.s                0x00000000   Number         0  __dczerorl2.o ABSOLUTE
    ../clib/angel/handlers.s                 0x00000000   Number         0  __scatter_zi.o ABSOLUTE
    ../clib/angel/kernel.s                   0x00000000   Number         0  rtexit2.o ABSOLUTE
    ../clib/angel/kernel.s                   0x00000000   Number         0  rtexit.o ABSOLUTE
    ../clib/angel/kernel.s                   0x00000000   Number         0  __rtentry.o ABSOLUTE
    ../clib/angel/kernel.s                   0x00000000   Number         0  __rtentry2.o ABSOLUTE
    ../clib/angel/kernel.s                   0x00000000   Number         0  __rtentry4.o ABSOLUTE
    ../clib/angel/rt.s                       0x00000000   Number         0  rt_raise.o ABSOLUTE
    ../clib/angel/scatter.s                  0x00000000   Number         0  __scatter.o ABSOLUTE
    ../clib/angel/startup.s                  0x00000000   Number         0  __main.o ABSOLUTE
    ../clib/angel/sys.s                      0x00000000   Number         0  indicate_semi.o ABSOLUTE
    ../clib/angel/sys.s                      0x00000000   Number         0  sys_stackheap_outer.o ABSOLUTE
    ../clib/angel/sys.s                      0x00000000   Number         0  use_no_semi.o ABSOLUTE
    ../clib/angel/sys.s                      0x00000000   Number         0  libspace.o ABSOLUTE
    ../clib/angel/sysapp.c                   0x00000000   Number         0  sys_exit.o ABSOLUTE
    ../clib/angel/sysapp.c                   0x00000000   Number         0  sys_wrch.o ABSOLUTE
    ../clib/angel/sysapp.c                   0x00000000   Number         0  sys_command.o ABSOLUTE
    ../clib/armsys.c                         0x00000000   Number         0  argv_veneer.o ABSOLUTE
    ../clib/armsys.c                         0x00000000   Number         0  argv_veneer.o ABSOLUTE
    ../clib/armsys.c                         0x00000000   Number         0  _get_argv_nomalloc.o ABSOLUTE
    ../clib/armsys.c                         0x00000000   Number         0  no_argv.o ABSOLUTE
    ../clib/heapalloc.c                      0x00000000   Number         0  hrguard.o ABSOLUTE
    ../clib/heapaux.c                        0x00000000   Number         0  heapauxi.o ABSOLUTE
    ../clib/libinit.s                        0x00000000   Number         0  libshutdown2.o ABSOLUTE
    ../clib/libinit.s                        0x00000000   Number         0  libinit.o ABSOLUTE
    ../clib/libinit.s                        0x00000000   Number         0  libinit2.o ABSOLUTE
    ../clib/libinit.s                        0x00000000   Number         0  libshutdown.o ABSOLUTE
    ../clib/memcpset.s                       0x00000000   Number         0  rt_memcpy_w.o ABSOLUTE
    ../clib/printf.c                         0x00000000   Number         0  __printf.o ABSOLUTE
    ../clib/printf.c                         0x00000000   Number         0  __printf_flags_ss_wp.o ABSOLUTE
    ../clib/printf.c                         0x00000000   Number         0  __printf_flags_ss.o ABSOLUTE
    ../clib/printf.c                         0x00000000   Number         0  __printf_ss_wp.o ABSOLUTE
    ../clib/printf.c                         0x00000000   Number         0  _printf_dec.o ABSOLUTE
    ../clib/printf.c                         0x00000000   Number         0  __printf_ss.o ABSOLUTE
    ../clib/printf.c                         0x00000000   Number         0  __printf_flags.o ABSOLUTE
    ../clib/printf.c                         0x00000000   Number         0  _printf_hex_int_ll_ptr.o ABSOLUTE
    ../clib/printf.c                         0x00000000   Number         0  _printf_hex_ll_ptr.o ABSOLUTE
    ../clib/printf.c                         0x00000000   Number         0  _printf_str.o ABSOLUTE
    ../clib/printf.c                         0x00000000   Number         0  _printf_hex_int_ptr.o ABSOLUTE
    ../clib/printf.c                         0x00000000   Number         0  __printf_flags_wp.o ABSOLUTE
    ../clib/printf.c                         0x00000000   Number         0  _printf_hex_ptr.o ABSOLUTE
    ../clib/printf.c                         0x00000000   Number         0  __printf_wp.o ABSOLUTE
    ../clib/printf.c                         0x00000000   Number         0  _printf_hex_int_ll.o ABSOLUTE
    ../clib/printf.c                         0x00000000   Number         0  __printf_nopercent.o ABSOLUTE
    ../clib/printf.c                         0x00000000   Number         0  _printf_hex_int.o ABSOLUTE
    ../clib/printf.c                         0x00000000   Number         0  _printf_char.o ABSOLUTE
    ../clib/printf.c                         0x00000000   Number         0  _sputc.o ABSOLUTE
    ../clib/printf.c                         0x00000000   Number         0  _printf_char_common.o ABSOLUTE
    ../clib/printf.c                         0x00000000   Number         0  _printf_intcommon.o ABSOLUTE
    ../clib/printf.c                         0x00000000   Number         0  __2sprintf.o ABSOLUTE
    ../clib/printf.c                         0x00000000   Number         0  noretval__2sprintf.o ABSOLUTE
    ../clib/printf.c                         0x00000000   Number         0  _printf_hex_ll.o ABSOLUTE
    ../clib/printf_percent.s                 0x00000000   Number         0  _printf_x.o ABSOLUTE
    ../clib/printf_percent.s                 0x00000000   Number         0  _printf_percent.o ABSOLUTE
    ../clib/printf_percent.s                 0x00000000   Number         0  _printf_percent_end.o ABSOLUTE
    ../clib/printf_percent.s                 0x00000000   Number         0  _printf_d.o ABSOLUTE
    ../clib/printf_percent.s                 0x00000000   Number         0  _printf_i.o ABSOLUTE
    ../clib/printf_percent.s                 0x00000000   Number         0  _printf_s.o ABSOLUTE
    ../clib/signal.c                         0x00000000   Number         0  defsig_other.o ABSOLUTE
    ../clib/signal.c                         0x00000000   Number         0  defsig_rtmem_outer.o ABSOLUTE
    ../clib/signal.c                         0x00000000   Number         0  defsig_rtmem_formal.o ABSOLUTE
    ../clib/signal.c                         0x00000000   Number         0  defsig_stak_inner.o ABSOLUTE
    ../clib/signal.c                         0x00000000   Number         0  defsig_rtred_inner.o ABSOLUTE
    ../clib/signal.c                         0x00000000   Number         0  defsig_abrt_inner.o ABSOLUTE
    ../clib/signal.c                         0x00000000   Number         0  defsig_segv_inner.o ABSOLUTE
    ../clib/signal.c                         0x00000000   Number         0  defsig_cppl_inner.o ABSOLUTE
    ../clib/signal.c                         0x00000000   Number         0  defsig_pvfn_inner.o ABSOLUTE
    ../clib/signal.c                         0x00000000   Number         0  defsig_exit.o ABSOLUTE
    ../clib/signal.c                         0x00000000   Number         0  defsig_fpe_inner.o ABSOLUTE
    ../clib/signal.c                         0x00000000   Number         0  defsig_rtmem_inner.o ABSOLUTE
    ../clib/signal.c                         0x00000000   Number         0  __raise.o ABSOLUTE
    ../clib/signal.c                         0x00000000   Number         0  defsig_general.o ABSOLUTE
    ../clib/signal.s                         0x00000000   Number         0  defsig.o ABSOLUTE
    ../clib/stdlib.c                         0x00000000   Number         0  exit.o ABSOLUTE
    ../clib/string.c                         0x00000000   Number         0  strcpy.o ABSOLUTE
    ../fplib/fpinit.s                        0x00000000   Number         0  fpinit.o ABSOLUTE
    ..\\cmsis\\Device\\Source\\ARTY_CM3\\system_ARTY_CM3.c 0x00000000   Number         0  system_arty_cm3.o ABSOLUTE
    ..\\gpio\\gpio.c                         0x00000000   Number         0  gpio.o ABSOLUTE
    ..\\main\\main.c                         0x00000000   Number         0  main.o ABSOLUTE
    ..\\spi\\spi.c                           0x00000000   Number         0  spi.o ABSOLUTE
    ..\\uart\\uart.c                         0x00000000   Number         0  uart.o ABSOLUTE
    ..\cmsis\Device\Source\ARTY_CM3\ARM\startup_ARTY_CM3.s 0x00000000   Number         0  startup_arty_cm3.o ABSOLUTE
    ..\cmsis\Device\Source\ARTY_CM3\system_ARTY_CM3.c 0x00000000   Number         0  system_arty_cm3.o ABSOLUTE
    ..\gpio\gpio.c                           0x00000000   Number         0  gpio.o ABSOLUTE
    ..\main\main.c                           0x00000000   Number         0  main.o ABSOLUTE
    ..\sdk_workspace\standalone_bsp_0\Cortex_M3_0\libsrc\gpio_v4_3\src\xgpio.c 0x00000000   Number         0  xgpio.o ABSOLUTE
    ..\sdk_workspace\standalone_bsp_0\Cortex_M3_0\libsrc\gpio_v4_3\src\xgpio_extra.c 0x00000000   Number         0  xgpio_extra.o ABSOLUTE
    ..\sdk_workspace\standalone_bsp_0\Cortex_M3_0\libsrc\gpio_v4_3\src\xgpio_g.c 0x00000000   Number         0  xgpio_g.o ABSOLUTE
    ..\sdk_workspace\standalone_bsp_0\Cortex_M3_0\libsrc\gpio_v4_3\src\xgpio_intr.c 0x00000000   Number         0  xgpio_intr.o ABSOLUTE
    ..\sdk_workspace\standalone_bsp_0\Cortex_M3_0\libsrc\gpio_v4_3\src\xgpio_selftest.c 0x00000000   Number         0  xgpio_selftest.o ABSOLUTE
    ..\sdk_workspace\standalone_bsp_0\Cortex_M3_0\libsrc\gpio_v4_3\src\xgpio_sinit.c 0x00000000   Number         0  xgpio_sinit.o ABSOLUTE
    ..\sdk_workspace\standalone_bsp_0\Cortex_M3_0\libsrc\spi_v4_4\src\xspi.c 0x00000000   Number         0  xspi.o ABSOLUTE
    ..\sdk_workspace\standalone_bsp_0\Cortex_M3_0\libsrc\spi_v4_4\src\xspi_g.c 0x00000000   Number         0  xspi_g.o ABSOLUTE
    ..\sdk_workspace\standalone_bsp_0\Cortex_M3_0\libsrc\spi_v4_4\src\xspi_options.c 0x00000000   Number         0  xspi_options.o ABSOLUTE
    ..\sdk_workspace\standalone_bsp_0\Cortex_M3_0\libsrc\spi_v4_4\src\xspi_selftest.c 0x00000000   Number         0  xspi_selftest.o ABSOLUTE
    ..\sdk_workspace\standalone_bsp_0\Cortex_M3_0\libsrc\spi_v4_4\src\xspi_sinit.c 0x00000000   Number         0  xspi_sinit.o ABSOLUTE
    ..\sdk_workspace\standalone_bsp_0\Cortex_M3_0\libsrc\spi_v4_4\src\xspi_stats.c 0x00000000   Number         0  xspi_stats.o ABSOLUTE
    ..\sdk_workspace\standalone_bsp_0\Cortex_M3_0\libsrc\standalone_v6_7\src\outbyte.c 0x00000000   Number         0  outbyte.o ABSOLUTE
    ..\sdk_workspace\standalone_bsp_0\Cortex_M3_0\libsrc\standalone_v6_7\src\print.c 0x00000000   Number         0  print.o ABSOLUTE
    ..\sdk_workspace\standalone_bsp_0\Cortex_M3_0\libsrc\standalone_v6_7\src\xil_assert.c 0x00000000   Number         0  xil_assert.o ABSOLUTE
    ..\sdk_workspace\standalone_bsp_0\Cortex_M3_0\libsrc\tmrctr_v4_4\src\xtmrctr.c 0x00000000   Number         0  xtmrctr.o ABSOLUTE
    ..\sdk_workspace\standalone_bsp_0\Cortex_M3_0\libsrc\tmrctr_v4_4\src\xtmrctr_g.c 0x00000000   Number         0  xtmrctr_g.o ABSOLUTE
    ..\sdk_workspace\standalone_bsp_0\Cortex_M3_0\libsrc\tmrctr_v4_4\src\xtmrctr_intr.c 0x00000000   Number         0  xtmrctr_intr.o ABSOLUTE
    ..\sdk_workspace\standalone_bsp_0\Cortex_M3_0\libsrc\tmrctr_v4_4\src\xtmrctr_l.c 0x00000000   Number         0  xtmrctr_l.o ABSOLUTE
    ..\sdk_workspace\standalone_bsp_0\Cortex_M3_0\libsrc\tmrctr_v4_4\src\xtmrctr_options.c 0x00000000   Number         0  xtmrctr_options.o ABSOLUTE
    ..\sdk_workspace\standalone_bsp_0\Cortex_M3_0\libsrc\tmrctr_v4_4\src\xtmrctr_selftest.c 0x00000000   Number         0  xtmrctr_selftest.o ABSOLUTE
    ..\sdk_workspace\standalone_bsp_0\Cortex_M3_0\libsrc\tmrctr_v4_4\src\xtmrctr_sinit.c 0x00000000   Number         0  xtmrctr_sinit.o ABSOLUTE
    ..\sdk_workspace\standalone_bsp_0\Cortex_M3_0\libsrc\tmrctr_v4_4\src\xtmrctr_stats.c 0x00000000   Number         0  xtmrctr_stats.o ABSOLUTE
    ..\sdk_workspace\standalone_bsp_0\Cortex_M3_0\libsrc\uartlite_v3_2\src\xuartlite.c 0x00000000   Number         0  xuartlite.o ABSOLUTE
    ..\sdk_workspace\standalone_bsp_0\Cortex_M3_0\libsrc\uartlite_v3_2\src\xuartlite_g.c 0x00000000   Number         0  xuartlite_g.o ABSOLUTE
    ..\sdk_workspace\standalone_bsp_0\Cortex_M3_0\libsrc\uartlite_v3_2\src\xuartlite_intr.c 0x00000000   Number         0  xuartlite_intr.o ABSOLUTE
    ..\sdk_workspace\standalone_bsp_0\Cortex_M3_0\libsrc\uartlite_v3_2\src\xuartlite_l.c 0x00000000   Number         0  xuartlite_l.o ABSOLUTE
    ..\sdk_workspace\standalone_bsp_0\Cortex_M3_0\libsrc\uartlite_v3_2\src\xuartlite_selftest.c 0x00000000   Number         0  xuartlite_selftest.o ABSOLUTE
    ..\sdk_workspace\standalone_bsp_0\Cortex_M3_0\libsrc\uartlite_v3_2\src\xuartlite_sinit.c 0x00000000   Number         0  xuartlite_sinit.o ABSOLUTE
    ..\sdk_workspace\standalone_bsp_0\Cortex_M3_0\libsrc\uartlite_v3_2\src\xuartlite_stats.c 0x00000000   Number         0  xuartlite_stats.o ABSOLUTE
    ..\spi\spi.c                             0x00000000   Number         0  spi.o ABSOLUTE
    ..\uart\uart.c                           0x00000000   Number         0  uart.o ABSOLUTE
    V:\\software\\m3_for_arty_a7\\timer\\tmr.c 0x00000000   Number         0  tmr.o ABSOLUTE
    V:\software\m3_for_arty_a7\timer\tmr.c   0x00000000   Number         0  tmr.o ABSOLUTE
    dc.s                                     0x00000000   Number         0  dc.o ABSOLUTE
    !!!main                                  0x000000c0   Section        8  __main.o(!!!main)
    !!!scatter                               0x000000c8   Section       52  __scatter.o(!!!scatter)
    !!dczerorl2                              0x000000fc   Section       90  __dczerorl2.o(!!dczerorl2)
    !!handler_zi                             0x00000158   Section       28  __scatter_zi.o(!!handler_zi)
    .ARM.Collect$$_printf_percent$$00000000  0x00000174   Section        0  _printf_percent.o(.ARM.Collect$$_printf_percent$$00000000)
    .ARM.Collect$$_printf_percent$$00000008  0x00000174   Section        6  _printf_i.o(.ARM.Collect$$_printf_percent$$00000008)
    .ARM.Collect$$_printf_percent$$00000009  0x0000017a   Section        6  _printf_d.o(.ARM.Collect$$_printf_percent$$00000009)
    .ARM.Collect$$_printf_percent$$0000000C  0x00000180   Section        6  _printf_x.o(.ARM.Collect$$_printf_percent$$0000000C)
    .ARM.Collect$$_printf_percent$$00000014  0x00000186   Section        6  _printf_s.o(.ARM.Collect$$_printf_percent$$00000014)
    .ARM.Collect$$_printf_percent$$00000017  0x0000018c   Section        4  _printf_percent_end.o(.ARM.Collect$$_printf_percent$$00000017)
    .ARM.Collect$$libinit$$00000000          0x00000190   Section        2  libinit.o(.ARM.Collect$$libinit$$00000000)
    .ARM.Collect$$libinit$$00000002          0x00000192   Section        0  libinit2.o(.ARM.Collect$$libinit$$00000002)
    .ARM.Collect$$libinit$$00000004          0x00000192   Section        0  libinit2.o(.ARM.Collect$$libinit$$00000004)
    .ARM.Collect$$libinit$$0000000A          0x00000192   Section        0  libinit2.o(.ARM.Collect$$libinit$$0000000A)
    .ARM.Collect$$libinit$$0000000C          0x00000192   Section        0  libinit2.o(.ARM.Collect$$libinit$$0000000C)
    .ARM.Collect$$libinit$$0000000E          0x00000192   Section        0  libinit2.o(.ARM.Collect$$libinit$$0000000E)
    .ARM.Collect$$libinit$$00000011          0x00000192   Section        0  libinit2.o(.ARM.Collect$$libinit$$00000011)
    .ARM.Collect$$libinit$$00000013          0x00000192   Section        0  libinit2.o(.ARM.Collect$$libinit$$00000013)
    .ARM.Collect$$libinit$$00000015          0x00000192   Section        0  libinit2.o(.ARM.Collect$$libinit$$00000015)
    .ARM.Collect$$libinit$$00000017          0x00000192   Section        0  libinit2.o(.ARM.Collect$$libinit$$00000017)
    .ARM.Collect$$libinit$$00000019          0x00000192   Section        0  libinit2.o(.ARM.Collect$$libinit$$00000019)
    .ARM.Collect$$libinit$$0000001B          0x00000192   Section        0  libinit2.o(.ARM.Collect$$libinit$$0000001B)
    .ARM.Collect$$libinit$$0000001D          0x00000192   Section        0  libinit2.o(.ARM.Collect$$libinit$$0000001D)
    .ARM.Collect$$libinit$$0000001F          0x00000192   Section        0  libinit2.o(.ARM.Collect$$libinit$$0000001F)
    .ARM.Collect$$libinit$$00000021          0x00000192   Section        0  libinit2.o(.ARM.Collect$$libinit$$00000021)
    .ARM.Collect$$libinit$$00000023          0x00000192   Section        0  libinit2.o(.ARM.Collect$$libinit$$00000023)
    .ARM.Collect$$libinit$$00000025          0x00000192   Section        0  libinit2.o(.ARM.Collect$$libinit$$00000025)
    .ARM.Collect$$libinit$$0000002C          0x00000192   Section        0  libinit2.o(.ARM.Collect$$libinit$$0000002C)
    .ARM.Collect$$libinit$$0000002E          0x00000192   Section        0  libinit2.o(.ARM.Collect$$libinit$$0000002E)
    .ARM.Collect$$libinit$$00000030          0x00000192   Section        0  libinit2.o(.ARM.Collect$$libinit$$00000030)
    .ARM.Collect$$libinit$$00000032          0x00000192   Section        0  libinit2.o(.ARM.Collect$$libinit$$00000032)
    .ARM.Collect$$libinit$$00000033          0x00000192   Section        2  libinit2.o(.ARM.Collect$$libinit$$00000033)
    .ARM.Collect$$libshutdown$$00000000      0x00000194   Section        2  libshutdown.o(.ARM.Collect$$libshutdown$$00000000)
    .ARM.Collect$$libshutdown$$00000002      0x00000196   Section        0  libshutdown2.o(.ARM.Collect$$libshutdown$$00000002)
    .ARM.Collect$$libshutdown$$00000004      0x00000196   Section        0  libshutdown2.o(.ARM.Collect$$libshutdown$$00000004)
    .ARM.Collect$$libshutdown$$00000006      0x00000196   Section        0  libshutdown2.o(.ARM.Collect$$libshutdown$$00000006)
    .ARM.Collect$$libshutdown$$00000009      0x00000196   Section        0  libshutdown2.o(.ARM.Collect$$libshutdown$$00000009)
    .ARM.Collect$$libshutdown$$0000000C      0x00000196   Section        0  libshutdown2.o(.ARM.Collect$$libshutdown$$0000000C)
    .ARM.Collect$$libshutdown$$0000000E      0x00000196   Section        0  libshutdown2.o(.ARM.Collect$$libshutdown$$0000000E)
    .ARM.Collect$$libshutdown$$00000011      0x00000196   Section        0  libshutdown2.o(.ARM.Collect$$libshutdown$$00000011)
    .ARM.Collect$$libshutdown$$00000012      0x00000196   Section        2  libshutdown2.o(.ARM.Collect$$libshutdown$$00000012)
    .ARM.Collect$$rtentry$$00000000          0x00000198   Section        0  __rtentry.o(.ARM.Collect$$rtentry$$00000000)
    .ARM.Collect$$rtentry$$00000002          0x00000198   Section        0  __rtentry2.o(.ARM.Collect$$rtentry$$00000002)
    .ARM.Collect$$rtentry$$00000004          0x00000198   Section        6  __rtentry4.o(.ARM.Collect$$rtentry$$00000004)
    .ARM.Collect$$rtentry$$00000009          0x0000019e   Section        0  __rtentry2.o(.ARM.Collect$$rtentry$$00000009)
    .ARM.Collect$$rtentry$$0000000A          0x0000019e   Section        4  __rtentry2.o(.ARM.Collect$$rtentry$$0000000A)
    .ARM.Collect$$rtentry$$0000000C          0x000001a2   Section        0  __rtentry2.o(.ARM.Collect$$rtentry$$0000000C)
    .ARM.Collect$$rtentry$$0000000D          0x000001a2   Section        8  __rtentry2.o(.ARM.Collect$$rtentry$$0000000D)
    .ARM.Collect$$rtexit$$00000000           0x000001aa   Section        2  rtexit.o(.ARM.Collect$$rtexit$$00000000)
    .ARM.Collect$$rtexit$$00000002           0x000001ac   Section        0  rtexit2.o(.ARM.Collect$$rtexit$$00000002)
    .ARM.Collect$$rtexit$$00000003           0x000001ac   Section        4  rtexit2.o(.ARM.Collect$$rtexit$$00000003)
    .ARM.Collect$$rtexit$$00000004           0x000001b0   Section        6  rtexit2.o(.ARM.Collect$$rtexit$$00000004)
    .text                                    0x000001b8   Section        0  system_arty_cm3.o(.text)
    .text                                    0x000001d0   Section       64  startup_arty_cm3.o(.text)
    .text                                    0x00000210   Section        0  outbyte.o(.text)
    .text                                    0x00000224   Section        0  print.o(.text)
    .text                                    0x0000023c   Section        0  xil_assert.o(.text)
    .text                                    0x00000270   Section        0  main.o(.text)
    NVIC_EnableIRQ                           0x00000445   Thumb Code    22  main.o(.text)
    NVIC_DisableIRQ                          0x0000045b   Thumb Code    18  main.o(.text)
    .text                                    0x00000694   Section        0  gpio.o(.text)
    NVIC_ClearPendingIRQ                     0x00000905   Thumb Code    18  gpio.o(.text)
    .text                                    0x00000958   Section        0  spi.o(.text)
    NVIC_ClearPendingIRQ                     0x00000c17   Thumb Code    18  spi.o(.text)
    Xil_In32                                 0x00000c29   Thumb Code     6  spi.o(.text)
    Xil_Out32                                0x00000c2f   Thumb Code     6  spi.o(.text)
    .text                                    0x00000c60   Section        0  uart.o(.text)
    .text                                    0x00000cf8   Section        0  tmr.o(.text)
    .text                                    0x00000dec   Section        0  xgpio.o(.text)
    Xil_Out32                                0x0000101d   Thumb Code     6  xgpio.o(.text)
    .text                                    0x0000102c   Section        0  xgpio_intr.o(.text)
    Xil_In32                                 0x00001363   Thumb Code     6  xgpio_intr.o(.text)
    Xil_Out32                                0x00001369   Thumb Code     6  xgpio_intr.o(.text)
    .text                                    0x00001378   Section        0  xgpio_sinit.o(.text)
    .text                                    0x000013ec   Section        0  xspi.o(.text)
    StubStatusHandler                        0x0000148b   Thumb Code    26  xspi.o(.text)
    Xil_In32                                 0x00001e51   Thumb Code     6  xspi.o(.text)
    Xil_Out32                                0x00001e57   Thumb Code     6  xspi.o(.text)
    .text                                    0x00001e64   Section        0  xspi_sinit.o(.text)
    .text                                    0x00001ed8   Section        0  xuartlite.o(.text)
    StubHandler                              0x00001ed9   Thumb Code    24  xuartlite.o(.text)
    Xil_In32                                 0x00002283   Thumb Code     6  xuartlite.o(.text)
    Xil_Out32                                0x00002289   Thumb Code     6  xuartlite.o(.text)
    .text                                    0x0000229c   Section        0  xuartlite_intr.o(.text)
    SendDataHandler                          0x00002365   Thumb Code    38  xuartlite_intr.o(.text)
    ReceiveDataHandler                       0x0000238b   Thumb Code    38  xuartlite_intr.o(.text)
    Xil_Out32                                0x0000249d   Thumb Code     6  xuartlite_intr.o(.text)
    .text                                    0x000024ac   Section        0  xuartlite_l.o(.text)
    .text                                    0x000024dc   Section        0  xuartlite_sinit.o(.text)
    .text                                    0x0000254c   Section        0  xuartlite_stats.o(.text)
    .text                                    0x00002620   Section        0  xtmrctr.o(.text)
    XTmrCtr_StubCallback                     0x00002621   Thumb Code    68  xtmrctr.o(.text)
    Xil_In32                                 0x00002b87   Thumb Code     6  xtmrctr.o(.text)
    Xil_Out32                                0x00002b8d   Thumb Code     6  xtmrctr.o(.text)
    .text                                    0x00002ba0   Section        0  xtmrctr_intr.o(.text)
    Xil_Out32                                0x00002cad   Thumb Code     6  xtmrctr_intr.o(.text)
    .text                                    0x00002cc0   Section        0  xtmrctr_options.o(.text)
    .text                                    0x00002e18   Section        0  xtmrctr_selftest.o(.text)
    Xil_Out32                                0x00002f11   Thumb Code     6  xtmrctr_selftest.o(.text)
    .text                                    0x00002f24   Section        0  xtmrctr_sinit.o(.text)
    .text                                    0x00002f58   Section        0  noretval__2sprintf.o(.text)
    .text                                    0x00002f80   Section        0  __printf.o(.text)
    .text                                    0x00002fe8   Section        0  _printf_str.o(.text)
    .text                                    0x0000303c   Section        0  _printf_dec.o(.text)
    .text                                    0x000030b4   Section        0  _printf_hex_int.o(.text)
    .text                                    0x0000310c   Section        0  strcpy.o(.text)
    .text                                    0x00003154   Section      100  rt_memcpy_w.o(.text)
    .text                                    0x000031b8   Section        0  heapauxi.o(.text)
    .text                                    0x000031be   Section        0  _printf_intcommon.o(.text)
    .text                                    0x00003270   Section        0  _printf_char_common.o(.text)
    _printf_input_char                       0x00003271   Thumb Code    10  _printf_char_common.o(.text)
    .text                                    0x000032a0   Section        0  _sputc.o(.text)
    .text                                    0x000032aa   Section        0  _printf_char.o(.text)
    .text                                    0x000032d6   Section       74  sys_stackheap_outer.o(.text)
    .text                                    0x00003320   Section        0  exit.o(.text)
    .text                                    0x00003334   Section        8  libspace.o(.text)
    .text                                    0x0000333c   Section        0  sys_exit.o(.text)
    .text                                    0x00003348   Section        2  use_no_semi.o(.text)
    .text                                    0x0000334a   Section        0  indicate_semi.o(.text)
    .constdata                               0x0000334c   Section       32  main.o(.constdata)
    .constdata                               0x0000336c   Section       40  _printf_hex_int.o(.constdata)
    uc_hextab                                0x0000336c   Data          20  _printf_hex_int.o(.constdata)
    lc_hextab                                0x00003380   Data          20  _printf_hex_int.o(.constdata)
    .conststring                             0x00003394   Section       75  xgpio.o(.conststring)
    .conststring                             0x000033e0   Section       80  xgpio_intr.o(.conststring)
    .conststring                             0x00003430   Section       81  xgpio_sinit.o(.conststring)
    .conststring                             0x00003484   Section       73  xspi.o(.conststring)
    .conststring                             0x000034d0   Section       79  xspi_sinit.o(.conststring)
    .conststring                             0x00003520   Section       83  xuartlite.o(.conststring)
    .conststring                             0x00003574   Section       88  xuartlite_intr.o(.conststring)
    .conststring                             0x000035cc   Section       89  xuartlite_sinit.o(.conststring)
    .conststring                             0x00003628   Section       89  xuartlite_stats.o(.conststring)
    .conststring                             0x00003684   Section       79  xtmrctr.o(.conststring)
    .conststring                             0x000036d4   Section       84  xtmrctr_intr.o(.conststring)
    .conststring                             0x00003728   Section       87  xtmrctr_options.o(.conststring)
    .conststring                             0x00003780   Section       88  xtmrctr_selftest.o(.conststring)
    .data                                    0x20000000   Section        4  system_arty_cm3.o(.data)
    .data                                    0x20000004   Section       12  xil_assert.o(.data)
    Xil_AssertCallbackRoutine                0x2000000c   Data           4  xil_assert.o(.data)
    .data                                    0x20000010   Section        1  main.o(.data)
    .data                                    0x20000014   Section        4  gpio.o(.data)
    valor                                    0x20000014   Data           4  gpio.o(.data)
    .data                                    0x20000018   Section       12  uart.o(.data)
    TotalReceivedCount                       0x20000018   Data           4  uart.o(.data)
    TotalSentCount                           0x2000001c   Data           4  uart.o(.data)
    BytesRx                                  0x20000020   Data           4  uart.o(.data)
    .data                                    0x20000024   Section       64  xgpio_g.o(.data)
    .data                                    0x20000064   Section      112  xspi_g.o(.data)
    .data                                    0x200000d4   Section       16  xuartlite_g.o(.data)
    .data                                    0x200000e4   Section       12  xtmrctr_g.o(.data)
    .data                                    0x200000f0   Section        2  xtmrctr_l.o(.data)
    .data                                    0x200000f4   Section       56  xtmrctr_options.o(.data)
    OptionsTable                             0x200000f4   Data          56  xtmrctr_options.o(.data)
    .bss                                     0x2000012c   Section       64  gpio.o(.bss)
    Gpio_Led_DIPSw                           0x2000012c   Data          16  gpio.o(.bss)
    Gpio_RGBLed_PB                           0x2000013c   Data          16  gpio.o(.bss)
    Gpio_DAPLink                             0x2000014c   Data          16  gpio.o(.bss)
    Gpio_Trigger                             0x2000015c   Data          16  gpio.o(.bss)
    .bss                                     0x2000016c   Section      604  spi.o(.bss)
    QSPI_base                                0x2000016c   Data          92  spi.o(.bss)
    QSPI_base_tx_buf                         0x200001c8   Data         256  spi.o(.bss)
    QSPI_base_rx_buf                         0x200002c8   Data         256  spi.o(.bss)
    .bss                                     0x200003c8   Section      588  uart.o(.bss)
    UART0_instance                           0x200003c8   Data          76  uart.o(.bss)
    .bss                                     0x20000614   Section       40  tmr.o(.bss)
    Timer0                                   0x20000614   Data          40  tmr.o(.bss)
    .bss                                     0x2000063c   Section       96  libspace.o(.bss)
    HEAP                                     0x200006a0   Section     3072  startup_arty_cm3.o(HEAP)
    Heap_Mem                                 0x200006a0   Data        3072  startup_arty_cm3.o(HEAP)
    STACK                                    0x200012a0   Section     1024  startup_arty_cm3.o(STACK)
    Stack_Mem                                0x200012a0   Data        1024  startup_arty_cm3.o(STACK)
    __initial_sp                             0x200016a0   Data           0  startup_arty_cm3.o(STACK)

    Global Symbols

    Symbol Name                              Value     Ov Type        Size  Object(Section)

    BuildAttributes$$THM_ISAv4$P$D$K$B$S$PE$A:L22UL41UL21$X:L11$S22US41US21$IEEE1$IW$USESV6$~STKCKD$USESV7$~SHL$OSPACE$ROPI$EBA8$UX$STANDARDLIB$REQ8$PRES8$EABIv2 0x00000000   Number         0  anon$$obj.o ABSOLUTE
    __ARM_use_no_argv                        0x00000000   Number         0  main.o ABSOLUTE
    __Vectors                                0x00000000   Data           4  startup_arty_cm3.o(RESET)
    __ARM_exceptions_init                     - Undefined Weak Reference
    __alloca_initialize                       - Undefined Weak Reference
    __arm_fini_                               - Undefined Weak Reference
    __arm_preinit_                            - Undefined Weak Reference
    __cpp_initialize__aeabi_                  - Undefined Weak Reference
    __cxa_finalize                            - Undefined Weak Reference
    __rt_locale                               - Undefined Weak Reference
    __sigvec_lookup                           - Undefined Weak Reference
    _atexit_init                              - Undefined Weak Reference
    _call_atexit_fns                          - Undefined Weak Reference
    _clock_init                               - Undefined Weak Reference
    _fp_trap_init                             - Undefined Weak Reference
    _fp_trap_shutdown                         - Undefined Weak Reference
    _get_lc_collate                           - Undefined Weak Reference
    _get_lc_ctype                             - Undefined Weak Reference
    _get_lc_monetary                          - Undefined Weak Reference
    _get_lc_numeric                           - Undefined Weak Reference
    _get_lc_time                              - Undefined Weak Reference
    _getenv_init                              - Undefined Weak Reference
    _handle_redirection                       - Undefined Weak Reference
    _init_alloc                               - Undefined Weak Reference
    _init_user_alloc                          - Undefined Weak Reference
    _initio                                   - Undefined Weak Reference
    _printf_mbtowc                            - Undefined Weak Reference
    _printf_post_padding                      - Undefined Weak Reference
    _printf_pre_padding                       - Undefined Weak Reference
    _printf_truncate_signed                   - Undefined Weak Reference
    _printf_truncate_unsigned                 - Undefined Weak Reference
    _rand_init                                - Undefined Weak Reference
    _signal_finish                            - Undefined Weak Reference
    _signal_init                              - Undefined Weak Reference
    _terminate_alloc                          - Undefined Weak Reference
    _terminate_user_alloc                     - Undefined Weak Reference
    _terminateio                              - Undefined Weak Reference
    __Vectors_End                            0x000000c0   Data           0  startup_arty_cm3.o(RESET)
    __Vectors_Size                           0x000000c0   Number         0  startup_arty_cm3.o ABSOLUTE
    __main                                   0x000000c1   Thumb Code     8  __main.o(!!!main)
    __scatterload                            0x000000c9   Thumb Code     0  __scatter.o(!!!scatter)
    __scatterload_rt2                        0x000000c9   Thumb Code    44  __scatter.o(!!!scatter)
    __scatterload_rt2_thumb_only             0x000000c9   Thumb Code     0  __scatter.o(!!!scatter)
    __scatterload_null                       0x000000d7   Thumb Code     0  __scatter.o(!!!scatter)
    __decompress                             0x000000fd   Thumb Code    90  __dczerorl2.o(!!dczerorl2)
    __decompress1                            0x000000fd   Thumb Code     0  __dczerorl2.o(!!dczerorl2)
    __scatterload_zeroinit                   0x00000159   Thumb Code    28  __scatter_zi.o(!!handler_zi)
    _printf_i                                0x00000175   Thumb Code     0  _printf_i.o(.ARM.Collect$$_printf_percent$$00000008)
    _printf_percent                          0x00000175   Thumb Code     0  _printf_percent.o(.ARM.Collect$$_printf_percent$$00000000)
    _printf_d                                0x0000017b   Thumb Code     0  _printf_d.o(.ARM.Collect$$_printf_percent$$00000009)
    _printf_x                                0x00000181   Thumb Code     0  _printf_x.o(.ARM.Collect$$_printf_percent$$0000000C)
    _printf_s                                0x00000187   Thumb Code     0  _printf_s.o(.ARM.Collect$$_printf_percent$$00000014)
    _printf_percent_end                      0x0000018d   Thumb Code     0  _printf_percent_end.o(.ARM.Collect$$_printf_percent$$00000017)
    __rt_lib_init                            0x00000191   Thumb Code     0  libinit.o(.ARM.Collect$$libinit$$00000000)
    __rt_lib_init_alloca_1                   0x00000193   Thumb Code     0  libinit2.o(.ARM.Collect$$libinit$$0000002E)
    __rt_lib_init_argv_1                     0x00000193   Thumb Code     0  libinit2.o(.ARM.Collect$$libinit$$0000002C)
    __rt_lib_init_atexit_1                   0x00000193   Thumb Code     0  libinit2.o(.ARM.Collect$$libinit$$0000001B)
    __rt_lib_init_clock_1                    0x00000193   Thumb Code     0  libinit2.o(.ARM.Collect$$libinit$$00000021)
    __rt_lib_init_cpp_1                      0x00000193   Thumb Code     0  libinit2.o(.ARM.Collect$$libinit$$00000032)
    __rt_lib_init_exceptions_1               0x00000193   Thumb Code     0  libinit2.o(.ARM.Collect$$libinit$$00000030)
    __rt_lib_init_fp_1                       0x00000193   Thumb Code     0  libinit2.o(.ARM.Collect$$libinit$$00000002)
    __rt_lib_init_fp_trap_1                  0x00000193   Thumb Code     0  libinit2.o(.ARM.Collect$$libinit$$0000001F)
    __rt_lib_init_getenv_1                   0x00000193   Thumb Code     0  libinit2.o(.ARM.Collect$$libinit$$00000023)
    __rt_lib_init_heap_1                     0x00000193   Thumb Code     0  libinit2.o(.ARM.Collect$$libinit$$0000000A)
    __rt_lib_init_lc_collate_1               0x00000193   Thumb Code     0  libinit2.o(.ARM.Collect$$libinit$$00000011)
    __rt_lib_init_lc_ctype_1                 0x00000193   Thumb Code     0  libinit2.o(.ARM.Collect$$libinit$$00000013)
    __rt_lib_init_lc_monetary_1              0x00000193   Thumb Code     0  libinit2.o(.ARM.Collect$$libinit$$00000015)
    __rt_lib_init_lc_numeric_1               0x00000193   Thumb Code     0  libinit2.o(.ARM.Collect$$libinit$$00000017)
    __rt_lib_init_lc_time_1                  0x00000193   Thumb Code     0  libinit2.o(.ARM.Collect$$libinit$$00000019)
    __rt_lib_init_preinit_1                  0x00000193   Thumb Code     0  libinit2.o(.ARM.Collect$$libinit$$00000004)
    __rt_lib_init_rand_1                     0x00000193   Thumb Code     0  libinit2.o(.ARM.Collect$$libinit$$0000000E)
    __rt_lib_init_return                     0x00000193   Thumb Code     0  libinit2.o(.ARM.Collect$$libinit$$00000033)
    __rt_lib_init_signal_1                   0x00000193   Thumb Code     0  libinit2.o(.ARM.Collect$$libinit$$0000001D)
    __rt_lib_init_stdio_1                    0x00000193   Thumb Code     0  libinit2.o(.ARM.Collect$$libinit$$00000025)
    __rt_lib_init_user_alloc_1               0x00000193   Thumb Code     0  libinit2.o(.ARM.Collect$$libinit$$0000000C)
    __rt_lib_shutdown                        0x00000195   Thumb Code     0  libshutdown.o(.ARM.Collect$$libshutdown$$00000000)
    __rt_lib_shutdown_cpp_1                  0x00000197   Thumb Code     0  libshutdown2.o(.ARM.Collect$$libshutdown$$00000004)
    __rt_lib_shutdown_fini_1                 0x00000197   Thumb Code     0  libshutdown2.o(.ARM.Collect$$libshutdown$$00000002)
    __rt_lib_shutdown_fp_trap_1              0x00000197   Thumb Code     0  libshutdown2.o(.ARM.Collect$$libshutdown$$00000009)
    __rt_lib_shutdown_heap_1                 0x00000197   Thumb Code     0  libshutdown2.o(.ARM.Collect$$libshutdown$$00000011)
    __rt_lib_shutdown_return                 0x00000197   Thumb Code     0  libshutdown2.o(.ARM.Collect$$libshutdown$$00000012)
    __rt_lib_shutdown_signal_1               0x00000197   Thumb Code     0  libshutdown2.o(.ARM.Collect$$libshutdown$$0000000C)
    __rt_lib_shutdown_stdio_1                0x00000197   Thumb Code     0  libshutdown2.o(.ARM.Collect$$libshutdown$$00000006)
    __rt_lib_shutdown_user_alloc_1           0x00000197   Thumb Code     0  libshutdown2.o(.ARM.Collect$$libshutdown$$0000000E)
    __rt_entry                               0x00000199   Thumb Code     0  __rtentry.o(.ARM.Collect$$rtentry$$00000000)
    __rt_entry_presh_1                       0x00000199   Thumb Code     0  __rtentry2.o(.ARM.Collect$$rtentry$$00000002)
    __rt_entry_sh                            0x00000199   Thumb Code     0  __rtentry4.o(.ARM.Collect$$rtentry$$00000004)
    __rt_entry_li                            0x0000019f   Thumb Code     0  __rtentry2.o(.ARM.Collect$$rtentry$$0000000A)
    __rt_entry_postsh_1                      0x0000019f   Thumb Code     0  __rtentry2.o(.ARM.Collect$$rtentry$$00000009)
    __rt_entry_main                          0x000001a3   Thumb Code     0  __rtentry2.o(.ARM.Collect$$rtentry$$0000000D)
    __rt_entry_postli_1                      0x000001a3   Thumb Code     0  __rtentry2.o(.ARM.Collect$$rtentry$$0000000C)
    __rt_exit                                0x000001ab   Thumb Code     0  rtexit.o(.ARM.Collect$$rtexit$$00000000)
    __rt_exit_ls                             0x000001ad   Thumb Code     0  rtexit2.o(.ARM.Collect$$rtexit$$00000003)
    __rt_exit_prels_1                        0x000001ad   Thumb Code     0  rtexit2.o(.ARM.Collect$$rtexit$$00000002)
    __rt_exit_exit                           0x000001b1   Thumb Code     0  rtexit2.o(.ARM.Collect$$rtexit$$00000004)
    SystemCoreClockUpdate                    0x000001b9   Thumb Code     8  system_arty_cm3.o(.text)
    SystemInit                               0x000001c1   Thumb Code     8  system_arty_cm3.o(.text)
    Reset_Handler                            0x000001d1   Thumb Code     8  startup_arty_cm3.o(.text)
    NMI_Handler                              0x000001d9   Thumb Code     2  startup_arty_cm3.o(.text)
    HardFault_Handler                        0x000001db   Thumb Code     2  startup_arty_cm3.o(.text)
    MemManage_Handler                        0x000001dd   Thumb Code     2  startup_arty_cm3.o(.text)
    BusFault_Handler                         0x000001df   Thumb Code     2  startup_arty_cm3.o(.text)
    UsageFault_Handler                       0x000001e1   Thumb Code     2  startup_arty_cm3.o(.text)
    SVC_Handler                              0x000001e3   Thumb Code     2  startup_arty_cm3.o(.text)
    DebugMon_Handler                         0x000001e5   Thumb Code     2  startup_arty_cm3.o(.text)
    PendSV_Handler                           0x000001e7   Thumb Code     2  startup_arty_cm3.o(.text)
    SysTick_Handler                          0x000001e9   Thumb Code     2  startup_arty_cm3.o(.text)
    Unused_IRQ10                             0x000001eb   Thumb Code     0  startup_arty_cm3.o(.text)
    Unused_IRQ11                             0x000001eb   Thumb Code     0  startup_arty_cm3.o(.text)
    Unused_IRQ12                             0x000001eb   Thumb Code     0  startup_arty_cm3.o(.text)
    Unused_IRQ13                             0x000001eb   Thumb Code     0  startup_arty_cm3.o(.text)
    Unused_IRQ14                             0x000001eb   Thumb Code     0  startup_arty_cm3.o(.text)
    Unused_IRQ15                             0x000001eb   Thumb Code     0  startup_arty_cm3.o(.text)
    Unused_IRQ16                             0x000001eb   Thumb Code     0  startup_arty_cm3.o(.text)
    Unused_IRQ17                             0x000001eb   Thumb Code     0  startup_arty_cm3.o(.text)
    Unused_IRQ18                             0x000001eb   Thumb Code     0  startup_arty_cm3.o(.text)
    Unused_IRQ19                             0x000001eb   Thumb Code     0  startup_arty_cm3.o(.text)
    Unused_IRQ20                             0x000001eb   Thumb Code     0  startup_arty_cm3.o(.text)
    Unused_IRQ21                             0x000001eb   Thumb Code     0  startup_arty_cm3.o(.text)
    Unused_IRQ22                             0x000001eb   Thumb Code     0  startup_arty_cm3.o(.text)
    Unused_IRQ23                             0x000001eb   Thumb Code     0  startup_arty_cm3.o(.text)
    Unused_IRQ24                             0x000001eb   Thumb Code     0  startup_arty_cm3.o(.text)
    Unused_IRQ25                             0x000001eb   Thumb Code     0  startup_arty_cm3.o(.text)
    Unused_IRQ26                             0x000001eb   Thumb Code     0  startup_arty_cm3.o(.text)
    Unused_IRQ27                             0x000001eb   Thumb Code     0  startup_arty_cm3.o(.text)
    Unused_IRQ28                             0x000001eb   Thumb Code     0  startup_arty_cm3.o(.text)
    Unused_IRQ29                             0x000001eb   Thumb Code     0  startup_arty_cm3.o(.text)
    Unused_IRQ30                             0x000001eb   Thumb Code     0  startup_arty_cm3.o(.text)
    Unused_IRQ31                             0x000001eb   Thumb Code     0  startup_arty_cm3.o(.text)
    __user_initial_stackheap                 0x000001ed   Thumb Code    10  startup_arty_cm3.o(.text)
    outbyte                                  0x00000211   Thumb Code    14  outbyte.o(.text)
    print                                    0x00000225   Thumb Code    22  print.o(.text)
    Xil_Assert                               0x0000023d   Thumb Code    34  xil_assert.o(.text)
    Xil_AssertSetCallback                    0x0000025f   Thumb Code     6  xil_assert.o(.text)
    XNullHandler                             0x00000265   Thumb Code     2  xil_assert.o(.text)
    main                                     0x00000271   Thumb Code   444  main.o(.text)
    DAPLinkFittedn                           0x0000042d   Thumb Code    24  main.o(.text)
    InitialiseGPIO                           0x00000695   Thumb Code   180  gpio.o(.text)
    EnableGPIOInterrupts                     0x00000749   Thumb Code    46  gpio.o(.text)
    openSwitch                               0x00000777   Thumb Code    14  gpio.o(.text)
    closeSwitch                              0x00000785   Thumb Code    14  gpio.o(.text)
    GPIOTrg_Handler                          0x00000793   Thumb Code    64  gpio.o(.text)
    GPIO0_Handler                            0x000007d3   Thumb Code    48  gpio.o(.text)
    GPIO1_Handler                            0x00000803   Thumb Code   216  gpio.o(.text)
    SetDAPLinkQSPIMode                       0x000008db   Thumb Code    16  gpio.o(.text)
    IncLeds                                  0x000008eb   Thumb Code    26  gpio.o(.text)
    InitialiseSPI                            0x00000959   Thumb Code    58  spi.o(.text)
    DisableSPIInterrupts                     0x00000993   Thumb Code    18  spi.o(.text)
    InitQSPIBaseFlash                        0x000009a5   Thumb Code    76  spi.o(.text)
    WriteQSPIBaseFlash                       0x000009f1   Thumb Code   138  spi.o(.text)
    ReadQSPIBaseFlash                        0x00000a7b   Thumb Code   124  spi.o(.text)
    WriteSPIData                             0x00000af7   Thumb Code   248  spi.o(.text)
    QSPI0_Handler                            0x00000bef   Thumb Code    10  spi.o(.text)
    DAP_QSPI0_Handler                        0x00000bf9   Thumb Code    10  spi.o(.text)
    DAP_SPI0_Handler                         0x00000c03   Thumb Code    10  spi.o(.text)
    DAP_QSPI_XIP_Handler                     0x00000c0d   Thumb Code    10  spi.o(.text)
    RecvHandler                              0x00000c61   Thumb Code     6  uart.o(.text)
    SendHandler                              0x00000c67   Thumb Code     6  uart.o(.text)
    InitialiseUART                           0x00000c6d   Thumb Code    58  uart.o(.text)
    CheckUARTRxBytes                         0x00000ca7   Thumb Code    22  uart.o(.text)
    EnableUARTInterrupts                     0x00000cbd   Thumb Code    10  uart.o(.text)
    UART0_Handler                            0x00000cc7   Thumb Code    26  uart.o(.text)
    startTimer0                              0x00000cf9   Thumb Code    32  tmr.o(.text)
    TimerHandler                             0x00000d19   Thumb Code    66  tmr.o(.text)
    InitialiseTIMER0                         0x00000d5b   Thumb Code    44  tmr.o(.text)
    testTIMER0                               0x00000d87   Thumb Code    30  tmr.o(.text)
    valorTimer0                              0x00000da5   Thumb Code    16  tmr.o(.text)
    XGpio_CfgInitialize                      0x00000ded   Thumb Code    56  xgpio.o(.text)
    XGpio_SetDataDirection                   0x00000e25   Thumb Code   126  xgpio.o(.text)
    XGpio_GetDataDirection                   0x00000ea3   Thumb Code   126  xgpio.o(.text)
    XGpio_DiscreteRead                       0x00000f21   Thumb Code   126  xgpio.o(.text)
    XGpio_DiscreteWrite                      0x00000f9f   Thumb Code   126  xgpio.o(.text)
    XGpio_InterruptGlobalEnable              0x0000102d   Thumb Code   110  xgpio_intr.o(.text)
    XGpio_InterruptGlobalDisable             0x0000109b   Thumb Code   108  xgpio_intr.o(.text)
    XGpio_InterruptEnable                    0x00001107   Thumb Code   124  xgpio_intr.o(.text)
    XGpio_InterruptDisable                   0x00001183   Thumb Code   124  xgpio_intr.o(.text)
    XGpio_InterruptClear                     0x000011ff   Thumb Code   124  xgpio_intr.o(.text)
    XGpio_InterruptGetEnabled                0x0000127b   Thumb Code   116  xgpio_intr.o(.text)
    XGpio_InterruptGetStatus                 0x000012ef   Thumb Code   116  xgpio_intr.o(.text)
    XGpio_LookupConfig                       0x00001379   Thumb Code    38  xgpio_sinit.o(.text)
    XGpio_Initialize                         0x0000139f   Thumb Code    64  xgpio_sinit.o(.text)
    XSpi_Abort                               0x000013ed   Thumb Code    62  xspi.o(.text)
    XSpi_Reset                               0x0000142b   Thumb Code    96  xspi.o(.text)
    XSpi_CfgInitialize                       0x000014a5   Thumb Code   374  xspi.o(.text)
    XSpi_Start                               0x0000161b   Thumb Code   164  xspi.o(.text)
    XSpi_Stop                                0x000016bf   Thumb Code   124  xspi.o(.text)
    XSpi_Transfer                            0x0000173b   Thumb Code   872  xspi.o(.text)
    XSpi_SetSlaveSelect                      0x00001aa3   Thumb Code   130  xspi.o(.text)
    XSpi_GetSlaveSelect                      0x00001b25   Thumb Code    76  xspi.o(.text)
    XSpi_SetStatusHandler                    0x00001b71   Thumb Code   106  xspi.o(.text)
    XSpi_InterruptHandler                    0x00001bdb   Thumb Code   630  xspi.o(.text)
    XSpi_LookupConfig                        0x00001e65   Thumb Code    44  xspi_sinit.o(.text)
    XSpi_Initialize                          0x00001e91   Thumb Code    60  xspi_sinit.o(.text)
    XUartLite_CfgInitialize                  0x00001ef1   Thumb Code    88  xuartlite.o(.text)
    XUartLite_SendBuffer                     0x00001f49   Thumb Code   126  xuartlite.o(.text)
    XUartLite_Send                           0x00001fc7   Thumb Code   190  xuartlite.o(.text)
    XUartLite_ReceiveBuffer                  0x00002085   Thumb Code   156  xuartlite.o(.text)
    XUartLite_Recv                           0x00002121   Thumb Code   198  xuartlite.o(.text)
    XUartLite_ResetFifos                     0x000021e7   Thumb Code   100  xuartlite.o(.text)
    XUartLite_IsSending                      0x0000224b   Thumb Code    56  xuartlite.o(.text)
    XUartLite_SetRecvHandler                 0x0000229d   Thumb Code   100  xuartlite_intr.o(.text)
    XUartLite_SetSendHandler                 0x00002301   Thumb Code   100  xuartlite_intr.o(.text)
    XUartLite_InterruptHandler               0x000023b1   Thumb Code    72  xuartlite_intr.o(.text)
    XUartLite_DisableInterrupt               0x000023f9   Thumb Code    82  xuartlite_intr.o(.text)
    XUartLite_EnableInterrupt                0x0000244b   Thumb Code    82  xuartlite_intr.o(.text)
    XUartLite_SendByte                       0x000024ad   Thumb Code    24  xuartlite_l.o(.text)
    XUartLite_RecvByte                       0x000024c5   Thumb Code    24  xuartlite_l.o(.text)
    XUartLite_LookupConfig                   0x000024dd   Thumb Code    38  xuartlite_sinit.o(.text)
    XUartLite_Initialize                     0x00002503   Thumb Code    60  xuartlite_sinit.o(.text)
    XUartLite_GetStats                       0x0000254d   Thumb Code   122  xuartlite_stats.o(.text)
    XUartLite_ClearStats                     0x000025c7   Thumb Code    82  xuartlite_stats.o(.text)
    XTmrCtr_CfgInitialize                    0x00002665   Thumb Code   122  xtmrctr.o(.text)
    XTmrCtr_InitHw                           0x000026df   Thumb Code   154  xtmrctr.o(.text)
    XTmrCtr_Initialize                       0x00002779   Thumb Code    86  xtmrctr.o(.text)
    XTmrCtr_Start                            0x000027cf   Thumb Code   158  xtmrctr.o(.text)
    XTmrCtr_Stop                             0x0000286d   Thumb Code   146  xtmrctr.o(.text)
    XTmrCtr_GetValue                         0x000028ff   Thumb Code   122  xtmrctr.o(.text)
    XTmrCtr_SetResetValue                    0x00002979   Thumb Code   120  xtmrctr.o(.text)
    XTmrCtr_GetCaptureValue                  0x000029f1   Thumb Code   136  xtmrctr.o(.text)
    XTmrCtr_Reset                            0x00002a79   Thumb Code   146  xtmrctr.o(.text)
    XTmrCtr_IsExpired                        0x00002b0b   Thumb Code   124  xtmrctr.o(.text)
    XTmrCtr_SetHandler                       0x00002ba1   Thumb Code   100  xtmrctr_intr.o(.text)
    XTmrCtr_InterruptHandler                 0x00002c05   Thumb Code   168  xtmrctr_intr.o(.text)
    XTmrCtr_SetOptions                       0x00002cc1   Thumb Code   162  xtmrctr_options.o(.text)
    XTmrCtr_GetOptions                       0x00002d63   Thumb Code   164  xtmrctr_options.o(.text)
    XTmrCtr_SelfTest                         0x00002e19   Thumb Code   248  xtmrctr_selftest.o(.text)
    XTmrCtr_LookupConfig                     0x00002f25   Thumb Code    46  xtmrctr_sinit.o(.text)
    __2sprintf                               0x00002f59   Thumb Code    34  noretval__2sprintf.o(.text)
    __printf                                 0x00002f81   Thumb Code   104  __printf.o(.text)
    _printf_str                              0x00002fe9   Thumb Code    82  _printf_str.o(.text)
    _printf_int_dec                          0x0000303d   Thumb Code   104  _printf_dec.o(.text)
    _printf_int_hex                          0x000030b5   Thumb Code    84  _printf_hex_int.o(.text)
    _printf_longlong_hex                     0x000030b5   Thumb Code     0  _printf_hex_int.o(.text)
    strcpy                                   0x0000310d   Thumb Code    72  strcpy.o(.text)
    __aeabi_memcpy4                          0x00003155   Thumb Code     0  rt_memcpy_w.o(.text)
    __aeabi_memcpy8                          0x00003155   Thumb Code     0  rt_memcpy_w.o(.text)
    __rt_memcpy_w                            0x00003155   Thumb Code   100  rt_memcpy_w.o(.text)
    _memcpy_lastbytes_aligned                0x0000319d   Thumb Code     0  rt_memcpy_w.o(.text)
    __use_two_region_memory                  0x000031b9   Thumb Code     2  heapauxi.o(.text)
    __rt_heap_escrow$2region                 0x000031bb   Thumb Code     2  heapauxi.o(.text)
    __rt_heap_expand$2region                 0x000031bd   Thumb Code     2  heapauxi.o(.text)
    _printf_int_common                       0x000031bf   Thumb Code   178  _printf_intcommon.o(.text)
    _printf_char_common                      0x0000327b   Thumb Code    32  _printf_char_common.o(.text)
    _sputc                                   0x000032a1   Thumb Code    10  _sputc.o(.text)
    _printf_cs_common                        0x000032ab   Thumb Code    20  _printf_char.o(.text)
    _printf_char                             0x000032bf   Thumb Code    16  _printf_char.o(.text)
    _printf_string                           0x000032cf   Thumb Code     8  _printf_char.o(.text)
    __user_setup_stackheap                   0x000032d7   Thumb Code    74  sys_stackheap_outer.o(.text)
    exit                                     0x00003321   Thumb Code    18  exit.o(.text)
    __user_libspace                          0x00003335   Thumb Code     8  libspace.o(.text)
    __user_perproc_libspace                  0x00003335   Thumb Code     0  libspace.o(.text)
    __user_perthread_libspace                0x00003335   Thumb Code     0  libspace.o(.text)
    _sys_exit                                0x0000333d   Thumb Code     8  sys_exit.o(.text)
    __I$use$semihosting                      0x00003349   Thumb Code     0  use_no_semi.o(.text)
    __use_no_semihosting_swi                 0x00003349   Thumb Code     2  use_no_semi.o(.text)
    __semihosting_library_function           0x0000334b   Thumb Code     0  indicate_semi.o(.text)
    Region$$Table$$Base                      0x000037d8   Number         0  anon$$obj.o(Region$$Table)
    Region$$Table$$Limit                     0x000037f8   Number         0  anon$$obj.o(Region$$Table)
    SystemCoreClock                          0x20000000   Data           4  system_arty_cm3.o(.data)
    Xil_AssertStatus                         0x20000004   Data           4  xil_assert.o(.data)
    Xil_AssertWait                           0x20000008   Data           4  xil_assert.o(.data)
    faseExc                                  0x20000010   Data           1  main.o(.data)
    XGpio_ConfigTable                        0x20000024   Data          64  xgpio_g.o(.data)
    XSpi_ConfigTable                         0x20000064   Data         112  xspi_g.o(.data)
    XUartLite_ConfigTable                    0x200000d4   Data          16  xuartlite_g.o(.data)
    XTmrCtr_ConfigTable                      0x200000e4   Data          12  xtmrctr_g.o(.data)
    XTmrCtr_Offsets                          0x200000f0   Data           2  xtmrctr_l.o(.data)
    UARTSendBuffer                           0x20000414   Data         256  uart.o(.bss)
    UARTReceiveBuffer                        0x20000514   Data         256  uart.o(.bss)
    __libspace_start                         0x2000063c   Data          96  libspace.o(.bss)
    __temporary_stack_top$libspace           0x2000069c   Data           0  libspace.o(.bss)



==============================================================================

Memory Map of the image

  Image Entry point : 0x000001d1

  Load Region LR_IROM1 (Base: 0x00000000, Size: 0x00003924, Max: 0x00008000, ABSOLUTE, COMPRESSED[0x00003860])

    Execution Region ER_IROM1 (Exec base: 0x00000000, Load base: 0x00000000, Size: 0x000037f8, Max: 0x00008000, ABSOLUTE)

    Exec Addr    Load Addr    Size         Type   Attr      Idx    E Section Name        Object

    0x00000000   0x00000000   0x000000c0   Data   RO           49    RESET               startup_arty_cm3.o
    0x000000c0   0x000000c0   0x00000008   Code   RO          851  * !!!main             c_w.l(__main.o)
    0x000000c8   0x000000c8   0x00000034   Code   RO         1023    !!!scatter          c_w.l(__scatter.o)
    0x000000fc   0x000000fc   0x0000005a   Code   RO         1021    !!dczerorl2         c_w.l(__dczerorl2.o)
    0x00000156   0x00000156   0x00000002   PAD
    0x00000158   0x00000158   0x0000001c   Code   RO         1025    !!handler_zi        c_w.l(__scatter_zi.o)
    0x00000174   0x00000174   0x00000000   Code   RO          844    .ARM.Collect$$_printf_percent$$00000000  c_w.l(_printf_percent.o)
    0x00000174   0x00000174   0x00000006   Code   RO          842    .ARM.Collect$$_printf_percent$$00000008  c_w.l(_printf_i.o)
    0x0000017a   0x0000017a   0x00000006   Code   RO          843    .ARM.Collect$$_printf_percent$$00000009  c_w.l(_printf_d.o)
    0x00000180   0x00000180   0x00000006   Code   RO          841    .ARM.Collect$$_printf_percent$$0000000C  c_w.l(_printf_x.o)
    0x00000186   0x00000186   0x00000006   Code   RO          840    .ARM.Collect$$_printf_percent$$00000014  c_w.l(_printf_s.o)
    0x0000018c   0x0000018c   0x00000004   Code   RO          862    .ARM.Collect$$_printf_percent$$00000017  c_w.l(_printf_percent_end.o)
    0x00000190   0x00000190   0x00000002   Code   RO          889    .ARM.Collect$$libinit$$00000000  c_w.l(libinit.o)
    0x00000192   0x00000192   0x00000000   Code   RO          896    .ARM.Collect$$libinit$$00000002  c_w.l(libinit2.o)
    0x00000192   0x00000192   0x00000000   Code   RO          898    .ARM.Collect$$libinit$$00000004  c_w.l(libinit2.o)
    0x00000192   0x00000192   0x00000000   Code   RO          901    .ARM.Collect$$libinit$$0000000A  c_w.l(libinit2.o)
    0x00000192   0x00000192   0x00000000   Code   RO          903    .ARM.Collect$$libinit$$0000000C  c_w.l(libinit2.o)
    0x00000192   0x00000192   0x00000000   Code   RO          905    .ARM.Collect$$libinit$$0000000E  c_w.l(libinit2.o)
    0x00000192   0x00000192   0x00000000   Code   RO          908    .ARM.Collect$$libinit$$00000011  c_w.l(libinit2.o)
    0x00000192   0x00000192   0x00000000   Code   RO          910    .ARM.Collect$$libinit$$00000013  c_w.l(libinit2.o)
    0x00000192   0x00000192   0x00000000   Code   RO          912    .ARM.Collect$$libinit$$00000015  c_w.l(libinit2.o)
    0x00000192   0x00000192   0x00000000   Code   RO          914    .ARM.Collect$$libinit$$00000017  c_w.l(libinit2.o)
    0x00000192   0x00000192   0x00000000   Code   RO          916    .ARM.Collect$$libinit$$00000019  c_w.l(libinit2.o)
    0x00000192   0x00000192   0x00000000   Code   RO          918    .ARM.Collect$$libinit$$0000001B  c_w.l(libinit2.o)
    0x00000192   0x00000192   0x00000000   Code   RO          920    .ARM.Collect$$libinit$$0000001D  c_w.l(libinit2.o)
    0x00000192   0x00000192   0x00000000   Code   RO          922    .ARM.Collect$$libinit$$0000001F  c_w.l(libinit2.o)
    0x00000192   0x00000192   0x00000000   Code   RO          924    .ARM.Collect$$libinit$$00000021  c_w.l(libinit2.o)
    0x00000192   0x00000192   0x00000000   Code   RO          926    .ARM.Collect$$libinit$$00000023  c_w.l(libinit2.o)
    0x00000192   0x00000192   0x00000000   Code   RO          928    .ARM.Collect$$libinit$$00000025  c_w.l(libinit2.o)
    0x00000192   0x00000192   0x00000000   Code   RO          932    .ARM.Collect$$libinit$$0000002C  c_w.l(libinit2.o)
    0x00000192   0x00000192   0x00000000   Code   RO          934    .ARM.Collect$$libinit$$0000002E  c_w.l(libinit2.o)
    0x00000192   0x00000192   0x00000000   Code   RO          936    .ARM.Collect$$libinit$$00000030  c_w.l(libinit2.o)
    0x00000192   0x00000192   0x00000000   Code   RO          938    .ARM.Collect$$libinit$$00000032  c_w.l(libinit2.o)
    0x00000192   0x00000192   0x00000002   Code   RO          939    .ARM.Collect$$libinit$$00000033  c_w.l(libinit2.o)
    0x00000194   0x00000194   0x00000002   Code   RO          959    .ARM.Collect$$libshutdown$$00000000  c_w.l(libshutdown.o)
    0x00000196   0x00000196   0x00000000   Code   RO          972    .ARM.Collect$$libshutdown$$00000002  c_w.l(libshutdown2.o)
    0x00000196   0x00000196   0x00000000   Code   RO          974    .ARM.Collect$$libshutdown$$00000004  c_w.l(libshutdown2.o)
    0x00000196   0x00000196   0x00000000   Code   RO          976    .ARM.Collect$$libshutdown$$00000006  c_w.l(libshutdown2.o)
    0x00000196   0x00000196   0x00000000   Code   RO          979    .ARM.Collect$$libshutdown$$00000009  c_w.l(libshutdown2.o)
    0x00000196   0x00000196   0x00000000   Code   RO          982    .ARM.Collect$$libshutdown$$0000000C  c_w.l(libshutdown2.o)
    0x00000196   0x00000196   0x00000000   Code   RO          984    .ARM.Collect$$libshutdown$$0000000E  c_w.l(libshutdown2.o)
    0x00000196   0x00000196   0x00000000   Code   RO          987    .ARM.Collect$$libshutdown$$00000011  c_w.l(libshutdown2.o)
    0x00000196   0x00000196   0x00000002   Code   RO          988    .ARM.Collect$$libshutdown$$00000012  c_w.l(libshutdown2.o)
    0x00000198   0x00000198   0x00000000   Code   RO          853    .ARM.Collect$$rtentry$$00000000  c_w.l(__rtentry.o)
    0x00000198   0x00000198   0x00000000   Code   RO          864    .ARM.Collect$$rtentry$$00000002  c_w.l(__rtentry2.o)
    0x00000198   0x00000198   0x00000006   Code   RO          876    .ARM.Collect$$rtentry$$00000004  c_w.l(__rtentry4.o)
    0x0000019e   0x0000019e   0x00000000   Code   RO          866    .ARM.Collect$$rtentry$$00000009  c_w.l(__rtentry2.o)
    0x0000019e   0x0000019e   0x00000004   Code   RO          867    .ARM.Collect$$rtentry$$0000000A  c_w.l(__rtentry2.o)
    0x000001a2   0x000001a2   0x00000000   Code   RO          869    .ARM.Collect$$rtentry$$0000000C  c_w.l(__rtentry2.o)
    0x000001a2   0x000001a2   0x00000008   Code   RO          870    .ARM.Collect$$rtentry$$0000000D  c_w.l(__rtentry2.o)
    0x000001aa   0x000001aa   0x00000002   Code   RO          893    .ARM.Collect$$rtexit$$00000000  c_w.l(rtexit.o)
    0x000001ac   0x000001ac   0x00000000   Code   RO          941    .ARM.Collect$$rtexit$$00000002  c_w.l(rtexit2.o)
    0x000001ac   0x000001ac   0x00000004   Code   RO          942    .ARM.Collect$$rtexit$$00000003  c_w.l(rtexit2.o)
    0x000001b0   0x000001b0   0x00000006   Code   RO          943    .ARM.Collect$$rtexit$$00000004  c_w.l(rtexit2.o)
    0x000001b6   0x000001b6   0x00000002   PAD
    0x000001b8   0x000001b8   0x00000018   Code   RO            3    .text               system_arty_cm3.o
    0x000001d0   0x000001d0   0x00000040   Code   RO           50  * .text               startup_arty_cm3.o
    0x00000210   0x00000210   0x00000014   Code   RO           54    .text               outbyte.o
    0x00000224   0x00000224   0x00000016   Code   RO          109    .text               print.o
    0x0000023a   0x0000023a   0x00000002   PAD
    0x0000023c   0x0000023c   0x00000034   Code   RO          136    .text               xil_assert.o
    0x00000270   0x00000270   0x00000424   Code   RO          159    .text               main.o
    0x00000694   0x00000694   0x000002c4   Code   RO          254    .text               gpio.o
    0x00000958   0x00000958   0x00000308   Code   RO          311    .text               spi.o
    0x00000c60   0x00000c60   0x00000098   Code   RO          342    .text               uart.o
    0x00000cf8   0x00000cf8   0x000000f4   Code   RO          372    .text               tmr.o
    0x00000dec   0x00000dec   0x00000240   Code   RO          403    .text               xgpio.o
    0x0000102c   0x0000102c   0x0000034c   Code   RO          451    .text               xgpio_intr.o
    0x00001378   0x00001378   0x00000074   Code   RO          477    .text               xgpio_sinit.o
    0x000013ec   0x000013ec   0x00000a78   Code   RO          490    .text               xspi.o
    0x00001e64   0x00001e64   0x00000074   Code   RO          550    .text               xspi_sinit.o
    0x00001ed8   0x00001ed8   0x000003c4   Code   RO          577    .text               xuartlite.o
    0x0000229c   0x0000229c   0x00000210   Code   RO          609    .text               xuartlite_intr.o
    0x000024ac   0x000024ac   0x00000030   Code   RO          622    .text               xuartlite_l.o
    0x000024dc   0x000024dc   0x00000070   Code   RO          650    .text               xuartlite_sinit.o
    0x0000254c   0x0000254c   0x000000d4   Code   RO          663    .text               xuartlite_stats.o
    0x00002620   0x00002620   0x00000580   Code   RO          676    .text               xtmrctr.o
    0x00002ba0   0x00002ba0   0x00000120   Code   RO          708    .text               xtmrctr_intr.o
    0x00002cc0   0x00002cc0   0x00000158   Code   RO          733    .text               xtmrctr_options.o
    0x00002e18   0x00002e18   0x0000010c   Code   RO          748    .text               xtmrctr_selftest.o
    0x00002f24   0x00002f24   0x00000034   Code   RO          761    .text               xtmrctr_sinit.o
    0x00002f58   0x00002f58   0x00000028   Code   RO          791    .text               c_w.l(noretval__2sprintf.o)
    0x00002f80   0x00002f80   0x00000068   Code   RO          793    .text               c_w.l(__printf.o)
    0x00002fe8   0x00002fe8   0x00000052   Code   RO          795    .text               c_w.l(_printf_str.o)
    0x0000303a   0x0000303a   0x00000002   PAD
    0x0000303c   0x0000303c   0x00000078   Code   RO          797    .text               c_w.l(_printf_dec.o)
    0x000030b4   0x000030b4   0x00000058   Code   RO          802    .text               c_w.l(_printf_hex_int.o)
    0x0000310c   0x0000310c   0x00000048   Code   RO          845    .text               c_w.l(strcpy.o)
    0x00003154   0x00003154   0x00000064   Code   RO          847    .text               c_w.l(rt_memcpy_w.o)
    0x000031b8   0x000031b8   0x00000006   Code   RO          849    .text               c_w.l(heapauxi.o)
    0x000031be   0x000031be   0x000000b2   Code   RO          854    .text               c_w.l(_printf_intcommon.o)
    0x00003270   0x00003270   0x00000030   Code   RO          856    .text               c_w.l(_printf_char_common.o)
    0x000032a0   0x000032a0   0x0000000a   Code   RO          858    .text               c_w.l(_sputc.o)
    0x000032aa   0x000032aa   0x0000002c   Code   RO          860    .text               c_w.l(_printf_char.o)
    0x000032d6   0x000032d6   0x0000004a   Code   RO          880    .text               c_w.l(sys_stackheap_outer.o)
    0x00003320   0x00003320   0x00000012   Code   RO          882    .text               c_w.l(exit.o)
    0x00003332   0x00003332   0x00000002   PAD
    0x00003334   0x00003334   0x00000008   Code   RO          890    .text               c_w.l(libspace.o)
    0x0000333c   0x0000333c   0x0000000c   Code   RO          951    .text               c_w.l(sys_exit.o)
    0x00003348   0x00003348   0x00000002   Code   RO          962    .text               c_w.l(use_no_semi.o)
    0x0000334a   0x0000334a   0x00000000   Code   RO          964    .text               c_w.l(indicate_semi.o)
    0x0000334a   0x0000334a   0x00000002   PAD
    0x0000334c   0x0000334c   0x00000020   Data   RO          160    .constdata          main.o
    0x0000336c   0x0000336c   0x00000028   Data   RO          803    .constdata          c_w.l(_printf_hex_int.o)
    0x00003394   0x00003394   0x0000004b   Data   RO          404    .conststring        xgpio.o
    0x000033df   0x000033df   0x00000001   PAD
    0x000033e0   0x000033e0   0x00000050   Data   RO          452    .conststring        xgpio_intr.o
    0x00003430   0x00003430   0x00000051   Data   RO          478    .conststring        xgpio_sinit.o
    0x00003481   0x00003481   0x00000003   PAD
    0x00003484   0x00003484   0x00000049   Data   RO          491    .conststring        xspi.o
    0x000034cd   0x000034cd   0x00000003   PAD
    0x000034d0   0x000034d0   0x0000004f   Data   RO          551    .conststring        xspi_sinit.o
    0x0000351f   0x0000351f   0x00000001   PAD
    0x00003520   0x00003520   0x00000053   Data   RO          578    .conststring        xuartlite.o
    0x00003573   0x00003573   0x00000001   PAD
    0x00003574   0x00003574   0x00000058   Data   RO          610    .conststring        xuartlite_intr.o
    0x000035cc   0x000035cc   0x00000059   Data   RO          651    .conststring        xuartlite_sinit.o
    0x00003625   0x00003625   0x00000003   PAD
    0x00003628   0x00003628   0x00000059   Data   RO          664    .conststring        xuartlite_stats.o
    0x00003681   0x00003681   0x00000003   PAD
    0x00003684   0x00003684   0x0000004f   Data   RO          677    .conststring        xtmrctr.o
    0x000036d3   0x000036d3   0x00000001   PAD
    0x000036d4   0x000036d4   0x00000054   Data   RO          709    .conststring        xtmrctr_intr.o
    0x00003728   0x00003728   0x00000057   Data   RO          734    .conststring        xtmrctr_options.o
    0x0000377f   0x0000377f   0x00000001   PAD
    0x00003780   0x00003780   0x00000058   Data   RO          749    .conststring        xtmrctr_selftest.o
    0x000037d8   0x000037d8   0x00000020   Data   RO         1019    Region$$Table       anon$$obj.o


    Execution Region RW_IRAM1 (Exec base: 0x20000000, Load base: 0x000037f8, Size: 0x000016a0, Max: 0x00008000, ABSOLUTE, COMPRESSED[0x00000068])

    Exec Addr    Load Addr    Size         Type   Attr      Idx    E Section Name        Object

    0x20000000   COMPRESSED   0x00000004   Data   RW            4    .data               system_arty_cm3.o
    0x20000004   COMPRESSED   0x0000000c   Data   RW          137    .data               xil_assert.o
    0x20000010   COMPRESSED   0x00000001   Data   RW          161    .data               main.o
    0x20000011   COMPRESSED   0x00000003   PAD
    0x20000014   COMPRESSED   0x00000004   Data   RW          256    .data               gpio.o
    0x20000018   COMPRESSED   0x0000000c   Data   RW          344    .data               uart.o
    0x20000024   COMPRESSED   0x00000040   Data   RW          442    .data               xgpio_g.o
    0x20000064   COMPRESSED   0x00000070   Data   RW          513    .data               xspi_g.o
    0x200000d4   COMPRESSED   0x00000010   Data   RW          600    .data               xuartlite_g.o
    0x200000e4   COMPRESSED   0x0000000c   Data   RW          699    .data               xtmrctr_g.o
    0x200000f0   COMPRESSED   0x00000002   Data   RW          721    .data               xtmrctr_l.o
    0x200000f2   COMPRESSED   0x00000002   PAD
    0x200000f4   COMPRESSED   0x00000038   Data   RW          735    .data               xtmrctr_options.o
    0x2000012c        -       0x00000040   Zero   RW          255    .bss                gpio.o
    0x2000016c        -       0x0000025c   Zero   RW          312    .bss                spi.o
    0x200003c8        -       0x0000024c   Zero   RW          343    .bss                uart.o
    0x20000614        -       0x00000028   Zero   RW          373    .bss                tmr.o
    0x2000063c        -       0x00000060   Zero   RW          891    .bss                c_w.l(libspace.o)
    0x2000069c   COMPRESSED   0x00000004   PAD
    0x200006a0        -       0x00000c00   Zero   RW           48    HEAP                startup_arty_cm3.o
    0x200012a0        -       0x00000400   Zero   RW           47    STACK               startup_arty_cm3.o


==============================================================================

Image component sizes


      Code (inc. data)   RO Data    RW Data    ZI Data      Debug   Object Name

       708         66          0          4         64      27281   gpio.o
      1060        552         32          1          0      26343   main.o
        20          6          0          0          0       2242   outbyte.o
        22          0          0          0          0       2736   print.o
       776         44          0          0        604       9075   spi.o
        64         26        192          0       4096        876   startup_arty_cm3.o
        24          8          0          4          0       6485   system_arty_cm3.o
       244         56          0          0         40       2579   tmr.o
       152         24          0         12        588       3376   uart.o
       576         10         75          0          0       5095   xgpio.o
         0          0          0         64          0        780   xgpio_g.o
       844         10         80          0          0       3296   xgpio_intr.o
       116         14         81          0          0       1558   xgpio_sinit.o
        52         10          0         12          0       4150   xil_assert.o
      2680         20         73          0          0      10122   xspi.o
         0          0          0        112          0        767   xspi_g.o
       116         12         79          0          0       1615   xspi_sinit.o
      1408         30         79          0          0       6400   xtmrctr.o
         0          0          0         12          0        798   xtmrctr_g.o
       288         14         84          0          0       2022   xtmrctr_intr.o
         0          0          0          2          0        718   xtmrctr_l.o
       344         18         87         56          0       2508   xtmrctr_options.o
       268         14         88          0          0       1855   xtmrctr_selftest.o
        52          6          0          0          0       1305   xtmrctr_sinit.o
       964         14         83          0          0       5570   xuartlite.o
         0          0          0         16          0        820   xuartlite_g.o
       528         10         88          0          0       3244   xuartlite_intr.o
        48          0          0          0          0       1176   xuartlite_l.o
       112         14         89          0          0       1614   xuartlite_sinit.o
       212          8         89          0          0       1562   xuartlite_stats.o

    ----------------------------------------------------------------------
     11680        986       1348        300       5392     137968   Object Totals
         0          0         32          0          0          0   (incl. Generated)
         2          0         17          5          0          0   (incl. Padding)

    ----------------------------------------------------------------------

      Code (inc. data)   RO Data    RW Data    ZI Data      Debug   Library Member Name

        90          0          0          0          0          0   __dczerorl2.o
         8          0          0          0          0         68   __main.o
       104          0          0          0          0         84   __printf.o
         0          0          0          0          0          0   __rtentry.o
        12          0          0          0          0          0   __rtentry2.o
         6          0          0          0          0          0   __rtentry4.o
        52          8          0          0          0          0   __scatter.o
        28          0          0          0          0          0   __scatter_zi.o
        44          0          0          0          0        108   _printf_char.o
        48          6          0          0          0         96   _printf_char_common.o
         6          0          0          0          0          0   _printf_d.o
       120         16          0          0          0         92   _printf_dec.o
        88          4         40          0          0         88   _printf_hex_int.o
         6          0          0          0          0          0   _printf_i.o
       178          0          0          0          0         88   _printf_intcommon.o
         0          0          0          0          0          0   _printf_percent.o
         4          0          0          0          0          0   _printf_percent_end.o
         6          0          0          0          0          0   _printf_s.o
        82          0          0          0          0         80   _printf_str.o
         6          0          0          0          0          0   _printf_x.o
        10          0          0          0          0         68   _sputc.o
        18          0          0          0          0         80   exit.o
         6          0          0          0          0        152   heapauxi.o
         0          0          0          0          0          0   indicate_semi.o
         2          0          0          0          0          0   libinit.o
         2          0          0          0          0          0   libinit2.o
         2          0          0          0          0          0   libshutdown.o
         2          0          0          0          0          0   libshutdown2.o
         8          4          0          0         96         68   libspace.o
        40          6          0          0          0         84   noretval__2sprintf.o
       100          0          0          0          0         80   rt_memcpy_w.o
         2          0          0          0          0          0   rtexit.o
        10          0          0          0          0          0   rtexit2.o
        72          0          0          0          0         80   strcpy.o
        12          4          0          0          0         68   sys_exit.o
        74          0          0          0          0         80   sys_stackheap_outer.o
         2          0          0          0          0         68   use_no_semi.o

    ----------------------------------------------------------------------
      1260         48         40          0        100       1532   Library Totals
        10          0          0          0          4          0   (incl. Padding)

    ----------------------------------------------------------------------

      Code (inc. data)   RO Data    RW Data    ZI Data      Debug   Library Name

      1250         48         40          0         96       1532   c_w.l

    ----------------------------------------------------------------------
      1260         48         40          0        100       1532   Library Totals

    ----------------------------------------------------------------------

==============================================================================


      Code (inc. data)   RO Data    RW Data    ZI Data      Debug   

     12940       1034       1388        300       5492     137520   Grand Totals
     12940       1034       1388        104       5492     137520   ELF Image Totals (compressed)
     12940       1034       1388        104          0          0   ROM Totals

==============================================================================

    Total RO  Size (Code + RO Data)                14328 (  13.99kB)
    Total RW  Size (RW Data + ZI Data)              5792 (   5.66kB)
    Total ROM Size (Code + RO Data + RW Data)      14432 (  14.09kB)

==============================================================================

