Component: ARM Compiler 5.06 update 7 (build 960) Tool: armlink [4d3601]

==============================================================================

Section Cross References

    system_arty_cm3.o(.text) refers to system_arty_cm3.o(.data) for SystemCoreClock
    startup_arty_cm3.o(STACK) refers (Special) to heapauxi.o(.text) for __use_two_region_memory
    startup_arty_cm3.o(HEAP) refers (Special) to heapauxi.o(.text) for __use_two_region_memory
    startup_arty_cm3.o(RESET) refers (Special) to heapauxi.o(.text) for __use_two_region_memory
    startup_arty_cm3.o(RESET) refers to startup_arty_cm3.o(STACK) for __initial_sp
    startup_arty_cm3.o(RESET) refers to startup_arty_cm3.o(.text) for Reset_Handler
    startup_arty_cm3.o(RESET) refers to main.o(.text) for SysTick_Handler
    startup_arty_cm3.o(RESET) refers to uart.o(.text) for UART0_Handler
    startup_arty_cm3.o(RESET) refers to gpio.o(.text) for GPIO0_Handler
    startup_arty_cm3.o(RESET) refers to spi.o(.text) for QSPI0_Handler
    startup_arty_cm3.o(.text) refers (Special) to heapauxi.o(.text) for __use_two_region_memory
    startup_arty_cm3.o(.text) refers to system_arty_cm3.o(.text) for SystemInit
    startup_arty_cm3.o(.text) refers to __main.o(!!!main) for __main
    startup_arty_cm3.o(.text) refers to startup_arty_cm3.o(HEAP) for Heap_Mem
    startup_arty_cm3.o(.text) refers to startup_arty_cm3.o(STACK) for Stack_Mem
    outbyte.o(.text) refers to xuartlite_l.o(.text) for XUartLite_SendByte
    print.o(.text) refers to outbyte.o(.text) for outbyte
    xil_assert.o(.text) refers to xil_assert.o(.data) for Xil_AssertCallbackRoutine
    main.o(.text) refers to _printf_percent.o(.ARM.Collect$$_printf_percent$$00000000) for _printf_percent
    main.o(.text) refers to _printf_x.o(.ARM.Collect$$_printf_percent$$0000000C) for _printf_x
    main.o(.text) refers to _printf_hex_int.o(.text) for _printf_longlong_hex
    main.o(.text) refers to _printf_i.o(.ARM.Collect$$_printf_percent$$00000008) for _printf_i
    main.o(.text) refers to _printf_s.o(.ARM.Collect$$_printf_percent$$00000014) for _printf_s
    main.o(.text) refers to _printf_dec.o(.text) for _printf_int_dec
    main.o(.text) refers to _printf_str.o(.text) for _printf_str
    main.o(.text) refers to rt_memcpy_w.o(.text) for __aeabi_memcpy4
    main.o(.text) refers to uart.o(.text) for InitialiseUART
    main.o(.text) refers to gpio.o(.text) for InitialiseGPIO
    main.o(.text) refers to print.o(.text) for print
    main.o(.text) refers to spi.o(.text) for InitialiseSPI
    main.o(.text) refers to strcpy.o(.text) for strcpy
    main.o(.text) refers to noretval__2sprintf.o(.text) for __2sprintf
    main.o(.text) refers to xgpio.o(.text) for XGpio_DiscreteWrite
    main.o(.text) refers to main.o(.data) for msTicks
    main.o(.text) refers to main.o(.constdata) for .constdata
    main.o(.text) refers to system_arty_cm3.o(.data) for SystemCoreClock
    main.o(.text) refers to main.o(.bss) for Gpio_Trigger
    gpio.o(.text) refers to xgpio_sinit.o(.text) for XGpio_Initialize
    gpio.o(.text) refers to xgpio.o(.text) for XGpio_SetDataDirection
    gpio.o(.text) refers to xgpio_intr.o(.text) for XGpio_InterruptEnable
    gpio.o(.text) refers to gpio.o(.bss) for Gpio_Led_DIPSw
    gpio.o(.text) refers to main.o(.bss) for Gpio_Trigger
    spi.o(.text) refers to _printf_percent.o(.ARM.Collect$$_printf_percent$$00000000) for _printf_percent
    spi.o(.text) refers to _printf_i.o(.ARM.Collect$$_printf_percent$$00000008) for _printf_i
    spi.o(.text) refers to _printf_dec.o(.text) for _printf_int_dec
    spi.o(.text) refers to xspi_sinit.o(.text) for XSpi_Initialize
    spi.o(.text) refers to xspi.o(.text) for XSpi_Reset
    spi.o(.text) refers to noretval__2sprintf.o(.text) for __2sprintf
    spi.o(.text) refers to print.o(.text) for print
    spi.o(.text) refers to spi.o(.bss) for QSPI_base
    uart.o(.text) refers to xuartlite_sinit.o(.text) for XUartLite_Initialize
    uart.o(.text) refers to xuartlite_intr.o(.text) for XUartLite_SetSendHandler
    uart.o(.text) refers to xuartlite.o(.text) for XUartLite_Recv
    uart.o(.text) refers to uart.o(.data) for TotalReceivedCount
    uart.o(.text) refers to uart.o(.bss) for UART0_instance
    xgpio.o(.text) refers to xil_assert.o(.text) for Xil_Assert
    xgpio.o(.text) refers to xil_assert.o(.data) for Xil_AssertStatus
    xgpio.o(.text) refers to xgpio.o(.conststring) for .conststring
    xgpio_extra.o(.text) refers to xil_assert.o(.text) for Xil_Assert
    xgpio_extra.o(.text) refers to xil_assert.o(.data) for Xil_AssertStatus
    xgpio_extra.o(.text) refers to xgpio_extra.o(.conststring) for .conststring
    xgpio_intr.o(.text) refers to xil_assert.o(.text) for Xil_Assert
    xgpio_intr.o(.text) refers to xil_assert.o(.data) for Xil_AssertStatus
    xgpio_intr.o(.text) refers to xgpio_intr.o(.conststring) for .conststring
    xgpio_selftest.o(.text) refers to xil_assert.o(.text) for Xil_Assert
    xgpio_selftest.o(.text) refers to xgpio.o(.text) for XGpio_DiscreteRead
    xgpio_selftest.o(.text) refers to xil_assert.o(.data) for Xil_AssertStatus
    xgpio_selftest.o(.text) refers to xgpio_selftest.o(.conststring) for .conststring
    xgpio_sinit.o(.text) refers to xil_assert.o(.text) for Xil_Assert
    xgpio_sinit.o(.text) refers to xgpio.o(.text) for XGpio_CfgInitialize
    xgpio_sinit.o(.text) refers to xgpio_g.o(.data) for XGpio_ConfigTable
    xgpio_sinit.o(.text) refers to xil_assert.o(.data) for Xil_AssertStatus
    xgpio_sinit.o(.text) refers to xgpio_sinit.o(.conststring) for .conststring
    xspi.o(.text) refers to xil_assert.o(.text) for Xil_Assert
    xspi.o(.text) refers to xil_assert.o(.data) for Xil_AssertStatus
    xspi.o(.text) refers to xspi.o(.conststring) for .conststring
    xspi_options.o(.text) refers to xil_assert.o(.text) for Xil_Assert
    xspi_options.o(.text) refers to xil_assert.o(.data) for Xil_AssertStatus
    xspi_options.o(.text) refers to xspi_options.o(.conststring) for .conststring
    xspi_options.o(.text) refers to xspi_options.o(.data) for OptionsTable
    xspi_selftest.o(.text) refers to xil_assert.o(.text) for Xil_Assert
    xspi_selftest.o(.text) refers to xspi.o(.text) for XSpi_Reset
    xspi_selftest.o(.text) refers to xil_assert.o(.data) for Xil_AssertStatus
    xspi_selftest.o(.text) refers to xspi_selftest.o(.conststring) for .conststring
    xspi_sinit.o(.text) refers to xil_assert.o(.text) for Xil_Assert
    xspi_sinit.o(.text) refers to xspi.o(.text) for XSpi_CfgInitialize
    xspi_sinit.o(.text) refers to xspi_g.o(.data) for XSpi_ConfigTable
    xspi_sinit.o(.text) refers to xil_assert.o(.data) for Xil_AssertStatus
    xspi_sinit.o(.text) refers to xspi_sinit.o(.conststring) for .conststring
    xspi_stats.o(.text) refers to xil_assert.o(.text) for Xil_Assert
    xspi_stats.o(.text) refers to xil_assert.o(.data) for Xil_AssertStatus
    xspi_stats.o(.text) refers to xspi_stats.o(.conststring) for .conststring
    xuartlite.o(.text) refers to xil_assert.o(.text) for Xil_Assert
    xuartlite.o(.text) refers to xuartlite_stats.o(.text) for XUartLite_ClearStats
    xuartlite.o(.text) refers to xuartlite.o(.conststring) for .conststring
    xuartlite.o(.text) refers to xil_assert.o(.data) for Xil_AssertStatus
    xuartlite_intr.o(.text) refers to xil_assert.o(.text) for Xil_Assert
    xuartlite_intr.o(.text) refers to xuartlite.o(.text) for XUartLite_SendBuffer
    xuartlite_intr.o(.text) refers to xil_assert.o(.data) for Xil_AssertStatus
    xuartlite_intr.o(.text) refers to xuartlite_intr.o(.conststring) for .conststring
    xuartlite_selftest.o(.text) refers to xil_assert.o(.text) for Xil_Assert
    xuartlite_selftest.o(.text) refers to xuartlite.o(.text) for XUartLite_ResetFifos
    xuartlite_selftest.o(.text) refers to xil_assert.o(.data) for Xil_AssertStatus
    xuartlite_selftest.o(.text) refers to xuartlite_selftest.o(.conststring) for .conststring
    xuartlite_sinit.o(.text) refers to xil_assert.o(.text) for Xil_Assert
    xuartlite_sinit.o(.text) refers to xuartlite.o(.text) for XUartLite_CfgInitialize
    xuartlite_sinit.o(.text) refers to xuartlite_g.o(.data) for XUartLite_ConfigTable
    xuartlite_sinit.o(.text) refers to xil_assert.o(.data) for Xil_AssertStatus
    xuartlite_sinit.o(.text) refers to xuartlite_sinit.o(.conststring) for .conststring
    xuartlite_stats.o(.text) refers to xil_assert.o(.text) for Xil_Assert
    xuartlite_stats.o(.text) refers to xil_assert.o(.data) for Xil_AssertStatus
    xuartlite_stats.o(.text) refers to xuartlite_stats.o(.conststring) for .conststring
    __2sprintf.o(.text) refers to _printf_char_common.o(.text) for _printf_char_common
    __2sprintf.o(.text) refers to _sputc.o(.text) for _sputc
    noretval__2sprintf.o(.text) refers to _printf_char_common.o(.text) for _printf_char_common
    noretval__2sprintf.o(.text) refers to _sputc.o(.text) for _sputc
    __printf.o(.text) refers to _printf_percent.o(.ARM.Collect$$_printf_percent$$00000000) for _printf_percent
    _printf_str.o(.text) refers (Special) to _printf_char.o(.text) for _printf_cs_common
    _printf_dec.o(.text) refers to _printf_intcommon.o(.text) for _printf_int_common
    _printf_hex_ll.o(.text) refers to _printf_intcommon.o(.text) for _printf_int_common
    _printf_hex_ll.o(.text) refers to _printf_hex_ll.o(.constdata) for .constdata
    _printf_hex_int.o(.text) refers to _printf_intcommon.o(.text) for _printf_int_common
    _printf_hex_int.o(.text) refers to _printf_hex_int.o(.constdata) for .constdata
    _printf_hex_int_ll.o(.text) refers to _printf_intcommon.o(.text) for _printf_int_common
    _printf_hex_int_ll.o(.text) refers to _printf_hex_int_ll.o(.constdata) for .constdata
    _printf_hex_ptr.o(.text) refers to _printf_intcommon.o(.text) for _printf_int_common
    _printf_hex_ptr.o(.text) refers to _printf_hex_ptr.o(.constdata) for .constdata
    _printf_hex_int_ptr.o(.text) refers to _printf_intcommon.o(.text) for _printf_int_common
    _printf_hex_int_ptr.o(.text) refers to _printf_hex_int_ptr.o(.constdata) for .constdata
    _printf_hex_ll_ptr.o(.text) refers to _printf_intcommon.o(.text) for _printf_int_common
    _printf_hex_ll_ptr.o(.text) refers to _printf_hex_ll_ptr.o(.constdata) for .constdata
    _printf_hex_int_ll_ptr.o(.text) refers to _printf_intcommon.o(.text) for _printf_int_common
    _printf_hex_int_ll_ptr.o(.text) refers to _printf_hex_int_ll_ptr.o(.constdata) for .constdata
    __printf_flags.o(.text) refers to _printf_percent.o(.ARM.Collect$$_printf_percent$$00000000) for _printf_percent
    __printf_flags.o(.text) refers to __printf_flags.o(.constdata) for .constdata
    __printf_ss.o(.text) refers to _printf_percent.o(.ARM.Collect$$_printf_percent$$00000000) for _printf_percent
    __printf_flags_ss.o(.text) refers to _printf_percent.o(.ARM.Collect$$_printf_percent$$00000000) for _printf_percent
    __printf_flags_ss.o(.text) refers to __printf_flags_ss.o(.constdata) for .constdata
    __printf_wp.o(.text) refers to __printf_wp.o(i._is_digit) for _is_digit
    __printf_wp.o(.text) refers to _printf_percent.o(.ARM.Collect$$_printf_percent$$00000000) for _printf_percent
    __printf_flags_wp.o(.text) refers to __printf_wp.o(i._is_digit) for _is_digit
    __printf_flags_wp.o(.text) refers to _printf_percent.o(.ARM.Collect$$_printf_percent$$00000000) for _printf_percent
    __printf_flags_wp.o(.text) refers to __printf_flags_wp.o(.constdata) for .constdata
    __printf_ss_wp.o(.text) refers to __printf_wp.o(i._is_digit) for _is_digit
    __printf_ss_wp.o(.text) refers to _printf_percent.o(.ARM.Collect$$_printf_percent$$00000000) for _printf_percent
    __printf_flags_ss_wp.o(.text) refers to __printf_wp.o(i._is_digit) for _is_digit
    __printf_flags_ss_wp.o(.text) refers to _printf_percent.o(.ARM.Collect$$_printf_percent$$00000000) for _printf_percent
    __printf_flags_ss_wp.o(.text) refers to __printf_flags_ss_wp.o(.constdata) for .constdata
    _printf_s.o(.ARM.Collect$$_printf_percent$$00000014) refers (Weak) to _printf_char.o(.text) for _printf_string
    _printf_x.o(.ARM.Collect$$_printf_percent$$0000000C) refers (Weak) to _printf_hex_int.o(.text) for _printf_int_hex
    _printf_i.o(.ARM.Collect$$_printf_percent$$00000008) refers (Weak) to _printf_dec.o(.text) for _printf_int_dec
    _printf_percent.o(.ARM.Collect$$_printf_percent$$00000000) refers (Special) to _printf_percent_end.o(.ARM.Collect$$_printf_percent$$00000017) for _printf_percent_end
    __main.o(!!!main) refers to __rtentry.o(.ARM.Collect$$rtentry$$00000000) for __rt_entry
    __rtentry.o(.ARM.Collect$$rtentry$$00000000) refers (Special) to __rtentry2.o(.ARM.Collect$$rtentry$$0000000A) for __rt_entry_li
    __rtentry.o(.ARM.Collect$$rtentry$$00000000) refers (Special) to __rtentry2.o(.ARM.Collect$$rtentry$$0000000D) for __rt_entry_main
    __rtentry.o(.ARM.Collect$$rtentry$$00000000) refers (Special) to __rtentry2.o(.ARM.Collect$$rtentry$$0000000C) for __rt_entry_postli_1
    __rtentry.o(.ARM.Collect$$rtentry$$00000000) refers (Special) to __rtentry2.o(.ARM.Collect$$rtentry$$00000009) for __rt_entry_postsh_1
    __rtentry.o(.ARM.Collect$$rtentry$$00000000) refers (Special) to __rtentry2.o(.ARM.Collect$$rtentry$$00000002) for __rt_entry_presh_1
    __rtentry.o(.ARM.Collect$$rtentry$$00000000) refers (Special) to __rtentry4.o(.ARM.Collect$$rtentry$$00000004) for __rt_entry_sh
    _printf_char_common.o(.text) refers to __printf.o(.text) for __printf
    _printf_char.o(.text) refers (Weak) to _printf_str.o(.text) for _printf_str
    __rtentry2.o(.ARM.Collect$$rtentry$$00000008) refers to boardinit2.o(.text) for _platform_post_stackheap_init
    __rtentry2.o(.ARM.Collect$$rtentry$$0000000A) refers to libinit.o(.ARM.Collect$$libinit$$00000000) for __rt_lib_init
    __rtentry2.o(.ARM.Collect$$rtentry$$0000000B) refers to boardinit3.o(.text) for _platform_post_lib_init
    __rtentry2.o(.ARM.Collect$$rtentry$$0000000D) refers to main.o(.text) for main
    __rtentry2.o(.ARM.Collect$$rtentry$$0000000D) refers to exit.o(.text) for exit
    __rtentry2.o(.ARM.exidx) refers to __rtentry2.o(.ARM.Collect$$rtentry$$00000001) for .ARM.Collect$$rtentry$$00000001
    __rtentry2.o(.ARM.exidx) refers to __rtentry2.o(.ARM.Collect$$rtentry$$00000008) for .ARM.Collect$$rtentry$$00000008
    __rtentry2.o(.ARM.exidx) refers to __rtentry2.o(.ARM.Collect$$rtentry$$0000000A) for .ARM.Collect$$rtentry$$0000000A
    __rtentry2.o(.ARM.exidx) refers to __rtentry2.o(.ARM.Collect$$rtentry$$0000000B) for .ARM.Collect$$rtentry$$0000000B
    __rtentry2.o(.ARM.exidx) refers to __rtentry2.o(.ARM.Collect$$rtentry$$0000000D) for .ARM.Collect$$rtentry$$0000000D
    __rtentry4.o(.ARM.Collect$$rtentry$$00000004) refers to sys_stackheap_outer.o(.text) for __user_setup_stackheap
    __rtentry4.o(.ARM.exidx) refers to __rtentry4.o(.ARM.Collect$$rtentry$$00000004) for .ARM.Collect$$rtentry$$00000004
    sys_stackheap_outer.o(.text) refers to libspace.o(.text) for __user_perproc_libspace
    sys_stackheap_outer.o(.text) refers to startup_arty_cm3.o(.text) for __user_initial_stackheap
    exit.o(.text) refers to rtexit.o(.ARM.Collect$$rtexit$$00000000) for __rt_exit
    libinit.o(.ARM.Collect$$libinit$$00000000) refers (Special) to libinit2.o(.ARM.Collect$$libinit$$0000002E) for __rt_lib_init_alloca_1
    libinit.o(.ARM.Collect$$libinit$$00000000) refers (Special) to libinit2.o(.ARM.Collect$$libinit$$0000002C) for __rt_lib_init_argv_1
    libinit.o(.ARM.Collect$$libinit$$00000000) refers (Special) to libinit2.o(.ARM.Collect$$libinit$$0000001B) for __rt_lib_init_atexit_1
    libinit.o(.ARM.Collect$$libinit$$00000000) refers (Special) to libinit2.o(.ARM.Collect$$libinit$$00000021) for __rt_lib_init_clock_1
    libinit.o(.ARM.Collect$$libinit$$00000000) refers (Special) to libinit2.o(.ARM.Collect$$libinit$$00000032) for __rt_lib_init_cpp_1
    libinit.o(.ARM.Collect$$libinit$$00000000) refers (Special) to libinit2.o(.ARM.Collect$$libinit$$00000030) for __rt_lib_init_exceptions_1
    libinit.o(.ARM.Collect$$libinit$$00000000) refers (Special) to libinit2.o(.ARM.Collect$$libinit$$00000002) for __rt_lib_init_fp_1
    libinit.o(.ARM.Collect$$libinit$$00000000) refers (Special) to libinit2.o(.ARM.Collect$$libinit$$0000001F) for __rt_lib_init_fp_trap_1
    libinit.o(.ARM.Collect$$libinit$$00000000) refers (Special) to libinit2.o(.ARM.Collect$$libinit$$00000023) for __rt_lib_init_getenv_1
    libinit.o(.ARM.Collect$$libinit$$00000000) refers (Special) to libinit2.o(.ARM.Collect$$libinit$$0000000A) for __rt_lib_init_heap_1
    libinit.o(.ARM.Collect$$libinit$$00000000) refers (Special) to libinit2.o(.ARM.Collect$$libinit$$00000011) for __rt_lib_init_lc_collate_1
    libinit.o(.ARM.Collect$$libinit$$00000000) refers (Special) to libinit2.o(.ARM.Collect$$libinit$$00000013) for __rt_lib_init_lc_ctype_1
    libinit.o(.ARM.Collect$$libinit$$00000000) refers (Special) to libinit2.o(.ARM.Collect$$libinit$$00000015) for __rt_lib_init_lc_monetary_1
    libinit.o(.ARM.Collect$$libinit$$00000000) refers (Special) to libinit2.o(.ARM.Collect$$libinit$$00000017) for __rt_lib_init_lc_numeric_1
    libinit.o(.ARM.Collect$$libinit$$00000000) refers (Special) to libinit2.o(.ARM.Collect$$libinit$$00000019) for __rt_lib_init_lc_time_1
    libinit.o(.ARM.Collect$$libinit$$00000000) refers (Special) to libinit2.o(.ARM.Collect$$libinit$$00000004) for __rt_lib_init_preinit_1
    libinit.o(.ARM.Collect$$libinit$$00000000) refers (Special) to libinit2.o(.ARM.Collect$$libinit$$0000000E) for __rt_lib_init_rand_1
    libinit.o(.ARM.Collect$$libinit$$00000000) refers (Special) to libinit2.o(.ARM.Collect$$libinit$$00000033) for __rt_lib_init_return
    libinit.o(.ARM.Collect$$libinit$$00000000) refers (Special) to libinit2.o(.ARM.Collect$$libinit$$0000001D) for __rt_lib_init_signal_1
    libinit.o(.ARM.Collect$$libinit$$00000000) refers (Special) to libinit2.o(.ARM.Collect$$libinit$$00000025) for __rt_lib_init_stdio_1
    libinit.o(.ARM.Collect$$libinit$$00000000) refers (Special) to libinit2.o(.ARM.Collect$$libinit$$0000000C) for __rt_lib_init_user_alloc_1
    libspace.o(.text) refers to libspace.o(.bss) for __libspace_start
    rtexit.o(.ARM.Collect$$rtexit$$00000000) refers (Special) to rtexit2.o(.ARM.Collect$$rtexit$$00000004) for __rt_exit_exit
    rtexit.o(.ARM.Collect$$rtexit$$00000000) refers (Special) to rtexit2.o(.ARM.Collect$$rtexit$$00000003) for __rt_exit_ls
    rtexit.o(.ARM.Collect$$rtexit$$00000000) refers (Special) to rtexit2.o(.ARM.Collect$$rtexit$$00000002) for __rt_exit_prels_1
    rtexit.o(.ARM.exidx) refers (Special) to rtexit2.o(.ARM.Collect$$rtexit$$00000004) for __rt_exit_exit
    rtexit.o(.ARM.exidx) refers (Special) to rtexit2.o(.ARM.Collect$$rtexit$$00000003) for __rt_exit_ls
    rtexit.o(.ARM.exidx) refers (Special) to rtexit2.o(.ARM.Collect$$rtexit$$00000002) for __rt_exit_prels_1
    rtexit.o(.ARM.exidx) refers to rtexit.o(.ARM.Collect$$rtexit$$00000000) for .ARM.Collect$$rtexit$$00000000
    libinit2.o(.ARM.Collect$$libinit$$00000010) refers to libinit2.o(.ARM.Collect$$libinit$$0000000F) for .ARM.Collect$$libinit$$0000000F
    libinit2.o(.ARM.Collect$$libinit$$00000012) refers to libinit2.o(.ARM.Collect$$libinit$$0000000F) for .ARM.Collect$$libinit$$0000000F
    libinit2.o(.ARM.Collect$$libinit$$00000014) refers to libinit2.o(.ARM.Collect$$libinit$$0000000F) for .ARM.Collect$$libinit$$0000000F
    libinit2.o(.ARM.Collect$$libinit$$00000016) refers to libinit2.o(.ARM.Collect$$libinit$$0000000F) for .ARM.Collect$$libinit$$0000000F
    libinit2.o(.ARM.Collect$$libinit$$00000018) refers to libinit2.o(.ARM.Collect$$libinit$$0000000F) for .ARM.Collect$$libinit$$0000000F
    libinit2.o(.ARM.Collect$$libinit$$00000026) refers to argv_veneer.o(.emb_text) for __ARM_argv_veneer
    libinit2.o(.ARM.Collect$$libinit$$00000027) refers to argv_veneer.o(.emb_text) for __ARM_argv_veneer
    rtexit2.o(.ARM.Collect$$rtexit$$00000003) refers to libshutdown.o(.ARM.Collect$$libshutdown$$00000000) for __rt_lib_shutdown
    rtexit2.o(.ARM.Collect$$rtexit$$00000004) refers to sys_exit.o(.text) for _sys_exit
    rtexit2.o(.ARM.exidx) refers to rtexit2.o(.ARM.Collect$$rtexit$$00000001) for .ARM.Collect$$rtexit$$00000001
    rtexit2.o(.ARM.exidx) refers to rtexit2.o(.ARM.Collect$$rtexit$$00000003) for .ARM.Collect$$rtexit$$00000003
    rtexit2.o(.ARM.exidx) refers to rtexit2.o(.ARM.Collect$$rtexit$$00000004) for .ARM.Collect$$rtexit$$00000004
    argv_veneer.o(.emb_text) refers to no_argv.o(.text) for __ARM_get_argv
    sys_exit.o(.text) refers (Special) to use_no_semi.o(.text) for __I$use$semihosting
    sys_exit.o(.text) refers (Special) to indicate_semi.o(.text) for __semihosting_library_function
    _get_argv_nomalloc.o(.text) refers (Special) to hrguard.o(.text) for __heap_region$guard
    _get_argv_nomalloc.o(.text) refers to defsig_rtmem_outer.o(.text) for __rt_SIGRTMEM
    _get_argv_nomalloc.o(.text) refers to sys_command.o(.text) for _sys_command_string
    libshutdown.o(.ARM.Collect$$libshutdown$$00000000) refers (Special) to libshutdown2.o(.ARM.Collect$$libshutdown$$00000004) for __rt_lib_shutdown_cpp_1
    libshutdown.o(.ARM.Collect$$libshutdown$$00000000) refers (Special) to libshutdown2.o(.ARM.Collect$$libshutdown$$00000002) for __rt_lib_shutdown_fini_1
    libshutdown.o(.ARM.Collect$$libshutdown$$00000000) refers (Special) to libshutdown2.o(.ARM.Collect$$libshutdown$$00000009) for __rt_lib_shutdown_fp_trap_1
    libshutdown.o(.ARM.Collect$$libshutdown$$00000000) refers (Special) to libshutdown2.o(.ARM.Collect$$libshutdown$$00000011) for __rt_lib_shutdown_heap_1
    libshutdown.o(.ARM.Collect$$libshutdown$$00000000) refers (Special) to libshutdown2.o(.ARM.Collect$$libshutdown$$00000012) for __rt_lib_shutdown_return
    libshutdown.o(.ARM.Collect$$libshutdown$$00000000) refers (Special) to libshutdown2.o(.ARM.Collect$$libshutdown$$0000000C) for __rt_lib_shutdown_signal_1
    libshutdown.o(.ARM.Collect$$libshutdown$$00000000) refers (Special) to libshutdown2.o(.ARM.Collect$$libshutdown$$00000006) for __rt_lib_shutdown_stdio_1
    libshutdown.o(.ARM.Collect$$libshutdown$$00000000) refers (Special) to libshutdown2.o(.ARM.Collect$$libshutdown$$0000000E) for __rt_lib_shutdown_user_alloc_1
    sys_command.o(.text) refers (Special) to use_no_semi.o(.text) for __I$use$semihosting
    sys_command.o(.text) refers (Special) to indicate_semi.o(.text) for __semihosting_library_function
    defsig_rtmem_outer.o(.text) refers to defsig_rtmem_inner.o(.text) for __rt_SIGRTMEM_inner
    defsig_rtmem_outer.o(.text) refers to defsig_exit.o(.text) for __sig_exit
    defsig_rtmem_formal.o(.text) refers to rt_raise.o(.text) for __rt_raise
    rt_raise.o(.text) refers to __raise.o(.text) for __raise
    rt_raise.o(.text) refers to sys_exit.o(.text) for _sys_exit
    defsig_exit.o(.text) refers to sys_exit.o(.text) for _sys_exit
    defsig_rtmem_inner.o(.text) refers to defsig_general.o(.text) for __default_signal_display
    __raise.o(.text) refers to defsig.o(CL$$defsig) for __default_signal_handler
    defsig_general.o(.text) refers to sys_wrch.o(.text) for _ttywrch
    sys_wrch.o(.text) refers (Special) to use_no_semi.o(.text) for __I$use$semihosting
    sys_wrch.o(.text) refers (Special) to indicate_semi.o(.text) for __semihosting_library_function
    defsig.o(CL$$defsig) refers to defsig_rtmem_inner.o(.text) for __rt_SIGRTMEM_inner
    defsig_abrt_inner.o(.text) refers to defsig_general.o(.text) for __default_signal_display
    defsig_fpe_inner.o(.text) refers to defsig_general.o(.text) for __default_signal_display
    defsig_rtred_inner.o(.text) refers to defsig_general.o(.text) for __default_signal_display
    defsig_stak_inner.o(.text) refers to defsig_general.o(.text) for __default_signal_display
    defsig_pvfn_inner.o(.text) refers to defsig_general.o(.text) for __default_signal_display
    defsig_cppl_inner.o(.text) refers to defsig_general.o(.text) for __default_signal_display
    defsig_segv_inner.o(.text) refers to defsig_general.o(.text) for __default_signal_display
    defsig_other.o(.text) refers to defsig_general.o(.text) for __default_signal_display


==============================================================================

Removing Unused input sections from the image.

    Removing system_arty_cm3.o(.rev16_text), (4 bytes).
    Removing system_arty_cm3.o(.revsh_text), (4 bytes).
    Removing main.o(.rev16_text), (4 bytes).
    Removing main.o(.revsh_text), (4 bytes).
    Removing gpio.o(.rev16_text), (4 bytes).
    Removing gpio.o(.revsh_text), (4 bytes).
    Removing spi.o(.rev16_text), (4 bytes).
    Removing spi.o(.revsh_text), (4 bytes).
    Removing uart.o(.rev16_text), (4 bytes).
    Removing uart.o(.revsh_text), (4 bytes).
    Removing xgpio_extra.o(.text), (300 bytes).
    Removing xgpio_extra.o(.conststring), (81 bytes).
    Removing xgpio_selftest.o(.text), (88 bytes).
    Removing xgpio_selftest.o(.conststring), (84 bytes).
    Removing xspi_options.o(.text), (292 bytes).
    Removing xspi_options.o(.conststring), (81 bytes).
    Removing xspi_options.o(.data), (40 bytes).
    Removing xspi_selftest.o(.text), (676 bytes).
    Removing xspi_selftest.o(.conststring), (82 bytes).
    Removing xspi_stats.o(.text), (208 bytes).
    Removing xspi_stats.o(.conststring), (79 bytes).
    Removing xuartlite_selftest.o(.text), (104 bytes).
    Removing xuartlite_selftest.o(.conststring), (92 bytes).

23 unused section(s) (total 2247 bytes) removed from the image.

==============================================================================

Image Symbol Table

    Local Symbols

    Symbol Name                              Value     Ov Type        Size  Object(Section)

    RESET                                    0x00000000   Section      192  startup_arty_cm3.o(RESET)
    ../clib/angel/boardlib.s                 0x00000000   Number         0  boardinit1.o ABSOLUTE
    ../clib/angel/boardlib.s                 0x00000000   Number         0  boardinit2.o ABSOLUTE
    ../clib/angel/boardlib.s                 0x00000000   Number         0  boardinit3.o ABSOLUTE
    ../clib/angel/boardlib.s                 0x00000000   Number         0  boardshut.o ABSOLUTE
    ../clib/angel/handlers.s                 0x00000000   Number         0  __scatter_copy.o ABSOLUTE
    ../clib/angel/handlers.s                 0x00000000   Number         0  __scatter_zi.o ABSOLUTE
    ../clib/angel/kernel.s                   0x00000000   Number         0  __rtentry.o ABSOLUTE
    ../clib/angel/kernel.s                   0x00000000   Number         0  __rtentry2.o ABSOLUTE
    ../clib/angel/kernel.s                   0x00000000   Number         0  __rtentry4.o ABSOLUTE
    ../clib/angel/kernel.s                   0x00000000   Number         0  rtexit2.o ABSOLUTE
    ../clib/angel/kernel.s                   0x00000000   Number         0  rtexit.o ABSOLUTE
    ../clib/angel/rt.s                       0x00000000   Number         0  rt_raise.o ABSOLUTE
    ../clib/angel/scatter.s                  0x00000000   Number         0  __scatter.o ABSOLUTE
    ../clib/angel/startup.s                  0x00000000   Number         0  __main.o ABSOLUTE
    ../clib/angel/sys.s                      0x00000000   Number         0  sys_stackheap_outer.o ABSOLUTE
    ../clib/angel/sys.s                      0x00000000   Number         0  indicate_semi.o ABSOLUTE
    ../clib/angel/sys.s                      0x00000000   Number         0  use_no_semi.o ABSOLUTE
    ../clib/angel/sys.s                      0x00000000   Number         0  libspace.o ABSOLUTE
    ../clib/angel/sysapp.c                   0x00000000   Number         0  sys_exit.o ABSOLUTE
    ../clib/angel/sysapp.c                   0x00000000   Number         0  sys_wrch.o ABSOLUTE
    ../clib/angel/sysapp.c                   0x00000000   Number         0  sys_command.o ABSOLUTE
    ../clib/armsys.c                         0x00000000   Number         0  argv_veneer.o ABSOLUTE
    ../clib/armsys.c                         0x00000000   Number         0  no_argv.o ABSOLUTE
    ../clib/armsys.c                         0x00000000   Number         0  _get_argv_nomalloc.o ABSOLUTE
    ../clib/armsys.c                         0x00000000   Number         0  argv_veneer.o ABSOLUTE
    ../clib/heapalloc.c                      0x00000000   Number         0  hrguard.o ABSOLUTE
    ../clib/heapaux.c                        0x00000000   Number         0  heapauxi.o ABSOLUTE
    ../clib/libinit.s                        0x00000000   Number         0  libinit.o ABSOLUTE
    ../clib/libinit.s                        0x00000000   Number         0  libshutdown2.o ABSOLUTE
    ../clib/libinit.s                        0x00000000   Number         0  libinit2.o ABSOLUTE
    ../clib/libinit.s                        0x00000000   Number         0  libshutdown.o ABSOLUTE
    ../clib/memcpset.s                       0x00000000   Number         0  rt_memcpy_w.o ABSOLUTE
    ../clib/printf.c                         0x00000000   Number         0  _printf_str.o ABSOLUTE
    ../clib/printf.c                         0x00000000   Number         0  _printf_dec.o ABSOLUTE
    ../clib/printf.c                         0x00000000   Number         0  __printf_nopercent.o ABSOLUTE
    ../clib/printf.c                         0x00000000   Number         0  _printf_hex_ll.o ABSOLUTE
    ../clib/printf.c                         0x00000000   Number         0  _printf_char.o ABSOLUTE
    ../clib/printf.c                         0x00000000   Number         0  _printf_hex_int.o ABSOLUTE
    ../clib/printf.c                         0x00000000   Number         0  __printf_flags_ss_wp.o ABSOLUTE
    ../clib/printf.c                         0x00000000   Number         0  __printf_ss_wp.o ABSOLUTE
    ../clib/printf.c                         0x00000000   Number         0  __printf_flags_wp.o ABSOLUTE
    ../clib/printf.c                         0x00000000   Number         0  __printf_wp.o ABSOLUTE
    ../clib/printf.c                         0x00000000   Number         0  _printf_hex_int_ll.o ABSOLUTE
    ../clib/printf.c                         0x00000000   Number         0  _sputc.o ABSOLUTE
    ../clib/printf.c                         0x00000000   Number         0  _printf_hex_ptr.o ABSOLUTE
    ../clib/printf.c                         0x00000000   Number         0  _printf_hex_int_ptr.o ABSOLUTE
    ../clib/printf.c                         0x00000000   Number         0  _printf_char_common.o ABSOLUTE
    ../clib/printf.c                         0x00000000   Number         0  _printf_hex_ll_ptr.o ABSOLUTE
    ../clib/printf.c                         0x00000000   Number         0  _printf_hex_int_ll_ptr.o ABSOLUTE
    ../clib/printf.c                         0x00000000   Number         0  __printf_flags.o ABSOLUTE
    ../clib/printf.c                         0x00000000   Number         0  _printf_intcommon.o ABSOLUTE
    ../clib/printf.c                         0x00000000   Number         0  __printf_flags_ss.o ABSOLUTE
    ../clib/printf.c                         0x00000000   Number         0  __printf_ss.o ABSOLUTE
    ../clib/printf.c                         0x00000000   Number         0  __2sprintf.o ABSOLUTE
    ../clib/printf.c                         0x00000000   Number         0  noretval__2sprintf.o ABSOLUTE
    ../clib/printf.c                         0x00000000   Number         0  __printf.o ABSOLUTE
    ../clib/printf_percent.s                 0x00000000   Number         0  _printf_s.o ABSOLUTE
    ../clib/printf_percent.s                 0x00000000   Number         0  _printf_i.o ABSOLUTE
    ../clib/printf_percent.s                 0x00000000   Number         0  _printf_percent.o ABSOLUTE
    ../clib/printf_percent.s                 0x00000000   Number         0  _printf_percent_end.o ABSOLUTE
    ../clib/printf_percent.s                 0x00000000   Number         0  _printf_x.o ABSOLUTE
    ../clib/signal.c                         0x00000000   Number         0  defsig_exit.o ABSOLUTE
    ../clib/signal.c                         0x00000000   Number         0  defsig_other.o ABSOLUTE
    ../clib/signal.c                         0x00000000   Number         0  defsig_segv_inner.o ABSOLUTE
    ../clib/signal.c                         0x00000000   Number         0  __raise.o ABSOLUTE
    ../clib/signal.c                         0x00000000   Number         0  defsig_rtmem_inner.o ABSOLUTE
    ../clib/signal.c                         0x00000000   Number         0  defsig_general.o ABSOLUTE
    ../clib/signal.c                         0x00000000   Number         0  defsig_abrt_inner.o ABSOLUTE
    ../clib/signal.c                         0x00000000   Number         0  defsig_fpe_inner.o ABSOLUTE
    ../clib/signal.c                         0x00000000   Number         0  defsig_rtmem_formal.o ABSOLUTE
    ../clib/signal.c                         0x00000000   Number         0  defsig_cppl_inner.o ABSOLUTE
    ../clib/signal.c                         0x00000000   Number         0  defsig_rtred_inner.o ABSOLUTE
    ../clib/signal.c                         0x00000000   Number         0  defsig_rtmem_outer.o ABSOLUTE
    ../clib/signal.c                         0x00000000   Number         0  defsig_pvfn_inner.o ABSOLUTE
    ../clib/signal.c                         0x00000000   Number         0  defsig_stak_inner.o ABSOLUTE
    ../clib/signal.s                         0x00000000   Number         0  defsig.o ABSOLUTE
    ../clib/stdlib.c                         0x00000000   Number         0  exit.o ABSOLUTE
    ../clib/string.c                         0x00000000   Number         0  strcpy.o ABSOLUTE
    ../fplib/fpinit.s                        0x00000000   Number         0  fpinit.o ABSOLUTE
    ..\\cmsis\\Device\\Source\\ARTY_CM3\\system_ARTY_CM3.c 0x00000000   Number         0  system_arty_cm3.o ABSOLUTE
    ..\\gpio\\gpio.c                         0x00000000   Number         0  gpio.o ABSOLUTE
    ..\\main\\main.c                         0x00000000   Number         0  main.o ABSOLUTE
    ..\\spi\\spi.c                           0x00000000   Number         0  spi.o ABSOLUTE
    ..\\uart\\uart.c                         0x00000000   Number         0  uart.o ABSOLUTE
    ..\cmsis\Device\Source\ARTY_CM3\ARM\startup_ARTY_CM3.s 0x00000000   Number         0  startup_arty_cm3.o ABSOLUTE
    ..\cmsis\Device\Source\ARTY_CM3\system_ARTY_CM3.c 0x00000000   Number         0  system_arty_cm3.o ABSOLUTE
    ..\gpio\gpio.c                           0x00000000   Number         0  gpio.o ABSOLUTE
    ..\main\main.c                           0x00000000   Number         0  main.o ABSOLUTE
    ..\sdk_workspace\standalone_bsp_0\Cortex_M3_0\libsrc\gpio_v4_3\src\xgpio.c 0x00000000   Number         0  xgpio.o ABSOLUTE
    ..\sdk_workspace\standalone_bsp_0\Cortex_M3_0\libsrc\gpio_v4_3\src\xgpio_extra.c 0x00000000   Number         0  xgpio_extra.o ABSOLUTE
    ..\sdk_workspace\standalone_bsp_0\Cortex_M3_0\libsrc\gpio_v4_3\src\xgpio_g.c 0x00000000   Number         0  xgpio_g.o ABSOLUTE
    ..\sdk_workspace\standalone_bsp_0\Cortex_M3_0\libsrc\gpio_v4_3\src\xgpio_intr.c 0x00000000   Number         0  xgpio_intr.o ABSOLUTE
    ..\sdk_workspace\standalone_bsp_0\Cortex_M3_0\libsrc\gpio_v4_3\src\xgpio_selftest.c 0x00000000   Number         0  xgpio_selftest.o ABSOLUTE
    ..\sdk_workspace\standalone_bsp_0\Cortex_M3_0\libsrc\gpio_v4_3\src\xgpio_sinit.c 0x00000000   Number         0  xgpio_sinit.o ABSOLUTE
    ..\sdk_workspace\standalone_bsp_0\Cortex_M3_0\libsrc\spi_v4_4\src\xspi.c 0x00000000   Number         0  xspi.o ABSOLUTE
    ..\sdk_workspace\standalone_bsp_0\Cortex_M3_0\libsrc\spi_v4_4\src\xspi_g.c 0x00000000   Number         0  xspi_g.o ABSOLUTE
    ..\sdk_workspace\standalone_bsp_0\Cortex_M3_0\libsrc\spi_v4_4\src\xspi_options.c 0x00000000   Number         0  xspi_options.o ABSOLUTE
    ..\sdk_workspace\standalone_bsp_0\Cortex_M3_0\libsrc\spi_v4_4\src\xspi_selftest.c 0x00000000   Number         0  xspi_selftest.o ABSOLUTE
    ..\sdk_workspace\standalone_bsp_0\Cortex_M3_0\libsrc\spi_v4_4\src\xspi_sinit.c 0x00000000   Number         0  xspi_sinit.o ABSOLUTE
    ..\sdk_workspace\standalone_bsp_0\Cortex_M3_0\libsrc\spi_v4_4\src\xspi_stats.c 0x00000000   Number         0  xspi_stats.o ABSOLUTE
    ..\sdk_workspace\standalone_bsp_0\Cortex_M3_0\libsrc\standalone_v6_7\src\outbyte.c 0x00000000   Number         0  outbyte.o ABSOLUTE
    ..\sdk_workspace\standalone_bsp_0\Cortex_M3_0\libsrc\standalone_v6_7\src\print.c 0x00000000   Number         0  print.o ABSOLUTE
    ..\sdk_workspace\standalone_bsp_0\Cortex_M3_0\libsrc\standalone_v6_7\src\xil_assert.c 0x00000000   Number         0  xil_assert.o ABSOLUTE
    ..\sdk_workspace\standalone_bsp_0\Cortex_M3_0\libsrc\uartlite_v3_2\src\xuartlite.c 0x00000000   Number         0  xuartlite.o ABSOLUTE
    ..\sdk_workspace\standalone_bsp_0\Cortex_M3_0\libsrc\uartlite_v3_2\src\xuartlite_g.c 0x00000000   Number         0  xuartlite_g.o ABSOLUTE
    ..\sdk_workspace\standalone_bsp_0\Cortex_M3_0\libsrc\uartlite_v3_2\src\xuartlite_intr.c 0x00000000   Number         0  xuartlite_intr.o ABSOLUTE
    ..\sdk_workspace\standalone_bsp_0\Cortex_M3_0\libsrc\uartlite_v3_2\src\xuartlite_l.c 0x00000000   Number         0  xuartlite_l.o ABSOLUTE
    ..\sdk_workspace\standalone_bsp_0\Cortex_M3_0\libsrc\uartlite_v3_2\src\xuartlite_selftest.c 0x00000000   Number         0  xuartlite_selftest.o ABSOLUTE
    ..\sdk_workspace\standalone_bsp_0\Cortex_M3_0\libsrc\uartlite_v3_2\src\xuartlite_sinit.c 0x00000000   Number         0  xuartlite_sinit.o ABSOLUTE
    ..\sdk_workspace\standalone_bsp_0\Cortex_M3_0\libsrc\uartlite_v3_2\src\xuartlite_stats.c 0x00000000   Number         0  xuartlite_stats.o ABSOLUTE
    ..\spi\spi.c                             0x00000000   Number         0  spi.o ABSOLUTE
    ..\uart\uart.c                           0x00000000   Number         0  uart.o ABSOLUTE
    dc.s                                     0x00000000   Number         0  dc.o ABSOLUTE
    !!!main                                  0x000000c0   Section        8  __main.o(!!!main)
    !!!scatter                               0x000000c8   Section       52  __scatter.o(!!!scatter)
    !!handler_copy                           0x000000fc   Section       26  __scatter_copy.o(!!handler_copy)
    !!handler_zi                             0x00000118   Section       28  __scatter_zi.o(!!handler_zi)
    .ARM.Collect$$_printf_percent$$00000000  0x00000134   Section        0  _printf_percent.o(.ARM.Collect$$_printf_percent$$00000000)
    .ARM.Collect$$_printf_percent$$00000008  0x00000134   Section        6  _printf_i.o(.ARM.Collect$$_printf_percent$$00000008)
    .ARM.Collect$$_printf_percent$$0000000C  0x0000013a   Section        6  _printf_x.o(.ARM.Collect$$_printf_percent$$0000000C)
    .ARM.Collect$$_printf_percent$$00000014  0x00000140   Section        6  _printf_s.o(.ARM.Collect$$_printf_percent$$00000014)
    .ARM.Collect$$_printf_percent$$00000017  0x00000146   Section        4  _printf_percent_end.o(.ARM.Collect$$_printf_percent$$00000017)
    .ARM.Collect$$libinit$$00000000          0x0000014a   Section        2  libinit.o(.ARM.Collect$$libinit$$00000000)
    .ARM.Collect$$libinit$$00000002          0x0000014c   Section        0  libinit2.o(.ARM.Collect$$libinit$$00000002)
    .ARM.Collect$$libinit$$00000004          0x0000014c   Section        0  libinit2.o(.ARM.Collect$$libinit$$00000004)
    .ARM.Collect$$libinit$$0000000A          0x0000014c   Section        0  libinit2.o(.ARM.Collect$$libinit$$0000000A)
    .ARM.Collect$$libinit$$0000000C          0x0000014c   Section        0  libinit2.o(.ARM.Collect$$libinit$$0000000C)
    .ARM.Collect$$libinit$$0000000E          0x0000014c   Section        0  libinit2.o(.ARM.Collect$$libinit$$0000000E)
    .ARM.Collect$$libinit$$00000011          0x0000014c   Section        0  libinit2.o(.ARM.Collect$$libinit$$00000011)
    .ARM.Collect$$libinit$$00000013          0x0000014c   Section        0  libinit2.o(.ARM.Collect$$libinit$$00000013)
    .ARM.Collect$$libinit$$00000015          0x0000014c   Section        0  libinit2.o(.ARM.Collect$$libinit$$00000015)
    .ARM.Collect$$libinit$$00000017          0x0000014c   Section        0  libinit2.o(.ARM.Collect$$libinit$$00000017)
    .ARM.Collect$$libinit$$00000019          0x0000014c   Section        0  libinit2.o(.ARM.Collect$$libinit$$00000019)
    .ARM.Collect$$libinit$$0000001B          0x0000014c   Section        0  libinit2.o(.ARM.Collect$$libinit$$0000001B)
    .ARM.Collect$$libinit$$0000001D          0x0000014c   Section        0  libinit2.o(.ARM.Collect$$libinit$$0000001D)
    .ARM.Collect$$libinit$$0000001F          0x0000014c   Section        0  libinit2.o(.ARM.Collect$$libinit$$0000001F)
    .ARM.Collect$$libinit$$00000021          0x0000014c   Section        0  libinit2.o(.ARM.Collect$$libinit$$00000021)
    .ARM.Collect$$libinit$$00000023          0x0000014c   Section        0  libinit2.o(.ARM.Collect$$libinit$$00000023)
    .ARM.Collect$$libinit$$00000025          0x0000014c   Section        0  libinit2.o(.ARM.Collect$$libinit$$00000025)
    .ARM.Collect$$libinit$$0000002C          0x0000014c   Section        0  libinit2.o(.ARM.Collect$$libinit$$0000002C)
    .ARM.Collect$$libinit$$0000002E          0x0000014c   Section        0  libinit2.o(.ARM.Collect$$libinit$$0000002E)
    .ARM.Collect$$libinit$$00000030          0x0000014c   Section        0  libinit2.o(.ARM.Collect$$libinit$$00000030)
    .ARM.Collect$$libinit$$00000032          0x0000014c   Section        0  libinit2.o(.ARM.Collect$$libinit$$00000032)
    .ARM.Collect$$libinit$$00000033          0x0000014c   Section        2  libinit2.o(.ARM.Collect$$libinit$$00000033)
    .ARM.Collect$$libshutdown$$00000000      0x0000014e   Section        2  libshutdown.o(.ARM.Collect$$libshutdown$$00000000)
    .ARM.Collect$$libshutdown$$00000002      0x00000150   Section        0  libshutdown2.o(.ARM.Collect$$libshutdown$$00000002)
    .ARM.Collect$$libshutdown$$00000004      0x00000150   Section        0  libshutdown2.o(.ARM.Collect$$libshutdown$$00000004)
    .ARM.Collect$$libshutdown$$00000006      0x00000150   Section        0  libshutdown2.o(.ARM.Collect$$libshutdown$$00000006)
    .ARM.Collect$$libshutdown$$00000009      0x00000150   Section        0  libshutdown2.o(.ARM.Collect$$libshutdown$$00000009)
    .ARM.Collect$$libshutdown$$0000000C      0x00000150   Section        0  libshutdown2.o(.ARM.Collect$$libshutdown$$0000000C)
    .ARM.Collect$$libshutdown$$0000000E      0x00000150   Section        0  libshutdown2.o(.ARM.Collect$$libshutdown$$0000000E)
    .ARM.Collect$$libshutdown$$00000011      0x00000150   Section        0  libshutdown2.o(.ARM.Collect$$libshutdown$$00000011)
    .ARM.Collect$$libshutdown$$00000012      0x00000150   Section        2  libshutdown2.o(.ARM.Collect$$libshutdown$$00000012)
    .ARM.Collect$$rtentry$$00000000          0x00000152   Section        0  __rtentry.o(.ARM.Collect$$rtentry$$00000000)
    .ARM.Collect$$rtentry$$00000002          0x00000152   Section        0  __rtentry2.o(.ARM.Collect$$rtentry$$00000002)
    .ARM.Collect$$rtentry$$00000004          0x00000152   Section        6  __rtentry4.o(.ARM.Collect$$rtentry$$00000004)
    .ARM.Collect$$rtentry$$00000009          0x00000158   Section        0  __rtentry2.o(.ARM.Collect$$rtentry$$00000009)
    .ARM.Collect$$rtentry$$0000000A          0x00000158   Section        4  __rtentry2.o(.ARM.Collect$$rtentry$$0000000A)
    .ARM.Collect$$rtentry$$0000000C          0x0000015c   Section        0  __rtentry2.o(.ARM.Collect$$rtentry$$0000000C)
    .ARM.Collect$$rtentry$$0000000D          0x0000015c   Section        8  __rtentry2.o(.ARM.Collect$$rtentry$$0000000D)
    .ARM.Collect$$rtexit$$00000000           0x00000164   Section        2  rtexit.o(.ARM.Collect$$rtexit$$00000000)
    .ARM.Collect$$rtexit$$00000002           0x00000166   Section        0  rtexit2.o(.ARM.Collect$$rtexit$$00000002)
    .ARM.Collect$$rtexit$$00000003           0x00000166   Section        4  rtexit2.o(.ARM.Collect$$rtexit$$00000003)
    .ARM.Collect$$rtexit$$00000004           0x0000016a   Section        6  rtexit2.o(.ARM.Collect$$rtexit$$00000004)
    .text                                    0x00000170   Section        0  system_arty_cm3.o(.text)
    .text                                    0x00000188   Section       64  startup_arty_cm3.o(.text)
    .text                                    0x000001c8   Section        0  outbyte.o(.text)
    .text                                    0x000001dc   Section        0  print.o(.text)
    .text                                    0x000001f4   Section        0  xil_assert.o(.text)
    .text                                    0x00000228   Section        0  main.o(.text)
    NVIC_EnableIRQ                           0x000004a7   Thumb Code    22  main.o(.text)
    NVIC_DisableIRQ                          0x000004bd   Thumb Code    18  main.o(.text)
    .text                                    0x00000740   Section        0  gpio.o(.text)
    NVIC_ClearPendingIRQ                     0x000008e3   Thumb Code    18  gpio.o(.text)
    .text                                    0x0000090c   Section        0  spi.o(.text)
    NVIC_ClearPendingIRQ                     0x00000bcb   Thumb Code    18  spi.o(.text)
    Xil_In32                                 0x00000bdd   Thumb Code     6  spi.o(.text)
    Xil_Out32                                0x00000be3   Thumb Code     6  spi.o(.text)
    .text                                    0x00000c14   Section        0  uart.o(.text)
    .text                                    0x00000cac   Section        0  xgpio.o(.text)
    Xil_Out32                                0x00000edd   Thumb Code     6  xgpio.o(.text)
    .text                                    0x00000eec   Section        0  xgpio_intr.o(.text)
    Xil_In32                                 0x00001223   Thumb Code     6  xgpio_intr.o(.text)
    Xil_Out32                                0x00001229   Thumb Code     6  xgpio_intr.o(.text)
    .text                                    0x00001238   Section        0  xgpio_sinit.o(.text)
    .text                                    0x000012ac   Section        0  xspi.o(.text)
    StubStatusHandler                        0x0000134b   Thumb Code    26  xspi.o(.text)
    Xil_In32                                 0x00001d11   Thumb Code     6  xspi.o(.text)
    Xil_Out32                                0x00001d17   Thumb Code     6  xspi.o(.text)
    .text                                    0x00001d24   Section        0  xspi_sinit.o(.text)
    .text                                    0x00001d98   Section        0  xuartlite.o(.text)
    StubHandler                              0x00001d99   Thumb Code    24  xuartlite.o(.text)
    Xil_In32                                 0x00002143   Thumb Code     6  xuartlite.o(.text)
    Xil_Out32                                0x00002149   Thumb Code     6  xuartlite.o(.text)
    .text                                    0x0000215c   Section        0  xuartlite_intr.o(.text)
    SendDataHandler                          0x00002225   Thumb Code    38  xuartlite_intr.o(.text)
    ReceiveDataHandler                       0x0000224b   Thumb Code    38  xuartlite_intr.o(.text)
    Xil_Out32                                0x0000235d   Thumb Code     6  xuartlite_intr.o(.text)
    .text                                    0x0000236c   Section        0  xuartlite_l.o(.text)
    .text                                    0x0000239c   Section        0  xuartlite_sinit.o(.text)
    .text                                    0x0000240c   Section        0  xuartlite_stats.o(.text)
    .text                                    0x000024e0   Section        0  noretval__2sprintf.o(.text)
    .text                                    0x00002508   Section        0  __printf.o(.text)
    .text                                    0x00002570   Section        0  _printf_str.o(.text)
    .text                                    0x000025c4   Section        0  _printf_dec.o(.text)
    .text                                    0x0000263c   Section        0  _printf_hex_int.o(.text)
    .text                                    0x00002694   Section        0  strcpy.o(.text)
    .text                                    0x000026dc   Section      100  rt_memcpy_w.o(.text)
    .text                                    0x00002740   Section        0  heapauxi.o(.text)
    .text                                    0x00002746   Section        0  _printf_intcommon.o(.text)
    .text                                    0x000027f8   Section        0  _printf_char_common.o(.text)
    _printf_input_char                       0x000027f9   Thumb Code    10  _printf_char_common.o(.text)
    .text                                    0x00002828   Section        0  _sputc.o(.text)
    .text                                    0x00002832   Section        0  _printf_char.o(.text)
    .text                                    0x0000285e   Section       74  sys_stackheap_outer.o(.text)
    .text                                    0x000028a8   Section        0  exit.o(.text)
    .text                                    0x000028bc   Section        8  libspace.o(.text)
    .text                                    0x000028c4   Section        0  sys_exit.o(.text)
    .text                                    0x000028d0   Section        2  use_no_semi.o(.text)
    .text                                    0x000028d2   Section        0  indicate_semi.o(.text)
    .constdata                               0x000028d4   Section       32  main.o(.constdata)
    .constdata                               0x000028f4   Section       40  _printf_hex_int.o(.constdata)
    uc_hextab                                0x000028f4   Data          20  _printf_hex_int.o(.constdata)
    lc_hextab                                0x00002908   Data          20  _printf_hex_int.o(.constdata)
    .conststring                             0x0000291c   Section       75  xgpio.o(.conststring)
    .conststring                             0x00002968   Section       80  xgpio_intr.o(.conststring)
    .conststring                             0x000029b8   Section       81  xgpio_sinit.o(.conststring)
    .conststring                             0x00002a0c   Section       73  xspi.o(.conststring)
    .conststring                             0x00002a58   Section       79  xspi_sinit.o(.conststring)
    .conststring                             0x00002aa8   Section       83  xuartlite.o(.conststring)
    .conststring                             0x00002afc   Section       88  xuartlite_intr.o(.conststring)
    .conststring                             0x00002b54   Section       89  xuartlite_sinit.o(.conststring)
    .conststring                             0x00002bb0   Section       89  xuartlite_stats.o(.conststring)
    .data                                    0x20000000   Section        4  system_arty_cm3.o(.data)
    .data                                    0x20000004   Section       12  xil_assert.o(.data)
    Xil_AssertCallbackRoutine                0x2000000c   Data           4  xil_assert.o(.data)
    .data                                    0x20000010   Section        8  main.o(.data)
    .data                                    0x20000018   Section       12  uart.o(.data)
    TotalReceivedCount                       0x20000018   Data           4  uart.o(.data)
    TotalSentCount                           0x2000001c   Data           4  uart.o(.data)
    BytesRx                                  0x20000020   Data           4  uart.o(.data)
    .data                                    0x20000024   Section       64  xgpio_g.o(.data)
    .data                                    0x20000064   Section      112  xspi_g.o(.data)
    .data                                    0x200000d4   Section       16  xuartlite_g.o(.data)
    .bss                                     0x200000e4   Section       16  main.o(.bss)
    .bss                                     0x200000f4   Section       48  gpio.o(.bss)
    Gpio_Led_DIPSw                           0x200000f4   Data          16  gpio.o(.bss)
    Gpio_RGBLed_PB                           0x20000104   Data          16  gpio.o(.bss)
    Gpio_DAPLink                             0x20000114   Data          16  gpio.o(.bss)
    .bss                                     0x20000124   Section      604  spi.o(.bss)
    QSPI_base                                0x20000124   Data          92  spi.o(.bss)
    QSPI_base_tx_buf                         0x20000180   Data         256  spi.o(.bss)
    QSPI_base_rx_buf                         0x20000280   Data         256  spi.o(.bss)
    .bss                                     0x20000380   Section      588  uart.o(.bss)
    UART0_instance                           0x20000380   Data          76  uart.o(.bss)
    .bss                                     0x200005cc   Section       96  libspace.o(.bss)
    HEAP                                     0x20000630   Section     3072  startup_arty_cm3.o(HEAP)
    Heap_Mem                                 0x20000630   Data        3072  startup_arty_cm3.o(HEAP)
    STACK                                    0x20001230   Section     1024  startup_arty_cm3.o(STACK)
    Stack_Mem                                0x20001230   Data        1024  startup_arty_cm3.o(STACK)
    __initial_sp                             0x20001630   Data           0  startup_arty_cm3.o(STACK)

    Global Symbols

    Symbol Name                              Value     Ov Type        Size  Object(Section)

    BuildAttributes$$THM_ISAv4$P$D$K$B$S$PE$A:L22UL41UL21$X:L11$S22US41US21$IEEE1$IW$USESV6$~STKCKD$USESV7$~SHL$OSPACE$ROPI$EBA8$UX$STANDARDLIB$REQ8$PRES8$EABIv2 0x00000000   Number         0  anon$$obj.o ABSOLUTE
    __ARM_use_no_argv                        0x00000000   Number         0  main.o ABSOLUTE
    __Vectors                                0x00000000   Data           4  startup_arty_cm3.o(RESET)
    __ARM_exceptions_init                     - Undefined Weak Reference
    __alloca_initialize                       - Undefined Weak Reference
    __arm_fini_                               - Undefined Weak Reference
    __arm_preinit_                            - Undefined Weak Reference
    __cpp_initialize__aeabi_                  - Undefined Weak Reference
    __cxa_finalize                            - Undefined Weak Reference
    __rt_locale                               - Undefined Weak Reference
    __sigvec_lookup                           - Undefined Weak Reference
    _atexit_init                              - Undefined Weak Reference
    _call_atexit_fns                          - Undefined Weak Reference
    _clock_init                               - Undefined Weak Reference
    _fp_trap_init                             - Undefined Weak Reference
    _fp_trap_shutdown                         - Undefined Weak Reference
    _get_lc_collate                           - Undefined Weak Reference
    _get_lc_ctype                             - Undefined Weak Reference
    _get_lc_monetary                          - Undefined Weak Reference
    _get_lc_numeric                           - Undefined Weak Reference
    _get_lc_time                              - Undefined Weak Reference
    _getenv_init                              - Undefined Weak Reference
    _handle_redirection                       - Undefined Weak Reference
    _init_alloc                               - Undefined Weak Reference
    _init_user_alloc                          - Undefined Weak Reference
    _initio                                   - Undefined Weak Reference
    _printf_mbtowc                            - Undefined Weak Reference
    _printf_post_padding                      - Undefined Weak Reference
    _printf_pre_padding                       - Undefined Weak Reference
    _printf_truncate_signed                   - Undefined Weak Reference
    _printf_truncate_unsigned                 - Undefined Weak Reference
    _rand_init                                - Undefined Weak Reference
    _signal_finish                            - Undefined Weak Reference
    _signal_init                              - Undefined Weak Reference
    _terminate_alloc                          - Undefined Weak Reference
    _terminate_user_alloc                     - Undefined Weak Reference
    _terminateio                              - Undefined Weak Reference
    __Vectors_End                            0x000000c0   Data           0  startup_arty_cm3.o(RESET)
    __Vectors_Size                           0x000000c0   Number         0  startup_arty_cm3.o ABSOLUTE
    __main                                   0x000000c1   Thumb Code     8  __main.o(!!!main)
    __scatterload                            0x000000c9   Thumb Code     0  __scatter.o(!!!scatter)
    __scatterload_rt2                        0x000000c9   Thumb Code    44  __scatter.o(!!!scatter)
    __scatterload_rt2_thumb_only             0x000000c9   Thumb Code     0  __scatter.o(!!!scatter)
    __scatterload_null                       0x000000d7   Thumb Code     0  __scatter.o(!!!scatter)
    __scatterload_copy                       0x000000fd   Thumb Code    26  __scatter_copy.o(!!handler_copy)
    __scatterload_zeroinit                   0x00000119   Thumb Code    28  __scatter_zi.o(!!handler_zi)
    _printf_i                                0x00000135   Thumb Code     0  _printf_i.o(.ARM.Collect$$_printf_percent$$00000008)
    _printf_percent                          0x00000135   Thumb Code     0  _printf_percent.o(.ARM.Collect$$_printf_percent$$00000000)
    _printf_x                                0x0000013b   Thumb Code     0  _printf_x.o(.ARM.Collect$$_printf_percent$$0000000C)
    _printf_s                                0x00000141   Thumb Code     0  _printf_s.o(.ARM.Collect$$_printf_percent$$00000014)
    _printf_percent_end                      0x00000147   Thumb Code     0  _printf_percent_end.o(.ARM.Collect$$_printf_percent$$00000017)
    __rt_lib_init                            0x0000014b   Thumb Code     0  libinit.o(.ARM.Collect$$libinit$$00000000)
    __rt_lib_init_alloca_1                   0x0000014d   Thumb Code     0  libinit2.o(.ARM.Collect$$libinit$$0000002E)
    __rt_lib_init_argv_1                     0x0000014d   Thumb Code     0  libinit2.o(.ARM.Collect$$libinit$$0000002C)
    __rt_lib_init_atexit_1                   0x0000014d   Thumb Code     0  libinit2.o(.ARM.Collect$$libinit$$0000001B)
    __rt_lib_init_clock_1                    0x0000014d   Thumb Code     0  libinit2.o(.ARM.Collect$$libinit$$00000021)
    __rt_lib_init_cpp_1                      0x0000014d   Thumb Code     0  libinit2.o(.ARM.Collect$$libinit$$00000032)
    __rt_lib_init_exceptions_1               0x0000014d   Thumb Code     0  libinit2.o(.ARM.Collect$$libinit$$00000030)
    __rt_lib_init_fp_1                       0x0000014d   Thumb Code     0  libinit2.o(.ARM.Collect$$libinit$$00000002)
    __rt_lib_init_fp_trap_1                  0x0000014d   Thumb Code     0  libinit2.o(.ARM.Collect$$libinit$$0000001F)
    __rt_lib_init_getenv_1                   0x0000014d   Thumb Code     0  libinit2.o(.ARM.Collect$$libinit$$00000023)
    __rt_lib_init_heap_1                     0x0000014d   Thumb Code     0  libinit2.o(.ARM.Collect$$libinit$$0000000A)
    __rt_lib_init_lc_collate_1               0x0000014d   Thumb Code     0  libinit2.o(.ARM.Collect$$libinit$$00000011)
    __rt_lib_init_lc_ctype_1                 0x0000014d   Thumb Code     0  libinit2.o(.ARM.Collect$$libinit$$00000013)
    __rt_lib_init_lc_monetary_1              0x0000014d   Thumb Code     0  libinit2.o(.ARM.Collect$$libinit$$00000015)
    __rt_lib_init_lc_numeric_1               0x0000014d   Thumb Code     0  libinit2.o(.ARM.Collect$$libinit$$00000017)
    __rt_lib_init_lc_time_1                  0x0000014d   Thumb Code     0  libinit2.o(.ARM.Collect$$libinit$$00000019)
    __rt_lib_init_preinit_1                  0x0000014d   Thumb Code     0  libinit2.o(.ARM.Collect$$libinit$$00000004)
    __rt_lib_init_rand_1                     0x0000014d   Thumb Code     0  libinit2.o(.ARM.Collect$$libinit$$0000000E)
    __rt_lib_init_return                     0x0000014d   Thumb Code     0  libinit2.o(.ARM.Collect$$libinit$$00000033)
    __rt_lib_init_signal_1                   0x0000014d   Thumb Code     0  libinit2.o(.ARM.Collect$$libinit$$0000001D)
    __rt_lib_init_stdio_1                    0x0000014d   Thumb Code     0  libinit2.o(.ARM.Collect$$libinit$$00000025)
    __rt_lib_init_user_alloc_1               0x0000014d   Thumb Code     0  libinit2.o(.ARM.Collect$$libinit$$0000000C)
    __rt_lib_shutdown                        0x0000014f   Thumb Code     0  libshutdown.o(.ARM.Collect$$libshutdown$$00000000)
    __rt_lib_shutdown_cpp_1                  0x00000151   Thumb Code     0  libshutdown2.o(.ARM.Collect$$libshutdown$$00000004)
    __rt_lib_shutdown_fini_1                 0x00000151   Thumb Code     0  libshutdown2.o(.ARM.Collect$$libshutdown$$00000002)
    __rt_lib_shutdown_fp_trap_1              0x00000151   Thumb Code     0  libshutdown2.o(.ARM.Collect$$libshutdown$$00000009)
    __rt_lib_shutdown_heap_1                 0x00000151   Thumb Code     0  libshutdown2.o(.ARM.Collect$$libshutdown$$00000011)
    __rt_lib_shutdown_return                 0x00000151   Thumb Code     0  libshutdown2.o(.ARM.Collect$$libshutdown$$00000012)
    __rt_lib_shutdown_signal_1               0x00000151   Thumb Code     0  libshutdown2.o(.ARM.Collect$$libshutdown$$0000000C)
    __rt_lib_shutdown_stdio_1                0x00000151   Thumb Code     0  libshutdown2.o(.ARM.Collect$$libshutdown$$00000006)
    __rt_lib_shutdown_user_alloc_1           0x00000151   Thumb Code     0  libshutdown2.o(.ARM.Collect$$libshutdown$$0000000E)
    __rt_entry                               0x00000153   Thumb Code     0  __rtentry.o(.ARM.Collect$$rtentry$$00000000)
    __rt_entry_presh_1                       0x00000153   Thumb Code     0  __rtentry2.o(.ARM.Collect$$rtentry$$00000002)
    __rt_entry_sh                            0x00000153   Thumb Code     0  __rtentry4.o(.ARM.Collect$$rtentry$$00000004)
    __rt_entry_li                            0x00000159   Thumb Code     0  __rtentry2.o(.ARM.Collect$$rtentry$$0000000A)
    __rt_entry_postsh_1                      0x00000159   Thumb Code     0  __rtentry2.o(.ARM.Collect$$rtentry$$00000009)
    __rt_entry_main                          0x0000015d   Thumb Code     0  __rtentry2.o(.ARM.Collect$$rtentry$$0000000D)
    __rt_entry_postli_1                      0x0000015d   Thumb Code     0  __rtentry2.o(.ARM.Collect$$rtentry$$0000000C)
    __rt_exit                                0x00000165   Thumb Code     0  rtexit.o(.ARM.Collect$$rtexit$$00000000)
    __rt_exit_ls                             0x00000167   Thumb Code     0  rtexit2.o(.ARM.Collect$$rtexit$$00000003)
    __rt_exit_prels_1                        0x00000167   Thumb Code     0  rtexit2.o(.ARM.Collect$$rtexit$$00000002)
    __rt_exit_exit                           0x0000016b   Thumb Code     0  rtexit2.o(.ARM.Collect$$rtexit$$00000004)
    SystemCoreClockUpdate                    0x00000171   Thumb Code     8  system_arty_cm3.o(.text)
    SystemInit                               0x00000179   Thumb Code     8  system_arty_cm3.o(.text)
    Reset_Handler                            0x00000189   Thumb Code     8  startup_arty_cm3.o(.text)
    NMI_Handler                              0x00000191   Thumb Code     2  startup_arty_cm3.o(.text)
    HardFault_Handler                        0x00000193   Thumb Code     2  startup_arty_cm3.o(.text)
    MemManage_Handler                        0x00000195   Thumb Code     2  startup_arty_cm3.o(.text)
    BusFault_Handler                         0x00000197   Thumb Code     2  startup_arty_cm3.o(.text)
    UsageFault_Handler                       0x00000199   Thumb Code     2  startup_arty_cm3.o(.text)
    SVC_Handler                              0x0000019b   Thumb Code     2  startup_arty_cm3.o(.text)
    DebugMon_Handler                         0x0000019d   Thumb Code     2  startup_arty_cm3.o(.text)
    PendSV_Handler                           0x0000019f   Thumb Code     2  startup_arty_cm3.o(.text)
    Unused_IRQ10                             0x000001a3   Thumb Code     0  startup_arty_cm3.o(.text)
    Unused_IRQ11                             0x000001a3   Thumb Code     0  startup_arty_cm3.o(.text)
    Unused_IRQ12                             0x000001a3   Thumb Code     0  startup_arty_cm3.o(.text)
    Unused_IRQ13                             0x000001a3   Thumb Code     0  startup_arty_cm3.o(.text)
    Unused_IRQ14                             0x000001a3   Thumb Code     0  startup_arty_cm3.o(.text)
    Unused_IRQ15                             0x000001a3   Thumb Code     0  startup_arty_cm3.o(.text)
    Unused_IRQ16                             0x000001a3   Thumb Code     0  startup_arty_cm3.o(.text)
    Unused_IRQ17                             0x000001a3   Thumb Code     0  startup_arty_cm3.o(.text)
    Unused_IRQ18                             0x000001a3   Thumb Code     0  startup_arty_cm3.o(.text)
    Unused_IRQ19                             0x000001a3   Thumb Code     0  startup_arty_cm3.o(.text)
    Unused_IRQ20                             0x000001a3   Thumb Code     0  startup_arty_cm3.o(.text)
    Unused_IRQ21                             0x000001a3   Thumb Code     0  startup_arty_cm3.o(.text)
    Unused_IRQ22                             0x000001a3   Thumb Code     0  startup_arty_cm3.o(.text)
    Unused_IRQ23                             0x000001a3   Thumb Code     0  startup_arty_cm3.o(.text)
    Unused_IRQ24                             0x000001a3   Thumb Code     0  startup_arty_cm3.o(.text)
    Unused_IRQ25                             0x000001a3   Thumb Code     0  startup_arty_cm3.o(.text)
    Unused_IRQ26                             0x000001a3   Thumb Code     0  startup_arty_cm3.o(.text)
    Unused_IRQ27                             0x000001a3   Thumb Code     0  startup_arty_cm3.o(.text)
    Unused_IRQ28                             0x000001a3   Thumb Code     0  startup_arty_cm3.o(.text)
    Unused_IRQ29                             0x000001a3   Thumb Code     0  startup_arty_cm3.o(.text)
    Unused_IRQ30                             0x000001a3   Thumb Code     0  startup_arty_cm3.o(.text)
    Unused_IRQ31                             0x000001a3   Thumb Code     0  startup_arty_cm3.o(.text)
    Unused_IRQ8                              0x000001a3   Thumb Code     0  startup_arty_cm3.o(.text)
    Unused_IRQ9                              0x000001a3   Thumb Code     0  startup_arty_cm3.o(.text)
    __user_initial_stackheap                 0x000001a5   Thumb Code    10  startup_arty_cm3.o(.text)
    outbyte                                  0x000001c9   Thumb Code    14  outbyte.o(.text)
    print                                    0x000001dd   Thumb Code    22  print.o(.text)
    Xil_Assert                               0x000001f5   Thumb Code    34  xil_assert.o(.text)
    Xil_AssertSetCallback                    0x00000217   Thumb Code     6  xil_assert.o(.text)
    XNullHandler                             0x0000021d   Thumb Code     2  xil_assert.o(.text)
    SysTick_Handler                          0x00000229   Thumb Code    12  main.o(.text)
    main                                     0x00000235   Thumb Code   602  main.o(.text)
    DAPLinkFittedn                           0x0000048f   Thumb Code    24  main.o(.text)
    InitialiseGPIO                           0x00000741   Thumb Code   166  gpio.o(.text)
    EnableGPIOInterrupts                     0x000007e7   Thumb Code    32  gpio.o(.text)
    GPIO0_Handler                            0x00000807   Thumb Code    38  gpio.o(.text)
    GPIO1_Handler                            0x0000082d   Thumb Code   140  gpio.o(.text)
    SetDAPLinkQSPIMode                       0x000008b9   Thumb Code    16  gpio.o(.text)
    IncLeds                                  0x000008c9   Thumb Code    26  gpio.o(.text)
    InitialiseSPI                            0x0000090d   Thumb Code    58  spi.o(.text)
    DisableSPIInterrupts                     0x00000947   Thumb Code    18  spi.o(.text)
    InitQSPIBaseFlash                        0x00000959   Thumb Code    76  spi.o(.text)
    WriteQSPIBaseFlash                       0x000009a5   Thumb Code   138  spi.o(.text)
    ReadQSPIBaseFlash                        0x00000a2f   Thumb Code   124  spi.o(.text)
    WriteSPIData                             0x00000aab   Thumb Code   248  spi.o(.text)
    QSPI0_Handler                            0x00000ba3   Thumb Code    10  spi.o(.text)
    DAP_QSPI0_Handler                        0x00000bad   Thumb Code    10  spi.o(.text)
    DAP_SPI0_Handler                         0x00000bb7   Thumb Code    10  spi.o(.text)
    DAP_QSPI_XIP_Handler                     0x00000bc1   Thumb Code    10  spi.o(.text)
    RecvHandler                              0x00000c15   Thumb Code     6  uart.o(.text)
    SendHandler                              0x00000c1b   Thumb Code     6  uart.o(.text)
    InitialiseUART                           0x00000c21   Thumb Code    58  uart.o(.text)
    CheckUARTRxBytes                         0x00000c5b   Thumb Code    22  uart.o(.text)
    EnableUARTInterrupts                     0x00000c71   Thumb Code    10  uart.o(.text)
    UART0_Handler                            0x00000c7b   Thumb Code    26  uart.o(.text)
    XGpio_CfgInitialize                      0x00000cad   Thumb Code    56  xgpio.o(.text)
    XGpio_SetDataDirection                   0x00000ce5   Thumb Code   126  xgpio.o(.text)
    XGpio_GetDataDirection                   0x00000d63   Thumb Code   126  xgpio.o(.text)
    XGpio_DiscreteRead                       0x00000de1   Thumb Code   126  xgpio.o(.text)
    XGpio_DiscreteWrite                      0x00000e5f   Thumb Code   126  xgpio.o(.text)
    XGpio_InterruptGlobalEnable              0x00000eed   Thumb Code   110  xgpio_intr.o(.text)
    XGpio_InterruptGlobalDisable             0x00000f5b   Thumb Code   108  xgpio_intr.o(.text)
    XGpio_InterruptEnable                    0x00000fc7   Thumb Code   124  xgpio_intr.o(.text)
    XGpio_InterruptDisable                   0x00001043   Thumb Code   124  xgpio_intr.o(.text)
    XGpio_InterruptClear                     0x000010bf   Thumb Code   124  xgpio_intr.o(.text)
    XGpio_InterruptGetEnabled                0x0000113b   Thumb Code   116  xgpio_intr.o(.text)
    XGpio_InterruptGetStatus                 0x000011af   Thumb Code   116  xgpio_intr.o(.text)
    XGpio_LookupConfig                       0x00001239   Thumb Code    38  xgpio_sinit.o(.text)
    XGpio_Initialize                         0x0000125f   Thumb Code    64  xgpio_sinit.o(.text)
    XSpi_Abort                               0x000012ad   Thumb Code    62  xspi.o(.text)
    XSpi_Reset                               0x000012eb   Thumb Code    96  xspi.o(.text)
    XSpi_CfgInitialize                       0x00001365   Thumb Code   374  xspi.o(.text)
    XSpi_Start                               0x000014db   Thumb Code   164  xspi.o(.text)
    XSpi_Stop                                0x0000157f   Thumb Code   124  xspi.o(.text)
    XSpi_Transfer                            0x000015fb   Thumb Code   872  xspi.o(.text)
    XSpi_SetSlaveSelect                      0x00001963   Thumb Code   130  xspi.o(.text)
    XSpi_GetSlaveSelect                      0x000019e5   Thumb Code    76  xspi.o(.text)
    XSpi_SetStatusHandler                    0x00001a31   Thumb Code   106  xspi.o(.text)
    XSpi_InterruptHandler                    0x00001a9b   Thumb Code   630  xspi.o(.text)
    XSpi_LookupConfig                        0x00001d25   Thumb Code    44  xspi_sinit.o(.text)
    XSpi_Initialize                          0x00001d51   Thumb Code    60  xspi_sinit.o(.text)
    XUartLite_CfgInitialize                  0x00001db1   Thumb Code    88  xuartlite.o(.text)
    XUartLite_SendBuffer                     0x00001e09   Thumb Code   126  xuartlite.o(.text)
    XUartLite_Send                           0x00001e87   Thumb Code   190  xuartlite.o(.text)
    XUartLite_ReceiveBuffer                  0x00001f45   Thumb Code   156  xuartlite.o(.text)
    XUartLite_Recv                           0x00001fe1   Thumb Code   198  xuartlite.o(.text)
    XUartLite_ResetFifos                     0x000020a7   Thumb Code   100  xuartlite.o(.text)
    XUartLite_IsSending                      0x0000210b   Thumb Code    56  xuartlite.o(.text)
    XUartLite_SetRecvHandler                 0x0000215d   Thumb Code   100  xuartlite_intr.o(.text)
    XUartLite_SetSendHandler                 0x000021c1   Thumb Code   100  xuartlite_intr.o(.text)
    XUartLite_InterruptHandler               0x00002271   Thumb Code    72  xuartlite_intr.o(.text)
    XUartLite_DisableInterrupt               0x000022b9   Thumb Code    82  xuartlite_intr.o(.text)
    XUartLite_EnableInterrupt                0x0000230b   Thumb Code    82  xuartlite_intr.o(.text)
    XUartLite_SendByte                       0x0000236d   Thumb Code    24  xuartlite_l.o(.text)
    XUartLite_RecvByte                       0x00002385   Thumb Code    24  xuartlite_l.o(.text)
    XUartLite_LookupConfig                   0x0000239d   Thumb Code    38  xuartlite_sinit.o(.text)
    XUartLite_Initialize                     0x000023c3   Thumb Code    60  xuartlite_sinit.o(.text)
    XUartLite_GetStats                       0x0000240d   Thumb Code   122  xuartlite_stats.o(.text)
    XUartLite_ClearStats                     0x00002487   Thumb Code    82  xuartlite_stats.o(.text)
    __2sprintf                               0x000024e1   Thumb Code    34  noretval__2sprintf.o(.text)
    __printf                                 0x00002509   Thumb Code   104  __printf.o(.text)
    _printf_str                              0x00002571   Thumb Code    82  _printf_str.o(.text)
    _printf_int_dec                          0x000025c5   Thumb Code   104  _printf_dec.o(.text)
    _printf_int_hex                          0x0000263d   Thumb Code    84  _printf_hex_int.o(.text)
    _printf_longlong_hex                     0x0000263d   Thumb Code     0  _printf_hex_int.o(.text)
    strcpy                                   0x00002695   Thumb Code    72  strcpy.o(.text)
    __aeabi_memcpy4                          0x000026dd   Thumb Code     0  rt_memcpy_w.o(.text)
    __aeabi_memcpy8                          0x000026dd   Thumb Code     0  rt_memcpy_w.o(.text)
    __rt_memcpy_w                            0x000026dd   Thumb Code   100  rt_memcpy_w.o(.text)
    _memcpy_lastbytes_aligned                0x00002725   Thumb Code     0  rt_memcpy_w.o(.text)
    __use_two_region_memory                  0x00002741   Thumb Code     2  heapauxi.o(.text)
    __rt_heap_escrow$2region                 0x00002743   Thumb Code     2  heapauxi.o(.text)
    __rt_heap_expand$2region                 0x00002745   Thumb Code     2  heapauxi.o(.text)
    _printf_int_common                       0x00002747   Thumb Code   178  _printf_intcommon.o(.text)
    _printf_char_common                      0x00002803   Thumb Code    32  _printf_char_common.o(.text)
    _sputc                                   0x00002829   Thumb Code    10  _sputc.o(.text)
    _printf_cs_common                        0x00002833   Thumb Code    20  _printf_char.o(.text)
    _printf_char                             0x00002847   Thumb Code    16  _printf_char.o(.text)
    _printf_string                           0x00002857   Thumb Code     8  _printf_char.o(.text)
    __user_setup_stackheap                   0x0000285f   Thumb Code    74  sys_stackheap_outer.o(.text)
    exit                                     0x000028a9   Thumb Code    18  exit.o(.text)
    __user_libspace                          0x000028bd   Thumb Code     8  libspace.o(.text)
    __user_perproc_libspace                  0x000028bd   Thumb Code     0  libspace.o(.text)
    __user_perthread_libspace                0x000028bd   Thumb Code     0  libspace.o(.text)
    _sys_exit                                0x000028c5   Thumb Code     8  sys_exit.o(.text)
    __I$use$semihosting                      0x000028d1   Thumb Code     0  use_no_semi.o(.text)
    __use_no_semihosting_swi                 0x000028d1   Thumb Code     2  use_no_semi.o(.text)
    __semihosting_library_function           0x000028d3   Thumb Code     0  indicate_semi.o(.text)
    Region$$Table$$Base                      0x00002c0c   Number         0  anon$$obj.o(Region$$Table)
    Region$$Table$$Limit                     0x00002c2c   Number         0  anon$$obj.o(Region$$Table)
    SystemCoreClock                          0x20000000   Data           4  system_arty_cm3.o(.data)
    Xil_AssertStatus                         0x20000004   Data           4  xil_assert.o(.data)
    Xil_AssertWait                           0x20000008   Data           4  xil_assert.o(.data)
    msTicks                                  0x20000010   Data           4  main.o(.data)
    returnCode                               0x20000014   Data           4  main.o(.data)
    XGpio_ConfigTable                        0x20000024   Data          64  xgpio_g.o(.data)
    XSpi_ConfigTable                         0x20000064   Data         112  xspi_g.o(.data)
    XUartLite_ConfigTable                    0x200000d4   Data          16  xuartlite_g.o(.data)
    Gpio_Trigger                             0x200000e4   Data          16  main.o(.bss)
    UARTSendBuffer                           0x200003cc   Data         256  uart.o(.bss)
    UARTReceiveBuffer                        0x200004cc   Data         256  uart.o(.bss)
    __libspace_start                         0x200005cc   Data          96  libspace.o(.bss)
    __temporary_stack_top$libspace           0x2000062c   Data           0  libspace.o(.bss)



==============================================================================

Memory Map of the image

  Image Entry point : 0x00000189

  Load Region LR_IROM1 (Base: 0x00000000, Size: 0x00002d10, Max: 0x00008000, ABSOLUTE)

    Execution Region ER_IROM1 (Exec base: 0x00000000, Load base: 0x00000000, Size: 0x00002c2c, Max: 0x00008000, ABSOLUTE)

    Exec Addr    Load Addr    Size         Type   Attr      Idx    E Section Name        Object

    0x00000000   0x00000000   0x000000c0   Data   RO           49    RESET               startup_arty_cm3.o
    0x000000c0   0x000000c0   0x00000008   Code   RO          684  * !!!main             c_w.l(__main.o)
    0x000000c8   0x000000c8   0x00000034   Code   RO          854    !!!scatter          c_w.l(__scatter.o)
    0x000000fc   0x000000fc   0x0000001a   Code   RO          856    !!handler_copy      c_w.l(__scatter_copy.o)
    0x00000116   0x00000116   0x00000002   PAD
    0x00000118   0x00000118   0x0000001c   Code   RO          858    !!handler_zi        c_w.l(__scatter_zi.o)
    0x00000134   0x00000134   0x00000000   Code   RO          677    .ARM.Collect$$_printf_percent$$00000000  c_w.l(_printf_percent.o)
    0x00000134   0x00000134   0x00000006   Code   RO          676    .ARM.Collect$$_printf_percent$$00000008  c_w.l(_printf_i.o)
    0x0000013a   0x0000013a   0x00000006   Code   RO          675    .ARM.Collect$$_printf_percent$$0000000C  c_w.l(_printf_x.o)
    0x00000140   0x00000140   0x00000006   Code   RO          674    .ARM.Collect$$_printf_percent$$00000014  c_w.l(_printf_s.o)
    0x00000146   0x00000146   0x00000004   Code   RO          695    .ARM.Collect$$_printf_percent$$00000017  c_w.l(_printf_percent_end.o)
    0x0000014a   0x0000014a   0x00000002   Code   RO          722    .ARM.Collect$$libinit$$00000000  c_w.l(libinit.o)
    0x0000014c   0x0000014c   0x00000000   Code   RO          729    .ARM.Collect$$libinit$$00000002  c_w.l(libinit2.o)
    0x0000014c   0x0000014c   0x00000000   Code   RO          731    .ARM.Collect$$libinit$$00000004  c_w.l(libinit2.o)
    0x0000014c   0x0000014c   0x00000000   Code   RO          734    .ARM.Collect$$libinit$$0000000A  c_w.l(libinit2.o)
    0x0000014c   0x0000014c   0x00000000   Code   RO          736    .ARM.Collect$$libinit$$0000000C  c_w.l(libinit2.o)
    0x0000014c   0x0000014c   0x00000000   Code   RO          738    .ARM.Collect$$libinit$$0000000E  c_w.l(libinit2.o)
    0x0000014c   0x0000014c   0x00000000   Code   RO          741    .ARM.Collect$$libinit$$00000011  c_w.l(libinit2.o)
    0x0000014c   0x0000014c   0x00000000   Code   RO          743    .ARM.Collect$$libinit$$00000013  c_w.l(libinit2.o)
    0x0000014c   0x0000014c   0x00000000   Code   RO          745    .ARM.Collect$$libinit$$00000015  c_w.l(libinit2.o)
    0x0000014c   0x0000014c   0x00000000   Code   RO          747    .ARM.Collect$$libinit$$00000017  c_w.l(libinit2.o)
    0x0000014c   0x0000014c   0x00000000   Code   RO          749    .ARM.Collect$$libinit$$00000019  c_w.l(libinit2.o)
    0x0000014c   0x0000014c   0x00000000   Code   RO          751    .ARM.Collect$$libinit$$0000001B  c_w.l(libinit2.o)
    0x0000014c   0x0000014c   0x00000000   Code   RO          753    .ARM.Collect$$libinit$$0000001D  c_w.l(libinit2.o)
    0x0000014c   0x0000014c   0x00000000   Code   RO          755    .ARM.Collect$$libinit$$0000001F  c_w.l(libinit2.o)
    0x0000014c   0x0000014c   0x00000000   Code   RO          757    .ARM.Collect$$libinit$$00000021  c_w.l(libinit2.o)
    0x0000014c   0x0000014c   0x00000000   Code   RO          759    .ARM.Collect$$libinit$$00000023  c_w.l(libinit2.o)
    0x0000014c   0x0000014c   0x00000000   Code   RO          761    .ARM.Collect$$libinit$$00000025  c_w.l(libinit2.o)
    0x0000014c   0x0000014c   0x00000000   Code   RO          765    .ARM.Collect$$libinit$$0000002C  c_w.l(libinit2.o)
    0x0000014c   0x0000014c   0x00000000   Code   RO          767    .ARM.Collect$$libinit$$0000002E  c_w.l(libinit2.o)
    0x0000014c   0x0000014c   0x00000000   Code   RO          769    .ARM.Collect$$libinit$$00000030  c_w.l(libinit2.o)
    0x0000014c   0x0000014c   0x00000000   Code   RO          771    .ARM.Collect$$libinit$$00000032  c_w.l(libinit2.o)
    0x0000014c   0x0000014c   0x00000002   Code   RO          772    .ARM.Collect$$libinit$$00000033  c_w.l(libinit2.o)
    0x0000014e   0x0000014e   0x00000002   Code   RO          792    .ARM.Collect$$libshutdown$$00000000  c_w.l(libshutdown.o)
    0x00000150   0x00000150   0x00000000   Code   RO          805    .ARM.Collect$$libshutdown$$00000002  c_w.l(libshutdown2.o)
    0x00000150   0x00000150   0x00000000   Code   RO          807    .ARM.Collect$$libshutdown$$00000004  c_w.l(libshutdown2.o)
    0x00000150   0x00000150   0x00000000   Code   RO          809    .ARM.Collect$$libshutdown$$00000006  c_w.l(libshutdown2.o)
    0x00000150   0x00000150   0x00000000   Code   RO          812    .ARM.Collect$$libshutdown$$00000009  c_w.l(libshutdown2.o)
    0x00000150   0x00000150   0x00000000   Code   RO          815    .ARM.Collect$$libshutdown$$0000000C  c_w.l(libshutdown2.o)
    0x00000150   0x00000150   0x00000000   Code   RO          817    .ARM.Collect$$libshutdown$$0000000E  c_w.l(libshutdown2.o)
    0x00000150   0x00000150   0x00000000   Code   RO          820    .ARM.Collect$$libshutdown$$00000011  c_w.l(libshutdown2.o)
    0x00000150   0x00000150   0x00000002   Code   RO          821    .ARM.Collect$$libshutdown$$00000012  c_w.l(libshutdown2.o)
    0x00000152   0x00000152   0x00000000   Code   RO          686    .ARM.Collect$$rtentry$$00000000  c_w.l(__rtentry.o)
    0x00000152   0x00000152   0x00000000   Code   RO          697    .ARM.Collect$$rtentry$$00000002  c_w.l(__rtentry2.o)
    0x00000152   0x00000152   0x00000006   Code   RO          709    .ARM.Collect$$rtentry$$00000004  c_w.l(__rtentry4.o)
    0x00000158   0x00000158   0x00000000   Code   RO          699    .ARM.Collect$$rtentry$$00000009  c_w.l(__rtentry2.o)
    0x00000158   0x00000158   0x00000004   Code   RO          700    .ARM.Collect$$rtentry$$0000000A  c_w.l(__rtentry2.o)
    0x0000015c   0x0000015c   0x00000000   Code   RO          702    .ARM.Collect$$rtentry$$0000000C  c_w.l(__rtentry2.o)
    0x0000015c   0x0000015c   0x00000008   Code   RO          703    .ARM.Collect$$rtentry$$0000000D  c_w.l(__rtentry2.o)
    0x00000164   0x00000164   0x00000002   Code   RO          726    .ARM.Collect$$rtexit$$00000000  c_w.l(rtexit.o)
    0x00000166   0x00000166   0x00000000   Code   RO          774    .ARM.Collect$$rtexit$$00000002  c_w.l(rtexit2.o)
    0x00000166   0x00000166   0x00000004   Code   RO          775    .ARM.Collect$$rtexit$$00000003  c_w.l(rtexit2.o)
    0x0000016a   0x0000016a   0x00000006   Code   RO          776    .ARM.Collect$$rtexit$$00000004  c_w.l(rtexit2.o)
    0x00000170   0x00000170   0x00000018   Code   RO            3    .text               system_arty_cm3.o
    0x00000188   0x00000188   0x00000040   Code   RO           50  * .text               startup_arty_cm3.o
    0x000001c8   0x000001c8   0x00000014   Code   RO           54    .text               outbyte.o
    0x000001dc   0x000001dc   0x00000016   Code   RO          110    .text               print.o
    0x000001f2   0x000001f2   0x00000002   PAD
    0x000001f4   0x000001f4   0x00000034   Code   RO          137    .text               xil_assert.o
    0x00000228   0x00000228   0x00000518   Code   RO          160    .text               main.o
    0x00000740   0x00000740   0x000001cc   Code   RO          243    .text               gpio.o
    0x0000090c   0x0000090c   0x00000308   Code   RO          276    .text               spi.o
    0x00000c14   0x00000c14   0x00000098   Code   RO          323    .text               uart.o
    0x00000cac   0x00000cac   0x00000240   Code   RO          348    .text               xgpio.o
    0x00000eec   0x00000eec   0x0000034c   Code   RO          396    .text               xgpio_intr.o
    0x00001238   0x00001238   0x00000074   Code   RO          422    .text               xgpio_sinit.o
    0x000012ac   0x000012ac   0x00000a78   Code   RO          435    .text               xspi.o
    0x00001d24   0x00001d24   0x00000074   Code   RO          495    .text               xspi_sinit.o
    0x00001d98   0x00001d98   0x000003c4   Code   RO          522    .text               xuartlite.o
    0x0000215c   0x0000215c   0x00000210   Code   RO          554    .text               xuartlite_intr.o
    0x0000236c   0x0000236c   0x00000030   Code   RO          567    .text               xuartlite_l.o
    0x0000239c   0x0000239c   0x00000070   Code   RO          595    .text               xuartlite_sinit.o
    0x0000240c   0x0000240c   0x000000d4   Code   RO          608    .text               xuartlite_stats.o
    0x000024e0   0x000024e0   0x00000028   Code   RO          625    .text               c_w.l(noretval__2sprintf.o)
    0x00002508   0x00002508   0x00000068   Code   RO          627    .text               c_w.l(__printf.o)
    0x00002570   0x00002570   0x00000052   Code   RO          629    .text               c_w.l(_printf_str.o)
    0x000025c2   0x000025c2   0x00000002   PAD
    0x000025c4   0x000025c4   0x00000078   Code   RO          631    .text               c_w.l(_printf_dec.o)
    0x0000263c   0x0000263c   0x00000058   Code   RO          636    .text               c_w.l(_printf_hex_int.o)
    0x00002694   0x00002694   0x00000048   Code   RO          678    .text               c_w.l(strcpy.o)
    0x000026dc   0x000026dc   0x00000064   Code   RO          680    .text               c_w.l(rt_memcpy_w.o)
    0x00002740   0x00002740   0x00000006   Code   RO          682    .text               c_w.l(heapauxi.o)
    0x00002746   0x00002746   0x000000b2   Code   RO          687    .text               c_w.l(_printf_intcommon.o)
    0x000027f8   0x000027f8   0x00000030   Code   RO          689    .text               c_w.l(_printf_char_common.o)
    0x00002828   0x00002828   0x0000000a   Code   RO          691    .text               c_w.l(_sputc.o)
    0x00002832   0x00002832   0x0000002c   Code   RO          693    .text               c_w.l(_printf_char.o)
    0x0000285e   0x0000285e   0x0000004a   Code   RO          713    .text               c_w.l(sys_stackheap_outer.o)
    0x000028a8   0x000028a8   0x00000012   Code   RO          715    .text               c_w.l(exit.o)
    0x000028ba   0x000028ba   0x00000002   PAD
    0x000028bc   0x000028bc   0x00000008   Code   RO          723    .text               c_w.l(libspace.o)
    0x000028c4   0x000028c4   0x0000000c   Code   RO          784    .text               c_w.l(sys_exit.o)
    0x000028d0   0x000028d0   0x00000002   Code   RO          795    .text               c_w.l(use_no_semi.o)
    0x000028d2   0x000028d2   0x00000000   Code   RO          797    .text               c_w.l(indicate_semi.o)
    0x000028d2   0x000028d2   0x00000002   PAD
    0x000028d4   0x000028d4   0x00000020   Data   RO          162    .constdata          main.o
    0x000028f4   0x000028f4   0x00000028   Data   RO          637    .constdata          c_w.l(_printf_hex_int.o)
    0x0000291c   0x0000291c   0x0000004b   Data   RO          349    .conststring        xgpio.o
    0x00002967   0x00002967   0x00000001   PAD
    0x00002968   0x00002968   0x00000050   Data   RO          397    .conststring        xgpio_intr.o
    0x000029b8   0x000029b8   0x00000051   Data   RO          423    .conststring        xgpio_sinit.o
    0x00002a09   0x00002a09   0x00000003   PAD
    0x00002a0c   0x00002a0c   0x00000049   Data   RO          436    .conststring        xspi.o
    0x00002a55   0x00002a55   0x00000003   PAD
    0x00002a58   0x00002a58   0x0000004f   Data   RO          496    .conststring        xspi_sinit.o
    0x00002aa7   0x00002aa7   0x00000001   PAD
    0x00002aa8   0x00002aa8   0x00000053   Data   RO          523    .conststring        xuartlite.o
    0x00002afb   0x00002afb   0x00000001   PAD
    0x00002afc   0x00002afc   0x00000058   Data   RO          555    .conststring        xuartlite_intr.o
    0x00002b54   0x00002b54   0x00000059   Data   RO          596    .conststring        xuartlite_sinit.o
    0x00002bad   0x00002bad   0x00000003   PAD
    0x00002bb0   0x00002bb0   0x00000059   Data   RO          609    .conststring        xuartlite_stats.o
    0x00002c09   0x00002c09   0x00000003   PAD
    0x00002c0c   0x00002c0c   0x00000020   Data   RO          852    Region$$Table       anon$$obj.o


    Execution Region RW_IRAM1 (Exec base: 0x20000000, Load base: 0x00002c2c, Size: 0x00001630, Max: 0x00008000, ABSOLUTE)

    Exec Addr    Load Addr    Size         Type   Attr      Idx    E Section Name        Object

    0x20000000   0x00002c2c   0x00000004   Data   RW            4    .data               system_arty_cm3.o
    0x20000004   0x00002c30   0x0000000c   Data   RW          138    .data               xil_assert.o
    0x20000010   0x00002c3c   0x00000008   Data   RW          163    .data               main.o
    0x20000018   0x00002c44   0x0000000c   Data   RW          325    .data               uart.o
    0x20000024   0x00002c50   0x00000040   Data   RW          387    .data               xgpio_g.o
    0x20000064   0x00002c90   0x00000070   Data   RW          458    .data               xspi_g.o
    0x200000d4   0x00002d00   0x00000010   Data   RW          545    .data               xuartlite_g.o
    0x200000e4        -       0x00000010   Zero   RW          161    .bss                main.o
    0x200000f4        -       0x00000030   Zero   RW          244    .bss                gpio.o
    0x20000124        -       0x0000025c   Zero   RW          277    .bss                spi.o
    0x20000380        -       0x0000024c   Zero   RW          324    .bss                uart.o
    0x200005cc        -       0x00000060   Zero   RW          724    .bss                c_w.l(libspace.o)
    0x2000062c   0x00002d10   0x00000004   PAD
    0x20000630        -       0x00000c00   Zero   RW           48    HEAP                startup_arty_cm3.o
    0x20001230        -       0x00000400   Zero   RW           47    STACK               startup_arty_cm3.o


==============================================================================

Image component sizes


      Code (inc. data)   RO Data    RW Data    ZI Data      Debug   Object Name

       460         24          0          0         48      24951   gpio.o
      1304        626         32          8         16      27303   main.o
        20          6          0          0          0       2214   outbyte.o
        22          0          0          0          0       2712   print.o
       776         44          0          0        604      10699   spi.o
        64         26        192          0       4096        876   startup_arty_cm3.o
        24          8          0          4          0       6473   system_arty_cm3.o
       152         24          0         12        588       3376   uart.o
       576         10         75          0          0       5095   xgpio.o
         0          0          0         64          0        780   xgpio_g.o
       844         10         80          0          0       3296   xgpio_intr.o
       116         14         81          0          0       1558   xgpio_sinit.o
        52         10          0         12          0       4142   xil_assert.o
      2680         20         73          0          0      10122   xspi.o
         0          0          0        112          0        767   xspi_g.o
       116         12         79          0          0       1615   xspi_sinit.o
       964         14         83          0          0       5570   xuartlite.o
         0          0          0         16          0        820   xuartlite_g.o
       528         10         88          0          0       3244   xuartlite_intr.o
        48          0          0          0          0       1176   xuartlite_l.o
       112         14         89          0          0       1614   xuartlite_sinit.o
       212          8         89          0          0       1562   xuartlite_stats.o

    ----------------------------------------------------------------------
      9072        880       1008        228       5352     119965   Object Totals
         0          0         32          0          0          0   (incl. Generated)
         2          0         15          0          0          0   (incl. Padding)

    ----------------------------------------------------------------------

      Code (inc. data)   RO Data    RW Data    ZI Data      Debug   Library Member Name

         8          0          0          0          0         68   __main.o
       104          0          0          0          0         84   __printf.o
         0          0          0          0          0          0   __rtentry.o
        12          0          0          0          0          0   __rtentry2.o
         6          0          0          0          0          0   __rtentry4.o
        52          8          0          0          0          0   __scatter.o
        26          0          0          0          0          0   __scatter_copy.o
        28          0          0          0          0          0   __scatter_zi.o
        44          0          0          0          0        108   _printf_char.o
        48          6          0          0          0         96   _printf_char_common.o
       120         16          0          0          0         92   _printf_dec.o
        88          4         40          0          0         88   _printf_hex_int.o
         6          0          0          0          0          0   _printf_i.o
       178          0          0          0          0         88   _printf_intcommon.o
         0          0          0          0          0          0   _printf_percent.o
         4          0          0          0          0          0   _printf_percent_end.o
         6          0          0          0          0          0   _printf_s.o
        82          0          0          0          0         80   _printf_str.o
         6          0          0          0          0          0   _printf_x.o
        10          0          0          0          0         68   _sputc.o
        18          0          0          0          0         80   exit.o
         6          0          0          0          0        152   heapauxi.o
         0          0          0          0          0          0   indicate_semi.o
         2          0          0          0          0          0   libinit.o
         2          0          0          0          0          0   libinit2.o
         2          0          0          0          0          0   libshutdown.o
         2          0          0          0          0          0   libshutdown2.o
         8          4          0          0         96         68   libspace.o
        40          6          0          0          0         84   noretval__2sprintf.o
       100          0          0          0          0         80   rt_memcpy_w.o
         2          0          0          0          0          0   rtexit.o
        10          0          0          0          0          0   rtexit2.o
        72          0          0          0          0         80   strcpy.o
        12          4          0          0          0         68   sys_exit.o
        74          0          0          0          0         80   sys_stackheap_outer.o
         2          0          0          0          0         68   use_no_semi.o

    ----------------------------------------------------------------------
      1188         48         40          0        100       1532   Library Totals
         8          0          0          0          4          0   (incl. Padding)

    ----------------------------------------------------------------------

      Code (inc. data)   RO Data    RW Data    ZI Data      Debug   Library Name

      1180         48         40          0         96       1532   c_w.l

    ----------------------------------------------------------------------
      1188         48         40          0        100       1532   Library Totals

    ----------------------------------------------------------------------

==============================================================================


      Code (inc. data)   RO Data    RW Data    ZI Data      Debug   

     10260        928       1048        228       5452     119777   Grand Totals
     10260        928       1048        228       5452     119777   ELF Image Totals
     10260        928       1048        228          0          0   ROM Totals

==============================================================================

    Total RO  Size (Code + RO Data)                11308 (  11.04kB)
    Total RW  Size (RW Data + ZI Data)              5680 (   5.55kB)
    Total ROM Size (Code + RO Data + RW Data)      11536 (  11.27kB)

==============================================================================

